#
# ADflow, multiblock structured flow solver
#
# This code solves the 3D RANS, laminar NS or Euler equations
# on multiblock structured hexahedral grids.
# This is a parallel executable running on 4 processors.
# It has been compiled with the following options:
# - Optimized mode.
# - Size of standard integers: 4 bytes.
# - Size of standard floating point types: 8 bytes.
# - With cgns support
# - With support for signals.
#
+----------------------------------------+
|          All ADFLOW Options:           |
+----------------------------------------+
{'ADPC': False,
 'ANKADPC': False,
 'ANKAMGLevels': 2,
 'ANKAMGNSmooth': 1,
 'ANKASMOverlap': 1,
 'ANKASMOverlapCoarse': 0,
 'ANKCFL0': 5.0,
 'ANKCFLCutback': 0.5,
 'ANKCFLExponent': 0.5,
 'ANKCFLFactor': 10.0,
 'ANKCFLLimit': 100000.0,
 'ANKCFLMin': 1.0,
 'ANKCFLReset': True,
 'ANKCharTimeStepType': 'None',
 'ANKConstCFLStep': 0.4,
 'ANKCoupledSwitchTol': 1e-16,
 'ANKGlobalPreconditioner': 'additive Schwarz',
 'ANKInnerPreconIts': 1,
 'ANKInnerPreconItsCoarse': 1,
 'ANKJacobianLag': 10,
 'ANKLinResMax': 0.1,
 'ANKLinearSolveBuffer': 0.01,
 'ANKLinearSolveTol': 0.05,
 'ANKMaxIter': 40,
 'ANKNSubiterTurb': 1,
 'ANKOuterPreconIts': 1,
 'ANKPCILUFill': 2,
 'ANKPCILUFillCoarse': 0,
 'ANKPCUpdateCutoff': 1e-16,
 'ANKPCUpdateTol': 0.5,
 'ANKPCUpdateTolAfterCutoff': 0.0001,
 'ANKPhysicalLSTol': 0.2,
 'ANKPhysicalLSTolTurb': 0.99,
 'ANKSecondOrdSwitchTol': 1e-16,
 'ANKStepFactor': 1.0,
 'ANKStepMin': 0.01,
 'ANKSubspaceSize': -1,
 'ANKSwitchTol': 1000.0,
 'ANKTurbCFLScale': 1.0,
 'ANKTurbKSPDebug': False,
 'ANKUnsteadyLSTol': 1.0,
 'ANKUseApproxSA': False,
 'ANKUseFullVisc': True,
 'ANKUseMatrixFree': True,
 'ANKUseTurbDADI': True,
 'ASMOverlap': 1,
 'ASMOverlapCoarse': 0,
 'CFL': 1.0,
 'CFLCoarse': 1.0,
 'CFLLimit': 1.5,
 'GMRESOrthogonalizationType': 'modified Gram-Schmidt',
 'ILUFill': 2,
 'ILUFillCoarse': 0,
 'L2Convergence': 1e-12,
 'L2ConvergenceCoarse': 0.01,
 'L2ConvergenceRel': 1e-16,
 'MGCycle': 'sg',
 'MGStartLevel': -1,
 'NKADPC': False,
 'NKAMGLevels': 2,
 'NKAMGNSmooth': 1,
 'NKASMOverlap': 1,
 'NKASMOverlapCoarse': 0,
 'NKFixedStep': 0.25,
 'NKGlobalPreconditioner': 'additive Schwarz',
 'NKInnerPreconIts': 1,
 'NKInnerPreconItsCoarse': 1,
 'NKJacobianLag': 20,
 'NKLS': 'cubic',
 'NKLinearSolveTol': 0.3,
 'NKOuterPreconIts': 1,
 'NKPCILUFill': 2,
 'NKPCILUFillCoarse': 0,
 'NKSubspaceSize': 60,
 'NKSwitchTol': 1e-05,
 'NKUseEW': True,
 'NKViscPC': False,
 'RKReset': False,
 'SAKappa': 0.41,
 'SAcb1': 0.1355,
 'SAcb2': 0.622,
 'SAcrot': 2.0,
 'SAct1': 1.0,
 'SAct2': 2.0,
 'SAct3': 1.2,
 'SAct4': 0.5,
 'SAcv1': 7.1,
 'SAcw2': 0.3,
 'SAcw3': 2.0,
 'SAsigma': 0.66666666667,
 'TSStability': False,
 'acousticScaleFactor': 1.0,
 'adjointAMGLevels': 2,
 'adjointAMGNSmooth': 1,
 'adjointDivTol': 100000.0,
 'adjointL2Convergence': 1e-06,
 'adjointL2ConvergenceAbs': 1e-16,
 'adjointL2ConvergenceRel': 1e-16,
 'adjointMaxIter': 500,
 'adjointMaxL2DeviationFactor': 1.0,
 'adjointMonitorStep': 10,
 'adjointSolver': 'GMRES',
 'adjointSubspaceSize': 100,
 'alphaFollowing': True,
 'alphaMode': False,
 'altitudeMode': False,
 'applyAdjointPCSubspaceSize': 20,
 'applyPCSubspaceSize': 10,
 'approxPC': True,
 'backgroundVolScale': 1.0,
 'betaMode': False,
 'blockSplitting': True,
 'cavExponent': 0,
 'cavSensorOffset': 0.0,
 'cavSensorSharpness': 10.0,
 'cavitationNumber': 1.4,
 'closedSurfaceFamilies': None,
 'coarseDiscretization': 'upwind',
 'computeCavitation': False,
 'computeSepSensorKs': False,
 'coupledSolution': False,
 'cpMinRho': 100.0,
 'cutCallback': None,
 'debugZipper': False,
 'deltaT': 0.01,
 'designSurfaceFamily': None,
 'discretization': 'upwind',
 'dissContMagnitude': 1.0,
 'dissContMidpoint': 3.0,
 'dissContSharpness': 3.0,
 'dissipationLumpingParameter': 6.0,
 'dissipationScalingExponent': 0.67,
 'eddyVisInfRatio': 0.009,
 'equationMode': 'steady',
 'equationType': 'laminar NS',
 'eulerWallTreatment': 'linear pressure extrapolation',
 'explicitSurfaceCallback': None,
 'firstRun': True,
 'flowType': 'external',
 'forcesAsTractions': True,
 'frozenTurbulence': False,
 'globalPreconditioner': 'additive Schwarz',
 'gridFile': './meshes/fp_l1_rebunch_fixed_inout.cgns',
 'gridPrecision': 'double',
 'gridPrecisionSurface': 'single',
 'infChangeCorrection': True,
 'infChangeCorrectionTol': 1e-12,
 'infChangeCorrectionType': 'offset',
 'innerPreconIts': 1,
 'innerPreconItsCoarse': 1,
 'isoVariables': [],
 'isosurface': {},
 'liftIndex': 2,
 'limiter': 'van Albada',
 'loadBalanceIter': 10,
 'loadImbalance': 0.1,
 'localPreconditioner': 'ILU',
 'lowSpeedPreconditioner': False,
 'machMode': False,
 'matrixOrdering': 'RCM',
 'maxL2DeviationFactor': 1.0,
 'meshMaxSkewness': 1.0,
 'meshSurfaceFamily': None,
 'monitorVariables': ['resrho', 'resmom', 'resrhoe', 'yplus'],
 'nCycles': 5000,
 'nCyclesCoarse': 500,
 'nFloodIter': -1,
 'nRKReset': 5,
 'nRefine': 10,
 'nSaveSurface': 1,
 'nSaveVolume': 1,
 'nSubiter': 1,
 'nSubiterTurb': 3,
 'nTimeStepsCoarse': 48,
 'nTimeStepsFine': 400,
 'nearWallDist': 0.1,
 'numberSolutions': True,
 'outerPreconIts': 3,
 'outputDirectory': 'output',
 'outputSurfaceFamily': 'allSurfaces',
 'overlapFactor': 0.9,
 'oversetDebugPrint': False,
 'oversetLoadBalance': True,
 'oversetPriority': {},
 'oversetProjTol': 1e-12,
 'oversetUpdateMode': 'frozen',
 'pMode': False,
 'partitionLikeNProc': -1,
 'partitionOnly': False,
 'preconditionerSide': 'right',
 'printAllOptions': True,
 'printBadlySkewedCells': False,
 'printIntro': True,
 'printIterations': True,
 'printNegativeVolumes': False,
 'printTiming': True,
 'printWarnings': True,
 'qMode': False,
 'rMode': False,
 'recomputeOverlapMatrix': True,
 'resAveraging': 'alternate',
 'restartAdjoint': True,
 'restartFile': None,
 'restrictionRelaxation': 0.8,
 'saVariant': 'SA',
 'selfZipCutoff': 120.0,
 'sepSensorKsOffset': 0.0,
 'sepSensorKsPhi': 90.0,
 'sepSensorKsRho': 1000.0,
 'sepSensorKsSharpness': 25.0,
 'sepSensorOffset': 0.0,
 'sepSensorSharpness': 10.0,
 'setMonitor': True,
 'skipAfterFailedAdjoint': True,
 'smoothParameter': 1.5,
 'smoother': 'DADI',
 'solutionPrecision': 'single',
 'solutionPrecisionSurface': 'single',
 'storeConvHist': True,
 'storeRindLayer': True,
 'surfaceVariables': ['cf',
                      'cfx',
                      'cfy',
                      'cfz',
                      'p',
                      'vx',
                      'vy',
                      'vz',
                      'temp',
                      'rho',
                      'mach',
                      'yplus',
                      'ch'],
 'timeAccuracy': 2,
 'timeIntegrationScheme': 'BDF',
 'timeIntervals': 1,
 'timeLimit': -1.0,
 'turbResScale': 10000.0,
 'turbulenceModel': 'SA',
 'turbulenceOrder': 'first order',
 'turbulenceProduction': 'strain',
 'updateWallAssociations': False,
 'useALE': True,
 'useANKSolver': True,
 'useApproxWallDistance': True,
 'useBlockettes': True,
 'useDiagTSPC': True,
 'useDissContinuation': False,
 'useExternalDynamicMesh': False,
 'useGridMotion': False,
 'useLinResMonitor': False,
 'useMatrixFreedrdw': True,
 'useNKSolver': True,
 'useOversetWallScaling': False,
 'useQCR': False,
 'useRotationSA': False,
 'useSkewnessCheck': False,
 'useTSInterpolatedGridVelocity': False,
 'useWallFunctions': False,
 'useZipperMesh': True,
 'useft2SA': True,
 'verifyExtra': True,
 'verifySpatial': True,
 'verifyState': True,
 'vis2': 0.25,
 'vis2Coarse': 0.5,
 'vis4': 0.0156,
 'viscPC': False,
 'viscWallTreatment': 'constant pressure extrapolation',
 'viscousSurfaceVelocities': True,
 'volumeVariables': ['resrho'],
 'wallDistCutoff': 1e+20,
 'windAxis': False,
 'writeSolutionDigits': 3,
 'writeSolutionEachIter': False,
 'writeSurfaceSolution': True,
 'writeTecplotSurfaceSolution': True,
 'writeVolumeSolution': True,
 'zipperSurfaceFamily': None}
-> Alpha... 0.000000 
#
#                      Warning
# Zone blk-1, boundary subface BC7
# BC data set Temperature: No units specified, assuming SI units
#
#
#                      Warning
# Zone blk-1, boundary subface BC8
# BC data set PressureStagnation: No units specified, assuming SI units
#
#
#                      Warning
# Zone blk-1, boundary subface BC8
# BC data set TemperatureStagnation: No units specified, assuming SI units
#
#
#                      Warning
# Zone blk-1, boundary subface BC8
# BC data set VelocityUnitVectorX: No units specified, assuming SI units
#
#
#                      Warning
# Zone blk-1, boundary subface BC8
# BC data set VelocityUnitVectorY: No units specified, assuming SI units
#
#
#                      Warning
# Zone blk-1, boundary subface BC8
# BC data set VelocityUnitVectorZ: No units specified, assuming SI units
#
#
#                      Warning
# Zone blk-1, boundary subface BC9
# BC data set Pressure: No units specified, assuming SI units
#
#
#                      Warning
# It is assumed that the grid is given in meters.
#
#
# Specified load imbalance tolerance 0.100 achieved.
# Continuing with 0.000 load imbalance for the cells and 0.000 for the faces
#
#
# Grid level: 1, Total number of cells: 16128
#
+--------------------------------------------------+
  CGNS Surface Families by Boundary Condition Type
+--------------------------------------------------+
| Wall Types           : wall_viscous_iso 
| Inflow Types         : inflow_subsonic 
| Outflow Types        : outflow_subsonic 
| Symmetry Types       : sym_plane 
| Farfield Types       : farfield 
| Overset Types        : 
+--------------------------------------------------+
+--------------------------------------------------+
|
| Initialization Times:
|
| Library Load Time             :      0.008 sec
| Set Defaults Time             :      0.000 sec
| Base Class Init Time          :      0.000 sec
| Introductory Time             :      0.001 sec
| Partitioning Time             :      0.005 sec
| Preprocessing Time            :      0.049 sec
| Family Setup Time             :      0.000 sec
| Cut Callback Time             :      0.000 sec
| Explicit Surface Cut Time     :      0.000 sec
| Overset Preprocessing Time    :      0.000 sec
| Initialize Flow Time          :      0.002 sec
|
| Total Init Time               :      0.066 sec
+--------------------------------------------------+
+----------------------------------------------------------------------+
|  Switching to Aero Problem: flat_plate_heat                          |
+----------------------------------------------------------------------+

+------------------------------------------------------------------------------+
| pyADFLOW Warning: 'zipperSurfaceFamily' option was not given. Using all wall |
| boundary conditions for the zipper mesh.                                     |
+------------------------------------------------------------------------------+

-> Alpha... 0.000000 
+----------------------------------------+
|      All Modified ADFLOW Options:      |
+----------------------------------------+
{'CFL': 1.0,
 'L2Convergence': 1e-12,
 'coarseDiscretization': 'upwind',
 'discretization': 'upwind',
 'equationType': 'laminar NS',
 'gridFile': './meshes/fp_l1_rebunch_fixed_inout.cgns',
 'monitorVariables': ['resrho', 'resmom', 'resrhoe', 'yplus'],
 'nCycles': 5000,
 'outputDirectory': 'output',
 'surfaceVariables': ['cf',
                      'cfx',
                      'cfy',
                      'cfz',
                      'p',
                      'vx',
                      'vy',
                      'vz',
                      'temp',
                      'rho',
                      'mach',
                      'yplus',
                      'ch'],
 'turbResScale': 10000.0,
 'useNKSolver': True,
 'writeTecplotSurfaceSolution': True}
#
# Grid 1: Performing 5000 iterations, unless converged earlier. Minimum required iteration before NK switch:      5. Switch to NK at totalR of:   2.79E-01
#
#--------------------------------------------------------------------------------------------------------------------------------------------------------------------------------------------------------------
#  Grid  | Iter | Iter |  Iter  |   CFL   | Step | Lin  |        Res rho         |        Res rhou        |        Res rhov        |        Res rhow        |        Res rhoE        |        totalRes        |
#  level |      | Tot  |  Type  |         |      | Res  |                        |                        |                        |                        |                        |                        |
#--------------------------------------------------------------------------------------------------------------------------------------------------------------------------------------------------------------
      1       0      0     None     ----    ----   ----   5.8571131923407180E-14   2.8280089726333593E+01   1.2124419128697455E-02   4.7257356553731353E-14   2.1784697969424673E+02   2.7897849879962370E+04 
      1       1      3     *ANK   5.00E+00  1.00  0.001   4.3229460366764549E+01   1.6103090677446179E+01   1.8388135325179771E+01   3.6613839060627423E-14   6.9198769660089283E+01   1.0816821365487613E+04 
      1       2      6     *ANK   2.05E+01  1.00  0.016   4.5312843070989302E+01   8.8085208408648832E+00   5.7038934853814274E+00   2.5247357777117536E-14   1.7817251875814083E+01   6.3254145326217067E+03 
      1       3     10      ANK   2.05E+01  1.00  0.030   3.6952468714495978E+01   7.4005785822884063E+00   2.6038556443807042E+00   5.4433280228318759E-13   8.0988002302612561E+00   4.9064286480976170E+03 
      1       4     14     *ANK   7.21E+01  1.00  0.032   2.8042509872842121E+01   5.3120607806662452E+00   1.0721961889377785E+00   1.7252145902752840E-12   7.1506854218856022E+00   3.7391278436069365E+03 
      1       5     19      ANK   7.21E+01  1.00  0.025   2.3823095484636692E+01   3.8381603120758654E+00   8.1631166483793949E-01   1.5288020472927165E-12   4.2186338644660140E+00   3.1126592262787135E+03 
      1       6     23      ANK   7.21E+01  1.00  0.049   1.6199489311086030E+01   3.4339628408031553E+00   7.6082248704881328E-01   8.6785573188228503E-13   2.5178252147797706E+00   2.1293488965266156E+03 
      1       7     28     *ANK   2.65E+02  1.00  0.047   8.9895673294563316E+00   2.3111916689991259E+00   9.5799651318234003E-01   2.0579951233647951E-12   2.7377384488054548E+00   1.2349797213538179E+03 
      1       8     33      ANK   2.65E+02  1.00  0.037   5.5642852400926301E+00   1.4953886609434162E+00   4.6614485634912067E-01   1.7627237351071134E-12   1.1329737817472836E+00   7.4807448957867064E+02 
      1       9     40     *ANK   1.18E+03  1.00  0.039   2.7453896132866125E+00   5.9599620943335840E-01   1.3039920781131884E+00   2.2349900244973574E-11   1.1676140970700806E+00   4.2035684609909367E+02 
      1      10     49      ANK   1.18E+03  0.49  0.033   3.2755325811008724E+00   5.4136769962346143E-01   7.0606333691396661E-01   4.6373421555854548E-11   6.6064204763789136E-01   4.3914140510965876E+02 
      1      11     68      ANK   1.18E+03  0.00  0.043   3.2755325811008569E+00   5.4136769962346309E-01   7.0606333691396539E-01   4.6373421555803470E-11   6.6064204763790524E-01   4.3914140510965734E+02 
      1      12     75     *ANK   5.91E+02  0.49  0.037   3.5279520611401027E+00   5.7551435445312060E-01   4.1324066713508040E-01   2.3556823222252498E-10   3.6280294131173979E-01   4.5929853980715620E+02 
      1      13     93      ANK   5.91E+02  0.00  0.029   3.5279520611400712E+00   5.7551435445312260E-01   4.1324066713508117E-01   2.3556823222252596E-10   3.6280294131175728E-01   4.5929853980715257E+02 
      1      14     97     *ANK   2.95E+02  1.00  0.028   3.6557305287945532E+00   6.3348721606573910E-01   1.4414621824202059E-01   2.3491677031271991E-10   1.8672822318393409E-01   4.7213367348081141E+02 
      1      15    101      ANK   2.95E+02  1.00  0.021   3.6401135932108168E+00   6.9076973568263000E-01   1.1209921815409582E-01   4.8235747286353237E-10   1.3411028364148436E-01   4.7105340223663222E+02 
      1      16    105      ANK   2.95E+02  1.00  0.021   3.5357352012779071E+00   7.1679358184353359E-01   7.8466937861580710E-02   2.3467095994082072E-10   1.2171912505703368E-01   4.5852770595873085E+02 
      1      17    109      ANK   2.95E+02  1.00  0.020   3.3691442377531384E+00   7.1678949522167168E-01   6.8339952592332900E-02   1.7852505857647345E-10   1.1277717026376950E-01   4.3776464155825738E+02 
      1      18    113      ANK   2.95E+02  1.00  0.022   3.1691541553598870E+00   6.9834985027401231E-01   5.6568382461199211E-02   1.3574821375980667E-10   1.0817012521482362E-01   4.1241727184684072E+02 
      1      19    117      ANK   2.95E+02  1.00  0.026   2.9576093044856915E+00   6.6846119349129329E-01   4.9500683787138636E-02   1.4321599007337267E-10   1.0577322998755372E-01   3.8536413763055839E+02 
      1      20    121      ANK   2.95E+02  1.00  0.031   2.7485961158246899E+00   6.3249722744574943E-01   4.4795731661420632E-02   1.7595750253334540E-10   1.0530548355540641E-01   3.5847839961972204E+02 
      1      21    125      ANK   2.95E+02  1.00  0.037   2.5481996210032603E+00   5.9405808477480548E-01   4.0308966588908736E-02   1.7052341262185753E-10   1.0391317050246314E-01   3.3259027692269450E+02 
      1      22    129      ANK   2.95E+02  1.00  0.042   2.3583470416231602E+00   5.5538478377576828E-01   3.6198843157678899E-02   1.0547030200405610E-10   1.0167844871942591E-01   3.0799888584427117E+02 
      1      23    133      ANK   2.95E+02  1.00  0.047   2.1812514642971226E+00   5.1782360463408883E-01   3.4066461607693936E-02   1.1054166852119983E-10   1.0037507541967272E-01   2.8502723504707433E+02 
      1      24    137     *ANK   7.07E+02  1.00  0.043   2.2656481201098244E+00   5.4367634364436557E-01   4.4448376787388388E-02   2.5781771429045137E-11   9.0876244654276406E-02   2.9617539011886510E+02 
      1      25    141      ANK   7.07E+02  1.00  0.034   2.2182850621536749E+00   5.4226348498376642E-01   3.8487567204090030E-02   2.2036605399363530E-10   7.7564321293674465E-02   2.9021687083848167E+02 
      1      26    145      ANK   7.07E+02  1.00  0.033   2.0968775446757815E+00   5.2198540866349996E-01   3.5262301623343019E-02   4.5318475530903300E-11   7.3471839398111916E-02   2.7461722571713705E+02 
      1      27    149      ANK   7.07E+02  1.00  0.036   1.9465982612415162E+00   4.9160251133775590E-01   3.4220144384869630E-02   1.2558076810292222E-11   7.2928857645419745E-02   2.5517701200640536E+02 
      1      28    153      ANK   7.07E+02  1.00  0.038   1.7893174731638144E+00   4.5728988819899247E-01   3.2005573060000049E-02   3.9750665819776877E-12   6.8821619977392889E-02   2.3473778011632319E+02 
      1      29    157      ANK   7.07E+02  1.00  0.040   1.6342678193119948E+00   4.2237692895553341E-01   2.9756459895955975E-02   1.4054021713782552E-12   6.4395836249820607E-02   2.1455442098460409E+02 
      1      30    161      ANK   7.07E+02  1.00  0.039   1.4845666015166104E+00   3.8838263349609536E-01   2.5212199433667665E-02   6.5853039110132784E-13   5.8490746534008112E-02   1.9504693071625573E+02 
      1      31    165      ANK   7.07E+02  1.00  0.040   1.3463324386953139E+00   3.5614667161771940E-01   2.1735300899798460E-02   4.2941666919751859E-13   5.3022565878333427E-02   1.7700970302936781E+02 
      1      32    169      ANK   7.07E+02  1.00  0.048   1.2260097499029374E+00   3.2639584265580751E-01   2.1746410611779472E-02   3.3703131728596608E-13   5.3566302203076968E-02   1.6128882016213285E+02 
      1      33    174      ANK   7.07E+02  1.00  0.036   1.1064122737364832E+00   2.9846087076794281E-01   1.7756140232497091E-02   3.8333604396873914E-13   4.1431513219788982E-02   1.4564509919945496E+02 
      1      34    192     *ANK   2.18E+03  0.00  0.038   1.1064122737364641E+00   2.9846087076794336E-01   1.7756140232497095E-02   3.8333604454368202E-13   4.1431513219782355E-02   1.4564509919945257E+02 
      1      35    196     *ANK   1.09E+03  1.00  0.034   1.0629347199550594E+00   2.8815037730579490E-01   1.8896582814587191E-02   3.1531497401592547E-13   3.5301817838025849E-02   1.3995312765501163E+02 
      1      36    200      ANK   1.09E+03  1.00  0.037   9.9037310800396727E-01   2.7038200784012673E-01   1.8884599032876141E-02   2.4301788651642364E-13   3.5819187941119997E-02   1.3047786909668335E+02 
      1      37    204      ANK   1.09E+03  1.00  0.041   9.0882999924504526E-01   2.5058773025547937E-01   1.8444822943085398E-02   2.5488878214762631E-13   3.7582565757925353E-02   1.1984276295448397E+02 
      1      38    208      ANK   1.09E+03  1.00  0.042   8.2655040913121658E-01   2.3079592843579594E-01   1.6920980742044952E-02   2.9636664982148258E-13   3.6494630089124659E-02   1.0910362642320527E+02 
      1      39    212      ANK   1.09E+03  1.00  0.043   7.4899865132045396E-01   2.1156374918194651E-01   1.5550075746635590E-02   2.9865476393426168E-13   3.3623629498202696E-02   9.8953532317980518E+01 
      1      40    216      ANK   1.09E+03  1.00  0.047   6.7996373917974762E-01   1.9342935185266003E-01   1.5184431633952880E-02   2.7500418855608057E-13   3.2054792530529563E-02   8.9891656286018375E+01 
      1      41    221      ANK   1.09E+03  1.00  0.038   6.1302202580416620E-01   1.7664067009420639E-01   1.2194479924393771E-02   3.2361849961533010E-13   2.4616200270461484E-02   8.1093981414516890E+01 
      1      42    226      ANK   1.09E+03  1.00  0.035   5.5367334942463686E-01   1.6107272028794190E-01   1.0708502034770216E-02   1.1105992594524599E-11   2.0863276992977475E-02   7.3289883155173115E+01 
      1      43    231      ANK   1.09E+03  1.00  0.035   5.0049614522814734E-01   1.4677182306295147E-01   9.5540377356613422E-03   4.9655861016443387E-12   1.8858479838706175E-02   6.6292100715906940E+01 
      1      44    251     *ANK   3.82E+03  0.00  0.048   5.0049614522807351E-01   1.4677182306295333E-01   9.5540377356652627E-03   4.9655861016072529E-12   1.8858479838694150E-02   6.6292100715897973E+01 
      1      45    256     *ANK   1.91E+03  1.00  0.041   5.0400535824213966E-01   1.4635064418706945E-01   1.0075481823846263E-02   2.5194056907981985E-12   1.9135038136359864E-02   6.6707101610175741E+01 
      1      46    261      ANK   1.91E+03  1.00  0.043   4.7305174612583023E-01   1.3805346717609848E-01   9.9743525130713273E-03   1.0133952428492169E-11   2.0939142265422577E-02   6.2650988422721269E+01 
      1      47    266      ANK   1.91E+03  1.00  0.045   4.3247810855907121E-01   1.2712276038525666E-01   9.6940385586939491E-03   2.4260664750732454E-10   2.0472086874510905E-02   5.7318796365017612E+01 
      1      48    271      ANK   1.91E+03  1.00  0.045   3.9127996241806101E-01   1.1587904190374905E-01   9.1644246978939727E-03   8.1847361240196372E-11   1.8803047698711366E-02   5.1892385051560652E+01 
      1      49    276      ANK   1.91E+03  1.00  0.046   3.5247348760291380E-01   1.0512471656952374E-01   8.5325591291263523E-03   4.5364032818313450E-11   1.7161295369192194E-02   4.6774579209103102E+01 
#--------------------------------------------------------------------------------------------------------------------------------------------------------------------------------------------------------------
#  Grid  | Iter | Iter |  Iter  |   CFL   | Step | Lin  |        Res rho         |        Res rhou        |        Res rhov        |        Res rhow        |        Res rhoE        |        totalRes        |
#  level |      | Tot  |  Type  |         |      | Res  |                        |                        |                        |                        |                        |                        |
#--------------------------------------------------------------------------------------------------------------------------------------------------------------------------------------------------------------
      1      50    281      ANK   1.91E+03  1.00  0.047   3.1690605616325757E-01   9.5137686026232515E-02   7.9686467133853692E-03   2.8826492547997504E-11   1.5871509714452014E-02   4.2080760476308122E+01 
      1      51    286      ANK   1.91E+03  1.00  0.049   2.8482414352431251E-01   8.5970907763979920E-02   7.4548824882479034E-03   1.8219547857382007E-11   1.4879605557626668E-02   3.7842433281550953E+01 
      1      52    292      ANK   1.91E+03  1.00  0.046   2.5474270730100346E-01   7.7623044963363808E-02   5.9688791692847510E-03   2.3143329788750605E-11   1.2780955483452788E-02   3.3867296246149671E+01 
      1      53    298      ANK   1.91E+03  1.00  0.042   2.2859010766979149E-01   7.0023430877300022E-02   5.1552017084813108E-03   1.1634579003871743E-11   1.0783777986129528E-02   3.0399468637980664E+01 
      1      54    321     *ANK   6.65E+03  0.00  0.046   2.2859010766978821E-01   7.0023430877300133E-02   5.1552017084807141E-03   1.1634579003875544E-11   1.0783777986126753E-02   3.0399468637980242E+01 
      1      55    329     *ANK   3.33E+03  1.00  0.039   2.3623181648849464E-01   7.1503150680904168E-02   4.8653610725300257E-03   6.2120432637286073E-12   9.2737053920786926E-03   3.1372871794350111E+01 
      1      56    335      ANK   3.33E+03  1.00  0.048   2.1871497015145827E-01   6.5922871135012065E-02   5.3930204158823079E-03   1.1955632744468429E-11   1.0512076826583503E-02   2.9048986143474114E+01 
      1      57    342      ANK   3.33E+03  1.00  0.047   1.9673254938446944E-01   6.0231939630148987E-02   4.6306201837599615E-03   1.0199855044992618E-11   1.0335458452950095E-02   2.6168538563308616E+01 
      1      58    349      ANK   3.33E+03  1.00  0.042   1.7536945486325695E-01   5.4016248550075363E-02   4.0857504650171246E-03   2.5594320716097522E-11   8.4275329813959087E-03   2.3334094133787374E+01 
      1      59    356      ANK   3.33E+03  1.00  0.046   1.5576260752561027E-01   4.8220056934935765E-02   3.8366070068503008E-03   1.9626587495050628E-10   7.9906427682107251E-03   2.0738007460279562E+01 
      1      60    363      ANK   3.33E+03  1.00  0.048   1.3808910747528871E-01   4.2980334400647691E-02   3.5094555913708810E-03   2.2027204886117386E-10   7.4955222386803473E-03   1.8396645415830474E+01 
      1      61    370      ANK   3.33E+03  1.00  0.050   1.2239791115058969E-01   3.8320300263809212E-02   3.1494515239442809E-03   2.3212453497992721E-10   6.9094597189036117E-03   1.6316574432057099E+01 
      1      62    378      ANK   3.33E+03  1.00  0.044   1.0861104722537789E-01   3.4238216046521365E-02   2.7200237208767851E-03   3.1474010783049883E-10   5.4988279951232576E-03   1.4483259666829174E+01 
      1      63    403     *ANK   1.11E+04  0.00  0.043   1.0861104722537705E-01   3.4238216046521441E-02   2.7200237208768441E-03   3.1474010783049878E-10   5.4988279951235482E-03   1.4483259666829085E+01 
      1      64    413     *ANK   5.55E+03  1.00  0.043   1.1295241073102745E-01   3.5144442239396938E-02   2.7855669786953632E-03   3.6299144811875937E-10   4.8839560174097204E-03   1.5039782578535972E+01 
      1      65    421      ANK   5.55E+03  1.00  0.048   1.0199997145496419E-01   3.1709237802787796E-02   2.8514683672323155E-03   5.3851257172656128E-10   5.2375304554527569E-03   1.3586224079563028E+01 
      1      66    430      ANK   5.55E+03  1.00  0.047   8.9840420993641548E-02   2.8296841841379327E-02   2.5708230422519366E-03   5.0129954895712302E-10   4.7188742603542361E-03   1.1981383241127837E+01 
      1      67    439      ANK   5.55E+03  1.00  0.050   7.8404436800244157E-02   2.4890523738722272E-02   2.4118048457467574E-03   6.0083042730896044E-10   4.4114222587252009E-03   1.0466256562158147E+01 
      1      68    449      ANK   5.55E+03  1.00  0.037   6.8300633432239966E-02   2.2065067994476769E-02   1.7355008162423212E-03   5.6763782581789514E-10   3.0970441869857539E-03   9.1264564670539432E+00 
      1      69    458      ANK   5.55E+03  1.00  0.049   5.9514680182560037E-02   1.9246149715430018E-02   1.9826708025781235E-03   6.7034254210735255E-10   3.2089479850704833E-03   7.9579423319526050E+00 
      1      70    468      ANK   5.55E+03  1.00  0.044   5.1767636983249203E-02   1.6984343550167005E-02   1.4422501462371749E-03   6.8081135050913728E-10   2.7419532228885185E-03   6.9302562077676404E+00 
      1      71    495     *ANK   1.84E+04  0.00  0.041   5.1767636983249016E-02   1.6984343550167022E-02   1.4422501462371441E-03   6.8081135050936041E-10   2.7419532228878940E-03   6.9302562077676182E+00 
      1      72    507     *ANK   9.22E+03  1.00  0.043   5.3615476569547155E-02   1.7298397672947462E-02   1.6930671674714262E-03   7.9588745327161672E-10   2.4858323707022557E-03   7.1647614633517129E+00 
      1      73    518      ANK   9.22E+03  1.00  0.046   4.6931772293973641E-02   1.5267901558226661E-02   1.6678803885331543E-03   7.1785521141179703E-10   2.4565505659140752E-03   6.2789459836415054E+00 
      1      74    529      ANK   9.22E+03  1.00  0.049   4.0146969124588761E-02   1.3217336370919821E-02   1.4641065330658312E-03   8.3563422604955358E-10   2.3218121146289092E-03   5.3790164488450127E+00 
      1      75    541      ANK   9.22E+03  1.00  0.038   3.4224131359745322E-02   1.1457446877910971E-02   1.1412746942318587E-03   8.1836278954189298E-10   1.6933095150181573E-03   4.5907523284468175E+00 
      1      76    552      ANK   9.22E+03  1.00  0.045   2.9129277187986146E-02   9.8151366326297042E-03   1.0963781809376315E-03   8.0220750822874475E-10   1.5739137421923015E-03   3.9112539038314114E+00 
      1      77    564      ANK   9.22E+03  1.00  0.041   2.4784761835482606E-02   8.4480240581131568E-03   8.3600801757124118E-04   8.4374808381710769E-10   1.3066528190212885E-03   3.3312202184034301E+00 
      1      78    592     *ANK   3.05E+04  0.00  0.042   2.4784761835482394E-02   8.4480240581131880E-03   8.3600801757124140E-04   8.4374808381710883E-10   1.3066528190239326E-03   3.3312202184034247E+00 
      1      79    605     *ANK   1.52E+04  1.00  0.047   2.5137965920238543E-02   8.3883638056673239E-03   9.3919074499501382E-04   7.8824167812048755E-10   1.2561935279170634E-03   3.3713617806777063E+00 
      1      80    618      ANK   1.52E+04  1.00  0.037   2.1306497486749437E-02   7.2206442851891987E-03   8.3481060012578605E-04   8.2352320841878749E-10   1.0213632982923010E-03   2.8619081405732016E+00 
      1      81    631      ANK   1.52E+04  1.00  0.039   1.7683259889096428E-02   6.0750381724838116E-03   7.0096888711250981E-04   8.0466906891479060E-10   9.0246163287553813E-04   2.3789639425256728E+00 
      1      82    644      ANK   1.52E+04  1.00  0.041   1.4640634299282914E-02   5.0977685634548643E-03   5.8285656003182515E-04   7.7618941483933099E-10   8.0154418008996080E-04   1.9728077564686515E+00 
      1      83    657      ANK   1.52E+04  1.00  0.044   1.2134411205029071E-02   4.2836989928026013E-03   4.8649642291783058E-04   7.0234457972097110E-10   7.0339151016436804E-04   1.6378329797420723E+00 
      1      84    685     *ANK   4.92E+04  0.00  0.049   1.2134411205029168E-02   4.2836989928025900E-03   4.8649642291837979E-04   7.0234457972105196E-10   7.0339151016501585E-04   1.6378329797420910E+00 
      1      85    699     *ANK   2.46E+04  1.00  0.050   1.1737909673610259E-02   4.0880128616742400E-03   4.3394065360053216E-04   7.0825277002132166E-10   6.7045434572122141E-04   1.5817418837373456E+00 
      1      86    713      ANK   2.46E+04  1.00  0.041   9.6161049461788110E-03   3.4357125987501611E-03   3.8392360243466009E-04   6.5390337093266900E-10   5.5739023263700889E-04   1.2996586014112466E+00 
      1      87    726      ANK   2.46E+04  1.00  0.049   7.7164553654231098E-03   2.8045984531687310E-03   3.4593642447276312E-04   5.5900379079787522E-10   5.1953461306502419E-04   1.0456878040175919E+00 
      1      88    740      ANK   2.46E+04  1.00  0.036   6.2051254350649031E-03   2.2919182120043533E-03   2.7246378897913991E-04   4.5558974562664559E-10   3.5338441704227299E-04   8.4197132987258771E-01 
      1      89    753      ANK   2.46E+04  1.00  0.049   5.0007165739932719E-03   1.8888026766659032E-03   2.4794111173480750E-04   3.6698552802850190E-10   3.4399656681660895E-04   6.8099440983975934E-01 
      1      90    782     *ANK   9.43E+04  0.00  0.044   5.0007165739932935E-03   1.8888026766658988E-03   2.4794111173457163E-04   3.6698552802853922E-10   3.4399656681643228E-04   6.8099440983975879E-01 
      1      91    797     *ANK   4.72E+04  1.00  0.040   4.7066554377417948E-03   1.7467995822524076E-03   1.7333471466619428E-04   3.3376818453083118E-10   2.6499679366610482E-04   6.3883163194640358E-01 
      1      92    811      ANK   4.72E+04  1.00  0.040   3.6913168655196616E-03   1.4322915524515568E-03   1.9732791640966491E-04   2.6349436019112326E-10   2.3077791171572366E-04   5.0431152042961236E-01 
      1      93    824      ANK   4.72E+04  1.00  0.046   2.8903375175350558E-03   1.1632319642867308E-03   1.7574612003453850E-04   1.9691860610605393E-10   2.0885468138968059E-04   3.9718851699437491E-01 
      1      94    838      ANK   4.72E+04  1.00  0.038   2.3185898036877880E-03   9.6572216092842967E-04   1.3874750061077304E-04   1.6158762981307202E-10   1.5903592209901175E-04   3.2009612139914301E-01 
      1      95    852     *ANK   1.00E+05  1.00  0.043   2.0212537787847114E-03   8.4555795384020954E-04   1.0770221393127029E-04   1.3408208267622441E-10   1.3891023536625108E-04   2.7914101265774838E-01 
      1      96    864      ANK   1.00E+05  1.00  0.047   1.6071301214880651E-03   6.9538952886458009E-04   1.3406725747218363E-04   9.6528422220315480E-11   1.2293711691014126E-04   2.2358238068674224E-01 
      1      97    872      *NK     ----    1.00  0.286   4.0057468997364051E-04   1.4809739769551758E-04   1.9557826222580980E-04   4.0649572100861488E-10   2.9408359497664445E-04   7.0380221136681756E-02 
      1      98    887       NK     ----    1.00  0.152   5.6227243501037485E-05   2.5789202039327302E-05   7.4507327445532775E-05   9.4229863755995658E-11   7.3906832645346680E-05   1.5470678738397289E-02 
      1      99    949       NK     ----    1.00  0.245   2.4647279489864967E-05   3.8392505467034630E-05   4.9117288539323176E-05   4.5075066288673797E-12   4.7280700104577157E-05   1.0417893116830777E-02 
#--------------------------------------------------------------------------------------------------------------------------------------------------------------------------------------------------------------
#  Grid  | Iter | Iter |  Iter  |   CFL   | Step | Lin  |        Res rho         |        Res rhou        |        Res rhov        |        Res rhow        |        Res rhoE        |        totalRes        |
#  level |      | Tot  |  Type  |         |      | Res  |                        |                        |                        |                        |                        |                        |
#--------------------------------------------------------------------------------------------------------------------------------------------------------------------------------------------------------------
      1     100    955       NK     ----    1.00  0.434   1.6308684457986881E-05   1.5719227046894608E-05   1.0325181990942766E-05   8.0779109862611062E-13   3.0189279441027835E-05   4.9692137295611564E-03 
      1     101    973       NK     ----    1.00  0.351   7.7388693250745213E-06   1.7649239367067278E-05   4.4181641001978484E-06   9.0492513386860581E-13   1.9543966160577418E-05   3.5305648641687677E-03 
      1     102    978       NK     ----    1.00  0.546   5.8734552550431171E-06   8.1894628596980476E-06   4.2850949910282909E-06   2.1938421446774512E-13   1.1028303414360311E-05   1.9737586324389384E-03 
      1     103    990       NK     ----    1.00  0.402   3.0094820959712225E-06   6.2909685808189000E-06   2.5059205629596632E-06   5.4866915908466429E-13   6.6001273446113738E-06   1.2602373344719033E-03 
      1     104   1012       NK     ----    0.15  0.477   2.6751220291228505E-06   5.7736802415836388E-06   2.2112112686669121E-06   4.9742648306473866E-13   5.7328115514207709E-06   1.1233678999952078E-03 
      1     105   1027       NK     ----    0.37  0.787   2.3640721977673409E-06   4.8084437760287559E-06   1.9044191008399288E-06   4.4716610507435918E-13   5.1469249686791008E-06   9.7404918635173227E-04 
      1     106   1038       NK     ----    1.00  0.792   1.7491822247869741E-06   4.6726896125644756E-06   1.4160866236332784E-06   2.1014111024200437E-13   4.1678498243690061E-06   8.4497668300368616E-04 
      1     107   1067       NK     ----    0.10  0.768   1.6935901028100797E-06   4.5021142280941181E-06   1.3705779639120193E-06   2.2614252958445536E-13   4.0179697599546082E-06   8.1475516484857903E-04 
      1     108   1096       NK     ----    0.10  0.793   1.6477427698954474E-06   4.3467724112223102E-06   1.3804878834493410E-06   2.4412268577625366E-13   3.8899575542102785E-06   7.8949279136639888E-04 
      1     109   1125       NK     ----    0.10  0.800   1.6048299872413554E-06   4.1954486765300398E-06   1.3093412355689697E-06   2.6320150936882875E-13   3.7736504070217922E-06   7.6337290910203227E-04 
      1     110   1154       NK     ----    0.10  0.779   1.5585228459426511E-06   4.0302552462066488E-06   1.2710303291058819E-06   2.7904766794041714E-13   3.6597882149810559E-06   7.3703156878297045E-04 
      1     111   1179       NK     ----    0.14  0.780   1.4996871952533031E-06   3.8109247660112228E-06   1.2040216151300043E-06   3.0112275489628233E-13   3.5127514890538554E-06   7.0206313940544883E-04 
      1     112   1203       NK     ----    0.15  0.767   1.4330084985964014E-06   3.5769512984063475E-06   1.1395667974521716E-06   3.1331484807997928E-13   3.3445627390929722E-06   6.6394540499174683E-04 
      1     113   1226       NK     ----    0.19  0.793   1.3409422224568440E-06   3.3082279790552595E-06   1.0873705201867855E-06   3.2528552775757329E-13   3.1000550455918076E-06   6.1609734365869126E-04 
      1     114   1249       NK     ----    0.13  0.789   1.2664590508715045E-06   3.1298866210604357E-06   1.0577130874229134E-06   3.2016936006115901E-13   2.8859214828650421E-06   5.7985084754402923E-04 
      1     115   1272       NK     ----    0.12  0.796   1.2025020368115026E-06   2.9822083443244282E-06   1.0337284537620206E-06   3.1047128504698027E-13   2.7480819675085284E-06   5.5298184835232374E-04 
      1     116   1296       NK     ----    0.10  0.768   1.1441565017650078E-06   2.8585198775561883E-06   1.0060808319449938E-06   3.0095820612305371E-13   2.6255982137937301E-06   5.2953238493586800E-04 
      1     117   1320      *NK     ----    0.11  0.799   1.0905141878418157E-06   2.7504764699159792E-06   9.7859953407829617E-07   2.8866732451245336E-13   2.5250504567335801E-06   5.0937737513156631E-04 
      1     118   1345       NK     ----    0.10  0.774   1.0396383458213853E-06   2.6432832923504897E-06   9.4462383120248923E-07   2.7726530351244834E-13   2.4325558650905738E-06   4.8984007457728658E-04 
      1     119   1371       NK     ----    0.10  0.765   9.9129162473929188E-07   2.5334505716194347E-06   9.0573644440660983E-07   2.6381203296981424E-13   2.3496189098517918E-06   4.7077867750654374E-04 
      1     120   1397       NK     ----    0.10  0.775   9.4475649608255172E-07   2.4296428956505017E-06   8.7112268810357079E-07   2.4984180271093679E-13   2.2709417599982390E-06   4.5278612589214865E-04 
      1     121   1423       NK     ----    0.10  0.762   8.9586221927697758E-07   2.3211622414362949E-06   8.3891384526670353E-07   2.3471937136426270E-13   2.1861640425244529E-06   4.3390027519742933E-04 
      1     122   1447       NK     ----    0.21  0.799   8.0768244539803472E-07   2.1274275107684120E-06   7.9138457612107278E-07   2.0270427402776064E-13   2.0325069216860230E-06   4.0030304643645225E-04 
      1     123   1464       NK     ----    0.40  0.796   6.4855394281390562E-07   1.7267726567268034E-06   7.0460161169945907E-07   1.4345367731127467E-13   1.6491850575582228E-06   3.2671920510485942E-04 
      1     124   1478       NK     ----    0.48  0.716   4.6613150485747015E-07   1.2736062669228706E-06   5.5647749400803419E-07   8.8246856115528352E-14   1.2453887371991714E-06   2.4428219437476142E-04 
      1     125   1489       NK     ----    0.45  0.610   3.5326653096500214E-07   9.7989687295400475E-07   3.9501709370463029E-07   4.5957872930604239E-14   1.0043958693067240E-06   1.9048751970227712E-04 
      1     126   1497       NK     ----    1.00  0.632   2.1855215715030414E-07   5.5133361124503072E-07   5.2152729689713148E-07   4.8823624118135648E-14   6.6132461515513658E-07   1.3081671834543938E-04 
      1     127   1512       NK     ----    1.00  0.521   1.2711840121884506E-07   3.6902525600506929E-07   1.6860721914180559E-07   5.4417094034222644E-14   4.7251967837902696E-07   8.0724152920582428E-05 
      1     128   1533       NK     ----    0.00  0.440   1.2700958524391351E-07   3.6942223575217144E-07   1.6833971824283658E-07   5.4260172606450756E-14   4.7235273917299685E-07   8.0725913629358038E-05 
      1     129   1541       NK     ----    1.00  0.796   1.1483416594578193E-07   3.6213466571183146E-07   1.3462722256430038E-07   1.2900748865101495E-14   4.3564158608332299E-07   7.5371546272383577E-05 
      1     130   1550       NK     ----    0.47  0.752   1.0807044293685758E-07   3.6443374575626831E-07   1.1991441528137256E-07   9.6013255919059662E-15   4.2147272378591958E-07   7.3669747252654071E-05 
      1     131   1556       NK     ----    1.00  0.771   1.0104585013993139E-07   3.3251121006624248E-07   1.1468144273747054E-07   1.0980728757155114E-14   3.9078780881765785E-07   6.7992239649760698E-05 
      1     132   1563       NK     ----    1.00  0.746   8.1636313877173001E-08   2.7624575624387700E-07   1.2516229571515336E-07   1.4249347058062113E-14   3.1060688240393637E-07   5.6096971580518925E-05 
      1     133   1574       NK     ----    1.00  0.722   5.9433690536956547E-08   2.1751242897442600E-07   8.6048717621379358E-08   1.6347155848421146E-14   2.3760588537598485E-07   4.3011179675982330E-05 
      1     134   1587       NK     ----    1.00  0.595   5.2405873174689298E-08   1.6861730504201588E-07   6.1964168767114302E-08   1.3105819783799093E-14   2.0878810271789767E-07   3.5606534851810740E-05 
      1     135   1600       NK     ----    1.00  0.714   3.8523577615063871E-08   1.3657602010369251E-07   5.7421787693135972E-08   9.5363275298574715E-15   1.5283250945067068E-07   2.7471133897257365E-05 
      1     136   1616       NK     ----    0.39  0.619   3.6212462792001669E-08   1.1057405380408998E-07   4.5413126073981371E-08   9.8653786207334849E-15   1.4045411631701840E-07   2.3869745216405967E-05 
      1     137   1628      *NK     ----    1.00  0.762   2.9768695277616232E-08   8.2942228378579029E-08   4.1362137689108906E-08   1.1321485562112925E-14   1.1287135190487856E-07   1.8928956796544133E-05 
      1     138   1641       NK     ----    1.00  0.661   2.3053601100070866E-08   4.5196594500291428E-08   2.3343740691999333E-08   1.7791539461597913E-14   8.4839149207177662E-08   1.2899207196081296E-05 
      1     139   1650       NK     ----    1.00  0.533   1.0666963413131359E-08   3.1432852167771889E-08   1.5341826700296837E-08   9.5856017166988253E-15   4.0294678702429111E-08   6.9103143902417132E-06 
      1     140   1664       NK     ----    1.00  0.321   5.9102763593462600E-09   8.2884166605017998E-09   5.5482647657794168E-09   1.6848584845377316E-14   2.0965501103102386E-08   3.0425158362486067E-06 
      1     141   1676       NK     ----    1.00  0.264   1.2088979188989122E-09   3.7386744770264325E-09   1.9605974685737220E-09   7.1392858796873311E-15   4.5929030583496164E-09   8.0697801245286609E-07 
      1     142   1714       NK     ----    1.00  0.115   3.9864509009316371E-10   5.0123489957928751E-10   2.5029027999417838E-10   6.5063697490064361E-15   1.4217090689171745E-09   2.0055956454766156E-07 
      1     143   1749       NK     ----    1.00  0.098   1.9303634646559415E-10   1.0994179132916126E-10   4.9186975967929819E-11   6.5297504628023368E-15   6.8223834394006057E-10   9.1332929009250707E-08 
      1     144   1753       NK     ----    1.00  0.251   4.4011493707359379E-11   9.5982550566745769E-11   5.9242991522862192E-11   5.8449552845394712E-15   1.5999979070981843E-10   2.5481413245315456E-08 
#
# Writing grid file(s):
#    output/flat_plate_heat_000_vol.cgns
# Grid file(s) written
#
#
# Writing volume solution file(s):
#    output/flat_plate_heat_000_vol.cgns
# Volume solution file(s) written
#
#
# Writing surface solution file(s):
#    output/flat_plate_heat_000_surf.cgns
