#
# ADflow, multiblock structured flow solver
#
# This code solves the 3D RANS, laminar NS or Euler equations
# on multiblock structured hexahedral grids.
# This is a parallel executable running on 1 processors.
# It has been compiled with the following options:
# - Optimized mode.
# - Size of standard integers: 4 bytes.
# - Size of standard floating point types: 8 bytes.
# - With cgns support
# - With support for signals.
#
+----------------------------------------+
|          All ADFLOW Options:           |
+----------------------------------------+
{'ADPC': False,
 'ANKADPC': False,
 'ANKAMGLevels': 2,
 'ANKAMGNSmooth': 1,
 'ANKASMOverlap': 1,
 'ANKASMOverlapCoarse': 0,
 'ANKCFL0': 5.0,
 'ANKCFLCutback': 0.5,
 'ANKCFLExponent': 0.5,
 'ANKCFLFactor': 10.0,
 'ANKCFLLimit': 100000.0,
 'ANKCFLMin': 1.0,
 'ANKCFLReset': True,
 'ANKCharTimeStepType': 'None',
 'ANKConstCFLStep': 0.4,
 'ANKCoupledSwitchTol': 1e-16,
 'ANKGlobalPreconditioner': 'additive Schwarz',
 'ANKInnerPreconIts': 1,
 'ANKInnerPreconItsCoarse': 1,
 'ANKJacobianLag': 10,
 'ANKLinResMax': 0.1,
 'ANKLinearSolveBuffer': 0.01,
 'ANKLinearSolveTol': 0.05,
 'ANKMaxIter': 40,
 'ANKNSubiterTurb': 1,
 'ANKOuterPreconIts': 1,
 'ANKPCILUFill': 2,
 'ANKPCILUFillCoarse': 0,
 'ANKPCUpdateCutoff': 1e-16,
 'ANKPCUpdateTol': 0.5,
 'ANKPCUpdateTolAfterCutoff': 0.0001,
 'ANKPhysicalLSTol': 0.2,
 'ANKPhysicalLSTolTurb': 0.99,
 'ANKSecondOrdSwitchTol': 1e-16,
 'ANKStepFactor': 1.0,
 'ANKStepMin': 0.01,
 'ANKSubspaceSize': -1,
 'ANKSwitchTol': 1000.0,
 'ANKTurbCFLScale': 1.0,
 'ANKTurbKSPDebug': False,
 'ANKUnsteadyLSTol': 1.0,
 'ANKUseApproxSA': False,
 'ANKUseFullVisc': True,
 'ANKUseMatrixFree': True,
 'ANKUseTurbDADI': True,
 'ASMOverlap': 1,
 'ASMOverlapCoarse': 0,
 'CFL': 1.0,
 'CFLCoarse': 1.0,
 'CFLLimit': 1.5,
 'GMRESOrthogonalizationType': 'modified Gram-Schmidt',
 'ILUFill': 2,
 'ILUFillCoarse': 0,
 'L2Convergence': 1e-12,
 'L2ConvergenceCoarse': 0.01,
 'L2ConvergenceRel': 1e-16,
 'MGCycle': 'sg',
 'MGStartLevel': -1,
 'NKADPC': False,
 'NKAMGLevels': 2,
 'NKAMGNSmooth': 1,
 'NKASMOverlap': 1,
 'NKASMOverlapCoarse': 0,
 'NKFixedStep': 0.25,
 'NKGlobalPreconditioner': 'additive Schwarz',
 'NKInnerPreconIts': 1,
 'NKInnerPreconItsCoarse': 1,
 'NKJacobianLag': 20,
 'NKLS': 'cubic',
 'NKLinearSolveTol': 0.3,
 'NKOuterPreconIts': 1,
 'NKPCILUFill': 2,
 'NKPCILUFillCoarse': 0,
 'NKSubspaceSize': 60,
 'NKSwitchTol': 1e-05,
 'NKUseEW': True,
 'NKViscPC': False,
 'RKReset': False,
 'SAKappa': 0.41,
 'SAcb1': 0.1355,
 'SAcb2': 0.622,
 'SAcrot': 2.0,
 'SAct1': 1.0,
 'SAct2': 2.0,
 'SAct3': 1.2,
 'SAct4': 0.5,
 'SAcv1': 7.1,
 'SAcw2': 0.3,
 'SAcw3': 2.0,
 'SAsigma': 0.66666666667,
 'TSStability': False,
 'acousticScaleFactor': 1.0,
 'adjointAMGLevels': 2,
 'adjointAMGNSmooth': 1,
 'adjointDivTol': 100000.0,
 'adjointL2Convergence': 1e-06,
 'adjointL2ConvergenceAbs': 1e-16,
 'adjointL2ConvergenceRel': 1e-16,
 'adjointMaxIter': 500,
 'adjointMaxL2DeviationFactor': 1.0,
 'adjointMonitorStep': 10,
 'adjointSolver': 'GMRES',
 'adjointSubspaceSize': 100,
 'alphaFollowing': True,
 'alphaMode': False,
 'altitudeMode': False,
 'applyAdjointPCSubspaceSize': 20,
 'applyPCSubspaceSize': 10,
 'approxPC': True,
 'backgroundVolScale': 1.0,
 'betaMode': False,
 'blockSplitting': True,
 'cavExponent': 0,
 'cavSensorOffset': 0.0,
 'cavSensorSharpness': 10.0,
 'cavitationNumber': 1.4,
 'closedSurfaceFamilies': None,
 'coarseDiscretization': 'upwind',
 'computeCavitation': False,
 'computeSepSensorKs': False,
 'coupledSolution': False,
 'cpMinRho': 100.0,
 'cutCallback': None,
 'debugZipper': False,
 'deltaT': 0.01,
 'designSurfaceFamily': None,
 'discretization': 'upwind',
 'dissContMagnitude': 1.0,
 'dissContMidpoint': 3.0,
 'dissContSharpness': 3.0,
 'dissipationLumpingParameter': 6.0,
 'dissipationScalingExponent': 0.67,
 'eddyVisInfRatio': 0.009,
 'equationMode': 'steady',
 'equationType': 'laminar NS',
 'eulerWallTreatment': 'linear pressure extrapolation',
 'explicitSurfaceCallback': None,
 'firstRun': True,
 'flowType': 'external',
 'forcesAsTractions': True,
 'frozenTurbulence': False,
 'globalPreconditioner': 'additive Schwarz',
 'gridFile': './meshes/fp_l1_rebunch_fixed_inout.cgns',
 'gridPrecision': 'double',
 'gridPrecisionSurface': 'single',
 'infChangeCorrection': True,
 'infChangeCorrectionTol': 1e-12,
 'infChangeCorrectionType': 'offset',
 'innerPreconIts': 1,
 'innerPreconItsCoarse': 1,
 'isoVariables': [],
 'isosurface': {},
 'liftIndex': 2,
 'limiter': 'van Albada',
 'loadBalanceIter': 10,
 'loadImbalance': 0.1,
 'localPreconditioner': 'ILU',
 'lowSpeedPreconditioner': False,
 'machMode': False,
 'matrixOrdering': 'RCM',
 'maxL2DeviationFactor': 1.0,
 'meshMaxSkewness': 1.0,
 'meshSurfaceFamily': None,
 'monitorVariables': ['resrho', 'resmom', 'resrhoe', 'yplus'],
 'nCycles': 5000,
 'nCyclesCoarse': 500,
 'nFloodIter': -1,
 'nRKReset': 5,
 'nRefine': 10,
 'nSaveSurface': 1,
 'nSaveVolume': 1,
 'nSubiter': 1,
 'nSubiterTurb': 3,
 'nTimeStepsCoarse': 48,
 'nTimeStepsFine': 400,
 'nearWallDist': 0.1,
 'numberSolutions': True,
 'outerPreconIts': 3,
 'outputDirectory': 'output',
 'outputSurfaceFamily': 'allSurfaces',
 'overlapFactor': 0.9,
 'oversetDebugPrint': False,
 'oversetLoadBalance': True,
 'oversetPriority': {},
 'oversetProjTol': 1e-12,
 'oversetUpdateMode': 'frozen',
 'pMode': False,
 'partitionLikeNProc': -1,
 'partitionOnly': False,
 'preconditionerSide': 'right',
 'printAllOptions': True,
 'printBadlySkewedCells': False,
 'printIntro': True,
 'printIterations': True,
 'printNegativeVolumes': False,
 'printTiming': True,
 'printWarnings': True,
 'qMode': False,
 'rMode': False,
 'recomputeOverlapMatrix': True,
 'resAveraging': 'alternate',
 'restartAdjoint': True,
 'restartFile': None,
 'restrictionRelaxation': 0.8,
 'saVariant': 'SA',
 'selfZipCutoff': 120.0,
 'sepSensorKsOffset': 0.0,
 'sepSensorKsPhi': 90.0,
 'sepSensorKsRho': 1000.0,
 'sepSensorKsSharpness': 25.0,
 'sepSensorOffset': 0.0,
 'sepSensorSharpness': 10.0,
 'setMonitor': True,
 'skipAfterFailedAdjoint': True,
 'smoothParameter': 1.5,
 'smoother': 'DADI',
 'solutionPrecision': 'single',
 'solutionPrecisionSurface': 'single',
 'storeConvHist': True,
 'storeRindLayer': True,
 'surfaceVariables': ['cf',
                      'cfx',
                      'cfy',
                      'cfz',
                      'p',
                      'vx',
                      'vy',
                      'vz',
                      'temp',
                      'rho',
                      'mach',
                      'yplus',
                      'ch'],
 'timeAccuracy': 2,
 'timeIntegrationScheme': 'BDF',
 'timeIntervals': 1,
 'timeLimit': -1.0,
 'turbResScale': 10000.0,
 'turbulenceModel': 'SA',
 'turbulenceOrder': 'first order',
 'turbulenceProduction': 'strain',
 'updateWallAssociations': False,
 'useALE': True,
 'useANKSolver': True,
 'useApproxWallDistance': True,
 'useBlockettes': True,
 'useDiagTSPC': True,
 'useDissContinuation': False,
 'useExternalDynamicMesh': False,
 'useGridMotion': False,
 'useLinResMonitor': False,
 'useMatrixFreedrdw': True,
 'useNKSolver': True,
 'useOversetWallScaling': False,
 'useQCR': False,
 'useRotationSA': False,
 'useSkewnessCheck': False,
 'useTSInterpolatedGridVelocity': False,
 'useWallFunctions': False,
 'useZipperMesh': True,
 'useft2SA': True,
 'verifyExtra': True,
 'verifySpatial': True,
 'verifyState': True,
 'vis2': 0.25,
 'vis2Coarse': 0.5,
 'vis4': 0.0156,
 'viscPC': False,
 'viscWallTreatment': 'constant pressure extrapolation',
 'viscousSurfaceVelocities': True,
 'volumeVariables': ['resrho'],
 'wallDistCutoff': 1e+20,
 'windAxis': False,
 'writeSolutionDigits': 3,
 'writeSolutionEachIter': False,
 'writeSurfaceSolution': False,
 'writeTecplotSurfaceSolution': True,
 'writeVolumeSolution': True,
 'zipperSurfaceFamily': None}
#
#                      Warning
# Zone blk-1, boundary subface BC7
# BC data set Temperature: No units specified, assuming SI units
#
#
#                      Warning
# Zone blk-1, boundary subface BC8
# BC data set PressureStagnation: No units specified, assuming SI units
#
#
#                      Warning
# Zone blk-1, boundary subface BC8
# BC data set TemperatureStagnation: No units specified, assuming SI units
#
#
#                      Warning
# Zone blk-1, boundary subface BC8
# BC data set VelocityUnitVectorX: No units specified, assuming SI units
#
#
#                      Warning
# Zone blk-1, boundary subface BC8
# BC data set VelocityUnitVectorY: No units specified, assuming SI units
#
#
#                      Warning
# Zone blk-1, boundary subface BC8
# BC data set VelocityUnitVectorZ: No units specified, assuming SI units
#
#
#                      Warning
# Zone blk-1, boundary subface BC9
# BC data set Pressure: No units specified, assuming SI units
#
#
#                      Warning
# It is assumed that the grid is given in meters.
#
#
# Specified load imbalance tolerance 0.100 achieved.
# Continuing with 0.000 load imbalance for the cells and 0.000 for the faces
#
#
# Grid level: 1, Total number of cells: 16128
#
+--------------------------------------------------+
  CGNS Surface Families by Boundary Condition Type
+--------------------------------------------------+
| Wall Types           : wall_viscous_iso 
| Inflow Types         : inflow_subsonic 
| Outflow Types        : outflow_subsonic 
| Symmetry Types       : sym_plane 
| Farfield Types       : farfield 
| Overset Types        : 
+--------------------------------------------------+
-> Alpha... 0.000000 
+--------------------------------------------------+
|
| Initialization Times:
|
| Library Load Time             :      0.024 sec
| Set Defaults Time             :      0.000 sec
| Base Class Init Time          :      0.001 sec
| Introductory Time             :      0.003 sec
| Partitioning Time             :      0.015 sec
| Preprocessing Time            :      0.113 sec
| Family Setup Time             :      0.000 sec
| Cut Callback Time             :      0.000 sec
| Explicit Surface Cut Time     :      0.000 sec
| Overset Preprocessing Time    :      0.000 sec
| Initialize Flow Time          :      0.011 sec
|
| Total Init Time               :      0.167 sec
+--------------------------------------------------+
+----------------------------------------------------------------------+
|  Switching to Aero Problem: flat_plate_heat                          |
+----------------------------------------------------------------------+

+------------------------------------------------------------------------------+
| pyADFLOW Warning: 'zipperSurfaceFamily' option was not given. Using all wall |
| boundary conditions for the zipper mesh.                                     |
+------------------------------------------------------------------------------+

-> Alpha... 0.000000 
+----------------------------------------+
|      All Modified ADFLOW Options:      |
+----------------------------------------+
{'CFL': 1.0,
 'L2Convergence': 1e-12,
 'coarseDiscretization': 'upwind',
 'discretization': 'upwind',
 'equationType': 'laminar NS',
 'gridFile': './meshes/fp_l1_rebunch_fixed_inout.cgns',
 'monitorVariables': ['resrho', 'resmom', 'resrhoe', 'yplus'],
 'nCycles': 5000,
 'outputDirectory': 'output',
 'surfaceVariables': ['cf',
                      'cfx',
                      'cfy',
                      'cfz',
                      'p',
                      'vx',
                      'vy',
                      'vz',
                      'temp',
                      'rho',
                      'mach',
                      'yplus',
                      'ch'],
 'turbResScale': 10000.0,
 'useNKSolver': True,
 'writeSurfaceSolution': False,
 'writeTecplotSurfaceSolution': True}
#
# Grid 1: Performing 5000 iterations, unless converged earlier. Minimum required iteration before NK switch:      5. Switch to NK at totalR of:   2.79E-01
#
#--------------------------------------------------------------------------------------------------------------------------------------------------------------------------------------------------------------
#  Grid  | Iter | Iter |  Iter  |   CFL   | Step | Lin  |        Res rho         |        Res rhou        |        Res rhov        |        Res rhow        |        Res rhoE        |        totalRes        |
#  level |      | Tot  |  Type  |         |      | Res  |                        |                        |                        |                        |                        |                        |
#--------------------------------------------------------------------------------------------------------------------------------------------------------------------------------------------------------------
      1       0      0     None     ----    ----   ----   5.8571131923407458E-14   2.8280089726333586E+01   1.2124419128697448E-02   4.7257363598768670E-14   2.1784697969424667E+02   2.7897849879962374E+04 
      1       1      3     *ANK   5.00E+00  1.00  0.001   4.3229123329092872E+01   1.6103042932582493E+01   1.8387918381834591E+01   3.6612469128068203E-14   6.9198368269095582E+01   1.0816751133300617E+04 
      1       2      6     *ANK   2.05E+01  1.00  0.013   4.5316232545526717E+01   8.8059889860928688E+00   5.6991584358416389E+00   2.5251013903927997E-14   1.7795043053002043E+01   6.3246721223914092E+03 
      1       3     10      ANK   2.05E+01  1.00  0.029   3.6942332743693278E+01   7.3971461435140862E+00   2.6003221492082877E+00   5.4751861498388179E-13   8.0918377887887711E+00   4.9048984161771123E+03 
      1       4     13     *ANK   7.21E+01  1.00  0.024   2.8173215877538240E+01   5.2978036601564087E+00   9.7814301064008169E-01   8.1980955107213322E-14   7.1621515949154206E+00   3.7545543451920435E+03 
      1       5     17      ANK   7.21E+01  1.00  0.032   2.3715708140076497E+01   3.8778958995151047E+00   8.8500769322266282E-01   1.3866989270484957E-12   3.9346886360305255E+00   3.0944797448155741E+03 
      1       6     21      ANK   7.21E+01  1.00  0.035   1.6108566745566179E+01   3.4688556655375105E+00   7.7567366173514796E-01   8.5266251432403459E-13   2.3088561943658203E+00   2.1153571035858945E+03 
      1       7     25     *ANK   2.67E+02  1.00  0.009   8.9423463505375249E+00   2.3222183111032129E+00   9.1212874954033896E-01   2.3032790541008619E-12   2.6845533604520293E+00   1.2273173231542228E+03 
      1       8     29      ANK   2.67E+02  1.00  0.026   5.5408630658834621E+00   1.5059034934855495E+00   4.1037932534597804E-01   1.6634589833935152E-12   1.0336179054737105E+00   7.4274444056991263E+02 
      1       9     33     *ANK   1.19E+03  1.00  0.037   2.7783527581310365E+00   6.0544077402379115E-01   1.3030658850818815E+00   3.5345865627991322E-12   1.1380552806047535E+00   4.2270717480275187E+02 
      1      10     40      ANK   1.19E+03  0.49  0.018   3.3128883417835890E+00   5.4123048733024781E-01   7.0745844907358402E-01   2.1979112323226024E-12   6.2762860158550726E-01   4.4289728510396765E+02 
      1      11     57      ANK   1.19E+03  0.00  0.049   3.3128883417835597E+00   5.4123048733024948E-01   7.0745844907357769E-01   2.1979112325437759E-12   6.2762860158550993E-01   4.4289728510396407E+02 
      1      12     63     *ANK   5.95E+02  0.49  0.016   3.5661691864914897E+00   5.7273684983551709E-01   4.1203676519280336E-01   1.2239352504662714E-12   3.3002284606871851E-01   4.6356658683669309E+02 
      1      13     80      ANK   5.95E+02  0.00  0.013   3.5661691864914684E+00   5.7273684983551765E-01   4.1203676519283527E-01   1.2239352497446623E-12   3.3002284606876336E-01   4.6356658683669156E+02 
      1      14     83     *ANK   2.97E+02  1.00  0.038   3.6748112327689477E+00   6.2389965084168331E-01   1.5464862198255794E-01   1.2252140599730710E-13   2.1119296837387894E-01   4.7453055696378829E+02 
      1      15     86      ANK   2.97E+02  1.00  0.036   3.6609634545826713E+00   6.7821318570451583E-01   1.3189360321879656E-01   3.4472700122083347E-14   1.5709956097038408E-01   4.7355574721573709E+02 
      1      16     89      ANK   2.97E+02  1.00  0.041   3.5757868334296781E+00   7.0383271045065809E-01   9.9212770243877937E-02   1.7034624908704848E-14   1.5153363211624740E-01   4.6339534876378076E+02 
      1      17     92      ANK   2.97E+02  1.00  0.048   3.4340408870404286E+00   7.0415578930179612E-01   8.9005129974003255E-02   1.1232315939331541E-14   1.5069208328409220E-01   4.4573812983412768E+02 
      1      18     96      ANK   2.97E+02  1.00  0.005   3.1963930821497222E+00   6.8724236209542888E-01   5.5829115527237211E-02   3.7291469513094931E-13   9.2441740287912064E-02   4.1543231093758669E+02 
      1      19    100      ANK   2.97E+02  1.00  0.007   2.9487400801678114E+00   6.5835967020203412E-01   5.0509761868353903E-02   3.8453395215292878E-13   7.5714405126195539E-02   3.8387255673324972E+02 
      1      20    104      ANK   2.97E+02  1.00  0.010   2.7166765262708190E+00   6.2287460182750842E-01   4.7392065960000028E-02   3.7379677591385099E-13   7.0925236774340261E-02   3.5412506625182186E+02 
      1      21    108      ANK   2.97E+02  1.00  0.012   2.5005086802058116E+00   5.8487295558304864E-01   4.4810325622714677E-02   3.7163504821674995E-13   6.7580012178320242E-02   3.2628832937127868E+02 
      1      22    112      ANK   2.97E+02  1.00  0.016   2.3007595104718797E+00   5.4670939550424158E-01   4.2749617501192626E-02   1.4332461775699697E-10   6.5056831214756389E-02   3.0048581923325668E+02 
      1      23    116      ANK   2.97E+02  1.00  0.019   2.1176916812600859E+00   5.0971242629359692E-01   4.2136496174452961E-02   2.1408998649911795E-10   6.3372736292155521E-02   2.7678780706181669E+02 
      1      24    120     *ANK   7.52E+02  0.70  0.042   2.1992940110532317E+00   5.2808611893942226E-01   4.3300976213108071E-02   7.2108925978807242E-11   6.2608778271315169E-02   2.8740317162248817E+02 
      1      25    123      ANK   7.52E+02  1.00  0.039   2.2302487767137835E+00   5.3803442546674451E-01   5.1724067162790939E-02   2.5476155026360487E-12   7.0103738129542459E-02   2.9156815208090802E+02 
      1      26    126      ANK   7.52E+02  1.00  0.039   2.1560203724011036E+00   5.2624514054970362E-01   5.0921359435012380E-02   1.7084006677080837E-13   7.3150109403992011E-02   2.8207142730176446E+02 
      1      27    129      ANK   7.52E+02  1.00  0.045   2.0298341671001210E+00   5.0110619425815373E-01   5.2913122180189433E-02   2.8695018911859732E-14   7.3565587562464799E-02   2.6576929017137752E+02 
      1      28    133      ANK   7.52E+02  1.00  0.011   1.8337079065007278E+00   4.7055277727753797E-01   2.5071604300178074E-02   4.6469472269974583E-13   4.6049851684939289E-02   2.4051102284804386E+02 
      1      29    137      ANK   7.52E+02  1.00  0.011   1.6601797551490134E+00   4.3589587002230307E-01   2.2701715676522915E-02   4.6253421571557967E-13   3.3839448365803923E-02   2.1804386366454077E+02 
      1      30    141      ANK   7.52E+02  1.00  0.012   1.5048113462123638E+00   4.0090588662163867E-01   2.1384339515750538E-02   4.6283648294098170E-13   3.0100521271497569E-02   1.9782652672951582E+02 
      1      31    145      ANK   7.52E+02  1.00  0.015   1.3639800061962568E+00   3.6743083906756557E-01   2.0528548946116366E-02   4.6011593238095869E-13   2.8626699662281440E-02   1.7945077499351737E+02 
      1      32    149      ANK   7.52E+02  1.00  0.019   1.2368350005118107E+00   3.3621961375743620E-01   2.0517141749274367E-02   4.2489090499895979E-13   2.8075100342219512E-02   1.6283320154923115E+02 
      1      33    153      ANK   7.52E+02  1.00  0.024   1.1224711127618194E+00   3.0749552831398402E-01   2.0615799405064476E-02   4.2923266999292208E-13   2.7571801860714378E-02   1.4786618573700687E+02 
      1      34    170     *ANK   2.20E+03  0.00  0.016   1.1224711127618194E+00   3.0749552831398391E-01   2.0615799405064496E-02   4.2923267055212949E-13   2.7571801860714892E-02   1.4786618573700687E+02 
      1      35    173     *ANK   1.10E+03  1.00  0.037   1.0747174533010415E+00   2.9122777582855808E-01   2.3991191725570866E-02   1.6255044347363071E-14   3.0480526456386541E-02   1.4149298490089666E+02 
      1      36    176      ANK   1.10E+03  1.00  0.037   1.0024566098473837E+00   2.7212266738856317E-01   2.4208762524668449E-02   7.7274419233363125E-15   3.1284580410152224E-02   1.3201085217250295E+02 
      1      37    179      ANK   1.10E+03  1.00  0.043   9.2390620897269693E-01   2.5226453141251898E-01   2.5677858992825868E-02   6.8916239238740752E-15   3.1463298370234136E-02   1.2173679695611247E+02 
      1      38    183      ANK   1.10E+03  1.00  0.015   8.2834916560691263E-01   2.3462958600551856E-01   1.3340569496135508E-02   3.9562890702873155E-13   2.0090163870877562E-02   1.0937855936266760E+02 
      1      39    187      ANK   1.10E+03  1.00  0.013   7.4705308169143658E-01   2.1559224998810270E-01   1.1584526346358821E-02   4.0185378842665112E-13   1.5022688652690222E-02   9.8773893976494804E+01 
      1      40    191      ANK   1.10E+03  1.00  0.013   6.7478631467826766E-01   1.9702504743814817E-01   1.0448365971573791E-02   3.8679740264247208E-13   1.2896291262336268E-02   8.9298274998316245E+01 
      1      41    195      ANK   1.10E+03  1.00  0.015   6.0983354864804806E-01   1.7964965483621181E-01   9.8011549712635360E-03   3.7509535578831713E-13   1.1967447433981459E-02   8.0760933117948468E+01 
      1      42    199      ANK   1.10E+03  1.00  0.017   5.5160224787774170E-01   1.6367260961278732E-01   9.3719360875302894E-03   3.6061646847711069E-13   1.1432006174597010E-02   7.3094182011764758E+01 
      1      43    216     *ANK   3.52E+03  0.00  0.025   5.5160224787776002E-01   1.6367260961278696E-01   9.3719360875299633E-03   3.6061646841656838E-13   1.1432006174590101E-02   7.3094182011766947E+01 
      1      44    219     *ANK   1.76E+03  1.00  0.047   5.4250052090253831E-01   1.5620137123602226E-01   1.4748121130435421E-02   1.3688549591466381E-14   1.7293535151793483E-02   7.1752467279823861E+01 
      1      45    222      ANK   1.76E+03  1.00  0.047   5.0905256648024622E-01   1.4581039192238998E-01   1.5772467420559381E-02   7.4920016395425419E-15   1.9171935914164634E-02   6.7321272934538996E+01 
      1      46    226      ANK   1.76E+03  1.00  0.020   4.6169151140139608E-01   1.3773591187369863E-01   8.5747298442388018E-03   4.3859876229127640E-13   1.2411965158131238E-02   6.1216557043819250E+01 
      1      47    230      ANK   1.76E+03  1.00  0.020   4.1729952735293535E-01   1.2644271810124863E-01   7.4957628957302794E-03   4.1910934930038483E-13   1.0250027292331420E-02   5.5398225135292172E+01 
      1      48    234      ANK   1.76E+03  1.00  0.019   3.7632335071081929E-01   1.1495321864743911E-01   6.8730360647855796E-03   3.9045759738621611E-13   8.7777788727761950E-03   4.9991592437555418E+01 
      1      49    238      ANK   1.76E+03  1.00  0.021   3.3890011127419550E-01   1.0413426198158329E-01   6.3900281646058167E-03   3.6820566015265638E-13   8.0966702761258169E-03   4.5043986931420342E+01 
#--------------------------------------------------------------------------------------------------------------------------------------------------------------------------------------------------------------
#  Grid  | Iter | Iter |  Iter  |   CFL   | Step | Lin  |        Res rho         |        Res rhou        |        Res rhov        |        Res rhow        |        Res rhoE        |        totalRes        |
#  level |      | Tot  |  Type  |         |      | Res  |                        |                        |                        |                        |                        |                        |
#--------------------------------------------------------------------------------------------------------------------------------------------------------------------------------------------------------------
      1      50    242      ANK   1.76E+03  1.00  0.022   3.0512530204655330E-01   9.4208698966576701E-02   5.9948991291610245E-03   3.5423207723661709E-13   7.7176364440981436E-03   4.0573648093299106E+01 
      1      51    246      ANK   1.76E+03  1.00  0.024   2.7486926559425034E-01   8.5204742962562904E-02   5.6099118846696175E-03   3.3991663623550702E-13   7.3089543034233501E-03   3.6564690321134819E+01 
      1      52    250      ANK   1.76E+03  1.00  0.027   2.4786981611298650E-01   7.7079500815663879E-02   5.3594685538619347E-03   3.1960291272581282E-13   6.9573634179741503E-03   3.2984235407053681E+01 
      1      53    267     *ANK   6.23E+03  0.00  0.041   2.4786981611300365E-01   7.7079500815663685E-02   5.3594685538619347E-03   3.1960291304130367E-13   6.9573634179689479E-03   3.2984235407055714E+01 
      1      54    271     *ANK   3.11E+03  1.00  0.029   2.5839339675774564E-01   7.9162363457586274E-02   5.3624491727386767E-03   5.5877510640441547E-13   7.6401824307926365E-03   3.4340861531208411E+01 
      1      55    275      ANK   3.11E+03  1.00  0.028   2.3947335146394455E-01   7.3707863965081569E-02   5.0424479309109952E-03   5.4134141584749573E-13   7.1420720062881160E-03   3.1839503742693118E+01 
      1      56    279      ANK   3.11E+03  1.00  0.030   2.1566298358230207E-01   6.6537156094128094E-02   4.8453964370248443E-03   4.7259645150177831E-13   6.7251135895887108E-03   2.8681554215439476E+01 
      1      57    283      ANK   3.11E+03  1.00  0.032   1.9256800766751025E-01   5.9598546896330803E-02   4.6866684690046690E-03   4.1767162268498749E-13   6.2834252903148187E-03   2.5619192065080320E+01 
      1      58    287      ANK   3.11E+03  1.00  0.034   1.7139483012738535E-01   5.3292900897350663E-02   4.5075365711949849E-03   3.7590328815788538E-13   6.0076502502104919E-03   2.2814350808048157E+01 
      1      59    291      ANK   3.11E+03  1.00  0.037   1.5237398494816920E-01   4.7646354580432725E-02   4.2713958724986774E-03   3.5852533245683609E-13   5.7178814600169761E-03   2.0295125305534363E+01 
      1      60    295      ANK   3.11E+03  1.00  0.040   1.3545711481385661E-01   4.2614723691175596E-02   4.0234146081859958E-03   3.2941889356839654E-13   5.3953926376773733E-03   1.8053973434273125E+01 
      1      61    299      ANK   3.11E+03  1.00  0.042   1.2050435826860342E-01   3.8144500233749684E-02   3.7897394084351198E-03   3.0806742050036067E-13   5.0587665540079117E-03   1.6072031137685816E+01 
      1      62    317     *ANK   1.01E+04  0.00  0.039   1.2050435826860226E-01   3.8144500233749733E-02   3.7897394084340525E-03   3.0806742047997988E-13   5.0587665540052004E-03   1.6072031137685656E+01 
      1      63    321     *ANK   5.07E+03  1.00  0.046   1.2470001401972707E-01   3.9015525577858715E-02   3.5315874320665246E-03   5.1032236708595418E-13   5.3099125427095231E-03   1.6613187913099605E+01 
      1      64    325      ANK   5.07E+03  1.00  0.043   1.1256092913965801E-01   3.5484280938414339E-02   3.2835117116029647E-03   4.8122501466154584E-13   4.9855481305001057E-03   1.5007439208411681E+01 
      1      65    329      ANK   5.07E+03  1.00  0.046   9.9019030436343553E-02   3.1385570137019210E-02   3.1890341671582073E-03   4.1937990461868338E-13   4.6836556249415014E-03   1.3211210029107340E+01 
      1      66    333      ANK   5.07E+03  1.00  0.049   8.6613664404285765E-02   2.7663374497962356E-02   3.0934410969154407E-03   3.6626083732277794E-13   4.3244048775288417E-03   1.1566726539561150E+01 
      1      67    338      ANK   5.07E+03  1.00  0.030   7.6652462786866549E-02   2.5133252114737555E-02   1.8477589655630418E-03   2.5943967151956632E-11   2.8180774624674792E-03   1.0253417207100986E+01 
      1      68    343      ANK   5.07E+03  1.00  0.026   6.7306638012853179E-02   2.2203589151474138E-02   1.6707375634681600E-03   3.9532426976009013E-11   2.2717715053928089E-03   9.0078936789391992E+00 
      1      69    348      ANK   5.07E+03  1.00  0.033   5.8852197815638836E-02   1.9514823603192982E-02   1.6895774361415916E-03   4.6746525739689516E-11   2.3606999501689435E-03   7.8828013304870863E+00 
      1      70    367     *ANK   1.64E+04  0.00  0.048   5.8852197815654976E-02   1.9514823603192812E-02   1.6895774361415910E-03   4.6746525739691649E-11   2.3606999501668158E-03   7.8828013304890119E+00 
      1      71    371     *ANK   8.20E+03  1.00  0.048   6.0280824457557350E-02   1.9369695318371887E-02   2.0499660620879644E-03   3.4255754651010036E-11   2.6102341192292752E-03   8.0519696031601953E+00 
      1      72    376      ANK   8.20E+03  1.00  0.038   5.3245582428416080E-02   1.7639091037521898E-02   1.6709747941930687E-03   6.3918477435613477E-11   2.4192346059559492E-03   7.1331490146572625E+00 
      1      73    381      ANK   8.20E+03  1.00  0.031   4.6099664870909371E-02   1.5458940756594319E-02   1.2829570868231979E-03   1.7877418091891440E-10   1.7692963990321527E-03   6.1811142217222850E+00 
      1      74    386      ANK   8.20E+03  1.00  0.045   3.9491222503425419E-02   1.3246018433928397E-02   1.4857719621927698E-03   2.3827637486312804E-10   2.0745729197032556E-03   5.2997467570171990E+00 
      1      75    391      ANK   8.20E+03  1.00  0.041   3.3775381637233287E-02   1.1459883543032227E-02   1.1676711235601965E-03   2.3980582038193681E-10   1.6911643692054691E-03   4.5370289114596281E+00 
      1      76    396      ANK   8.20E+03  1.00  0.039   2.9040322235809574E-02   9.9718795112449850E-03   9.4348124635145738E-04   2.9117110723412891E-10   1.3750515632804247E-03   3.9051229884284502E+00 
      1      77    418     *ANK   2.62E+04  0.00  0.039   2.9040322235809095E-02   9.9718795112450111E-03   9.4348124635145565E-04   2.9117110723412684E-10   1.3750515632787827E-03   3.9051229884283889E+00 
      1      78    423     *ANK   1.31E+04  1.00  0.047   2.9340235333995459E-02   9.9798427327898506E-03   1.1680415059038358E-03   3.2693053965108741E-10   1.4390201451799202E-03   3.9427763305084547E+00 
      1      79    429      ANK   1.31E+04  1.00  0.042   2.5266795812577996E-02   8.6836804146225733E-03   9.4981850907686514E-04   4.4052224459130977E-10   1.3100555826966031E-03   3.3992167625470673E+00 
      1      80    434      ANK   1.31E+04  1.00  0.049   2.1095477196866431E-02   7.1956684677476034E-03   8.9508917299481005E-04   4.3605036109515219E-10   1.2370106953602600E-03   2.8372415009311913E+00 
      1      81    440      ANK   1.31E+04  1.00  0.046   1.7765807193390395E-02   6.2176259530396074E-03   6.7243668276114785E-04   4.3878379137099912E-10   1.0470759299763626E-03   2.3955891713051396E+00 
      1      82    445      ANK   1.31E+04  1.00  0.046   1.4928755188044835E-02   5.2631030620067304E-03   5.6276197750511911E-04   4.4541007429133885E-10   8.6360575975930629E-04   2.0145214628493990E+00 
      1      83    451      ANK   1.31E+04  1.00  0.049   1.2578182912824998E-02   4.5095604265196695E-03   5.1749002854751603E-04   4.5582350995044475E-10   7.9116284033665517E-04   1.7011811409256987E+00 
      1      84    474     *ANK   4.80E+04  0.00  0.033   1.2578182912825097E-02   4.5095604265196695E-03   5.1749002854742225E-04   4.5582350995040515E-10   7.9116284033680642E-04   1.7011811409257112E+00 
      1      85    482     *ANK   2.40E+04  0.70  0.046   1.2860564076460336E-02   4.5634943998789715E-03   4.2257166793462233E-04   4.0620134571546144E-10   6.8843662851369395E-04   1.7360510504888149E+00 
      1      86    488      ANK   2.40E+04  1.00  0.042   1.1352312468448100E-02   4.0000758487286157E-03   4.4827733131374035E-04   5.4845719410744203E-10   5.9159004430348874E-04   1.5314826740924665E+00 
      1      87    494      ANK   2.40E+04  1.00  0.042   9.2200532100775445E-03   3.3136804354533494E-03   4.1043069138493784E-04   5.3600227622269393E-10   5.3614255727792821E-04   1.2471877325277114E+00 
      1      88    500      ANK   2.40E+04  1.00  0.042   7.4881546006829022E-03   2.7628739833591930E-03   3.1602807259929733E-04   4.9520146573094520E-10   4.5212121820411731E-04   1.0160496134717452E+00 
      1      89    506      ANK   2.40E+04  1.00  0.041   6.1160068598807944E-03   2.3217885066804172E-03   2.7402531809727590E-04   4.4045107927000361E-10   3.7134003455453399E-04   8.3285820043214964E-01 
      1      90    526     *ANK   7.78E+04  0.00  0.048   6.1160068598807935E-03   2.3217885066804177E-03   2.7402531809727596E-04   4.4045107927000548E-10   3.7134003455453648E-04   8.3285820043214953E-01 
      1      91    532     *ANK   3.89E+04  1.00  0.046   5.5779195319666840E-03   2.0960648239089219E-03   2.3314299630624203E-04   4.4157102494217932E-10   3.3749526024633159E-04   7.5852838808427081E-01 
      1      92    538      ANK   3.89E+04  1.00  0.042   4.4806882854404222E-03   1.7520339902748431E-03   2.2653271165609142E-04   3.8194572427644029E-10   2.8580343863701999E-04   6.1273713541339492E-01 
      1      93    544      ANK   3.89E+04  1.00  0.040   3.6179232190204614E-03   1.4654382244154950E-03   1.9369739354526002E-04   3.0883355748579967E-10   2.3521893164796877E-04   4.9723012021803192E-01 
      1      94    550      ANK   3.89E+04  1.00  0.038   2.9672778419568219E-03   1.2414748361428581E-03   1.7099985877566372E-04   2.4017822727032747E-10   1.9147398712858048E-04   4.0978425554896869E-01 
      1      95    556     *ANK   1.00E+05  1.00  0.041   2.6842880551012707E-03   1.1089309036630497E-03   1.3343538807642966E-04   2.1392792162652964E-10   1.7054848546034238E-04   3.6986220300531780E-01 
      1      96    562      ANK   1.00E+05  1.00  0.037   2.1659382602919200E-03   9.3433990503931906E-04   1.4940033781196257E-04   1.5485756755048042E-10   1.4169930153452113E-04   3.0070669267197331E-01 
      1      97    567      ANK   1.00E+05  1.00  0.047   1.7608514281416631E-03   7.7608672101529667E-04   1.6001191792532662E-04   9.1098916824336296E-11   1.3492314365923247E-04   2.4581912538940073E-01 
      1      98    572      *NK     ----    1.00  0.279   4.3900031638356143E-04   1.5367233648366834E-04   2.7678094183964638E-04   4.7159258837402025E-10   2.4997450850486178E-04   7.5712599821055368E-02 
      1      99    584       NK     ----    1.00  0.146   6.6688313371883221E-05   3.0405215485951780E-05   5.9237762441097090E-05   1.2958605572321876E-10   6.1603320722493986E-05   1.4298138066953764E-02 
#--------------------------------------------------------------------------------------------------------------------------------------------------------------------------------------------------------------
#  Grid  | Iter | Iter |  Iter  |   CFL   | Step | Lin  |        Res rho         |        Res rhou        |        Res rhov        |        Res rhow        |        Res rhoE        |        totalRes        |
#  level |      | Tot  |  Type  |         |      | Res  |                        |                        |                        |                        |                        |                        |
#--------------------------------------------------------------------------------------------------------------------------------------------------------------------------------------------------------------
      1     100    646       NK     ----    1.00  0.197   1.7968474303556098E-05   2.3263751416064988E-05   4.4192347491618406E-05   9.6855727196719684E-12   3.0121024149928885E-05   7.7502024070372931E-03 
      1     101    651       NK     ----    1.00  0.332   1.4068544652660088E-05   1.2282361625225630E-05   5.8853639381865902E-06   6.9489597992494945E-13   1.9829701295930940E-05   3.5391479138362570E-03 
      1     102    709       NK     ----    0.01  0.258   1.3959327670905906E-05   1.2126755888708013E-05   5.9520990986487460E-06   7.2340160085740284E-13   1.9843529983018300E-05   3.5265464509093144E-03 
      1     103    712       NK     ----    1.00  0.726   1.0388398337468978E-05   1.0965621303927944E-05   7.5451116436190006E-06   1.5751863985617509E-13   1.0795765984756457E-05   2.5451257605375176E-03 
      1     104    742       NK     ----    0.10  0.691   9.8757753913336104E-06   1.0665751751305034E-05   6.9718198826326191E-06   1.6295234872966502E-13   1.0889447914689951E-05   2.4706383069969867E-03 
      1     105    751       NK     ----    1.00  0.797   6.3662712008312765E-06   9.9792685016205163E-06   3.8996143619926496E-06   2.4299143985758438E-13   8.4004011290416963E-06   1.9087002976982200E-03 
      1     106    767       NK     ----    0.33  0.676   5.2899110341776321E-06   8.2644877461086426E-06   3.3843742780974798E-06   2.9110661495648294E-13   6.9686074863958735E-06   1.5877067697877396E-03 
      1     107    781       NK     ----    0.39  0.728   4.2178269570834090E-06   6.8916034201670734E-06   2.9826778981850821E-06   3.2644024849267832E-13   5.8664384239315944E-06   1.3234167597560281E-03 
      1     108    791       NK     ----    1.00  0.741   2.2175309020514357E-06   5.6222759277960026E-06   2.3035312299159621E-06   6.1922813008846061E-13   5.5196408192783092E-06   1.0798408903341691E-03 
      1     109    799       NK     ----    1.00  0.703   1.4070015626834194E-06   4.0592502633699941E-06   3.0083104273812227E-06   3.7414982655281625E-13   4.4499712682118270E-06   8.7350161304553399E-04 
      1     110    808       NK     ----    1.00  0.673   1.1847931313966281E-06   3.5745054003124628E-06   1.7590144542103525E-06   1.8198132653325755E-13   4.1237095285706434E-06   7.4355013531775163E-04 
      1     111    820       NK     ----    0.37  0.711   1.0970754707875424E-06   2.9879522184782667E-06   1.4530018922726135E-06   1.5878605128384867E-13   3.8206608510602919E-06   6.5793395001474990E-04 
      1     112    825       NK     ----    1.00  0.772   6.8132093440466402E-07   2.6129859360666920E-06   1.1800625554663725E-06   7.2380479730295214E-14   2.5161026741807616E-06   4.9210300924469770E-04 
      1     113    832       NK     ----    1.00  0.673   4.9138398202742395E-07   1.7537275654381149E-06   7.7254971911092781E-07   1.1245811070435187E-13   1.8811173739411361E-06   3.4668888343271880E-04 
      1     114    845       NK     ----    1.00  0.537   2.4550234782226365E-07   9.4445832802485147E-07   1.0234799776814468E-06   1.2571261751519739E-13   9.2290076815141902E-07   2.1445157099768411E-04 
      1     115    857       NK     ----    1.00  0.443   1.2746712194802291E-07   5.3892260320293901E-07   3.1465663665561490E-07   6.7554290164926301E-14   5.1434546349367923E-07   1.0396980009079790E-04 
      1     116    872       NK     ----    0.40  0.295   1.0818922086026387E-07   5.0816059197045035E-07   2.0034651686349581E-07   4.2908894742312597E-14   4.6777860477478537E-07   9.2357457375453141E-05 
      1     117    876       NK     ----    1.00  0.691   9.2355649640543938E-08   4.5014762777635886E-07   1.6398721824129292E-07   1.3225318516187417E-14   3.9072670956527620E-07   7.9382355228799236E-05 
      1     118    882      *NK     ----    1.00  0.767   8.1049275451695822E-08   3.8085922352896262E-07   1.7964144874242488E-07   1.5287288811806770E-14   3.3394412263024472E-07   6.9024721371594629E-05 
      1     119    888       NK     ----    1.00  0.764   6.7633590812562363E-08   2.8942291655302130E-07   1.3200016474728977E-07   1.5428242296892861E-14   2.7894048939002750E-07   5.4411813641597041E-05 
      1     120    896       NK     ----    1.00  0.637   5.6286619780728651E-08   2.2268958853607395E-07   9.1809638763453331E-08   2.2185023656294844E-14   2.3423709148610363E-07   4.3263527382053063E-05 
      1     121    905       NK     ----    1.00  0.680   3.5803907110541989E-08   1.7372594804208941E-07   7.1601881394178085E-08   1.0891069356733529E-14   1.5552541976468146E-07   3.1308486078471967E-05 
      1     122    920       NK     ----    1.00  0.568   4.6868204300886278E-08   1.1795004406234773E-07   4.5541806215290486E-08   2.3952639740896732E-14   1.7703952621155980E-07   2.8262228802315159E-05 
      1     123    923       NK     ----    1.00  0.733   2.5946030150147174E-08   1.1162431058861650E-07   4.5381285505291770E-08   8.3564954235632185E-15   1.0763361473038141E-07   2.0781476522437537E-05 
      1     124    933       NK     ----    1.00  0.685   2.5045061734407317E-08   8.1010632318830704E-08   3.9077354742889770E-08   1.0767370513355962E-14   9.6312041326783907E-08   1.7035009051810783E-05 
      1     125    939       NK     ----    1.00  0.712   1.4416053254005557E-08   6.5117943764117308E-08   3.3257321856718277E-08   7.9193412988281514E-15   5.9647786512069120E-08   1.2122688613362804E-05 
      1     126    951       NK     ----    1.00  0.559   1.0966157320725165E-08   3.7485424008070210E-08   1.7350312676222249E-08   1.7053863649050525E-14   4.2071281160572552E-08   7.6159949424834492E-06 
      1     127    965       NK     ----    1.00  0.437   4.5262135772637114E-09   1.7464107124324370E-08   9.3716192600072456E-09   9.7250497508303611E-15   1.6824831000015818E-08   3.3513099609375631E-06 
      1     128    980       NK     ----    1.00  0.286   1.3348300479943743E-09   5.0039379548080764E-09   2.7425534194156355E-09   6.8276186694121580E-15   4.9824178371936952E-09   9.7685692790689620E-07 
      1     129   1002       NK     ----    1.00  0.134   2.0355725640331257E-10   6.0194242687413478E-10   4.9972417767707420E-10   8.0933088096357001E-15   6.2518447274424123E-10   1.2978165797381897E-07 
      1     130   1038       NK     ----    1.00  0.037   1.1058531375000538E-11   2.4705666301342986E-11   1.6914675491123768E-11   6.6762427746209185E-15   3.5569239263210939E-11   6.0692136452307404E-09 
#
# Writing grid file(s):
#    output/flat_plate_heat_000_vol.cgns
# Grid file(s) written
#
#
# Writing volume solution file(s):
#    output/flat_plate_heat_000_vol.cgns
# Volume solution file(s) written
#
#
# Writing tecplot surface file(s):
#    output/flat_plate_heat_000_surf.plt
# Tecplot surface file(s) written
#
+-------------------------------------------------+
|
| Solution Timings:
|
| Set AeroProblem Time          :      0.006 sec
| Solution Time                 :     51.225 sec
| Write Solution Time           :      0.030 sec
| Stability Parameter Time      :      0.000 sec
|
| Total Call Time               :     51.261 sec
+--------------------------------------------------+
-> Alpha... 0.000000 
+---------------------------------------------------+
|
| Function Timings:
|
| Function AeroProblem Time     :      0.002 sec
| Function Evaluation Time      :      0.000 sec
| User Function Evaluation Time :      0.000 sec
|
| Total Function Evaluation Time:      0.002 sec
+--------------------------------------------------+

 ADflow simulation complete!
flat_plate_heat_cd   : -1.238524e-06
flat_plate_heat_cdp  : -8.914725e-07
flat_plate_heat_cdv  : 1.824642e-06
flat_plate_heat_cl   : -3.718880e-06
