
-------------------------------------------------------------------------
|    ___ _   _ ___                                                      |
|   / __| | | |_  )   Release 8.5.0 "Harrier"                           |
|   \__ \ |_| |/ /                                                      |
|   |___/\___//___|   Suite (Computational Fluid Dynamics Code)         |
|                                                                       |
-------------------------------------------------------------------------
| SU2 Project Website: https://su2code.github.io                        |
|                                                                       |
| The SU2 Project is maintained by the SU2 Foundation                   |
| (http://su2foundation.org)                                            |
-------------------------------------------------------------------------
| Copyright 2012-2026, SU2 Contributors                                 |
|                                                                       |
| SU2 is free software; you can redistribute it and/or                  |
| modify it under the terms of the GNU Lesser General Public            |
| License as published by the Free Software Foundation; either          |
| version 2.1 of the License, or (at your option) any later version.    |
|                                                                       |
| SU2 is distributed in the hope that it will be useful,                |
| but WITHOUT ANY WARRANTY; without even the implied warranty of        |
| MERCHANTABILITY or FITNESS FOR A PARTICULAR PURPOSE. See the GNU      |
| Lesser General Public License for more details.                       |
|                                                                       |
| You should have received a copy of the GNU Lesser General Public      |
| License along with SU2. If not, see <http://www.gnu.org/licenses/>.   |
-------------------------------------------------------------------------

Parsing config file for zone 0

----------------- Physical Case Definition ( Zone 0 ) -------------------
Incompressible Laminar Navier-Stokes' equations.
No restart solution, use the values at infinity (freestream).
Non-Dimensional simulation using intialization values.
The reference area is 0.3048 m^2.
The semi-span will be computed using the max y(3D) value.
The reference length is 1 m.
Reference origin for moment evaluation is (0.25, 0, 0).
Surface(s) where the force coefficients are evaluated: wall.

Surface(s) plotted in the output file: wall.
Input mesh file name: mesh_flatplate_65x65.su2

--------------- Space Numerical Integration ( Zone 0 ) ------------------
Flux difference splitting (FDS) upwind scheme for the flow inviscid terms.
Second order integration in space, with slope limiter.
No slope-limiting method. 
Average of gradients with correction (viscous flow terms).
Gradient for upwind reconstruction: inverse-distance weighted Least-Squares.
Gradient for viscous and source terms: inverse-distance weighted Least-Squares.

--------------- Time Numerical Integration  ( Zone 0 ) ------------------
Local time stepping (steady state simulation).
Euler implicit method for the flow equations.
FGMRES is used for solving the linear system.
Using a ILU(0) preconditioning.
Convergence criteria of the linear solver: 1e-14.
Max number of linear iterations: 25.
CFL adaptation. Factor down: 0.1, factor up: 2,
                lower limit: 1, upper limit: 1e+10,
                acceptable linear residual: 0.001'
                starting iteration: 0.
Courant-Friedrichs-Lewy number:       15

------------------ Convergence Criteria  ( Zone 0 ) ---------------------
Maximum number of solver subiterations: 99999.
Begin convergence monitoring at iteration 10.
Residual minimum value: 1e-16.
Cauchy series min. value: 1e-06.
Number of Cauchy elements: 100.
Begin windowed time average at iteration 0.

-------------------- Output Information ( Zone 0 ) ----------------------
File writing frequency: 
+------------------------------------+
|                     File| Frequency|
+------------------------------------+
|                  RESTART|       250|
|                 PARAVIEW|       250|
|         SURFACE_PARAVIEW|       250|
+------------------------------------+
Writing the convergence history file every 1 inner iterations.
Writing the screen convergence history every 1 inner iterations.
The tabular file format is CSV (.csv).
Convergence history file name: history.
Forces breakdown file name: forces_breakdown.dat.
Surface file name: surface_flow.
Volume file name: flow.
Restart file name: restart_flow.

------------- Config File Boundary Information ( Zone 0 ) ---------------
+-----------------------------------------------------------------------+
|                        Marker Type|                        Marker Name|
+-----------------------------------------------------------------------+
|                     Symmetry plane|                           symmetry|
+-----------------------------------------------------------------------+
|                     Inlet boundary|                              inlet|
+-----------------------------------------------------------------------+
|                    Outlet boundary|                             outlet|
|                                   |                           farfield|
+-----------------------------------------------------------------------+
|                    Isothermal wall|                               wall|
+-----------------------------------------------------------------------+

-------------------- Output Preprocessing ( Zone 0 ) --------------------

WARNING: SURFACE_PRESSURE_DROP can only be computed for at least 2 surfaces (outlet, inlet, ...)

Screen output fields: INNER_ITER, ITER_TIME, WALL_TIME, RMS_PRESSURE, RMS_VELOCITY-X, LIFT, DRAG
History output group(s): ITER, RMS_RES
Convergence field(s): RMS_PRESSURE
Warning: No (valid) fields chosen for time convergence monitoring. Time convergence monitoring inactive.
Volume output fields: COORDINATES, SOLUTION, PRIMITIVE

------------------- Geometry Preprocessing ( Zone 0 ) -------------------
Two dimensional problem.
4225 grid points.
4096 volume elements.
5 surface markers.
64 boundary elements in index 0 (Marker = farfield).
64 boundary elements in index 1 (Marker = inlet).
64 boundary elements in index 2 (Marker = outlet).
20 boundary elements in index 3 (Marker = symmetry).
44 boundary elements in index 4 (Marker = wall).
4096 quadrilaterals.
Setting point connectivity.
Renumbering points (Reverse Cuthill McKee Ordering).
Recomputing point connectivity.
Setting element connectivity.
Checking the numerical grid orientation.
All volume elements are correctly oriented.
All surface elements are correctly oriented.
Identifying edges and vertices.
Setting the control volume structure.
Area of the computational grid: 0.0109728.
Searching for the closest normal neighbors to the surfaces.
Storing a mapping from global to local point index.
Compute the surface curvature.
Max K: 243.895. Mean K: 4.79803. Standard deviation K: 30.5378.
Computing mesh quality statistics for the dual control volumes.
+--------------------------------------------------------------+
|           Mesh Quality Metric|        Minimum|        Maximum|
+--------------------------------------------------------------+
|    Orthogonality Angle (deg.)|             90|             90|
|     CV Face Area Aspect Ratio|        1.00058|        3172.47|
|           CV Sub-Volume Ratio|              1|        1.26272|
+--------------------------------------------------------------+
Finding max control volume width.
Wetted area = 0.3048 m.
Area projection in the x-plane = 0 m, y-plane = 0 m.
Max. coordinate in the x-direction = 0.3048 m, y-direction = 0 m.
Min. coordinate in the x-direction = -6.93889e-18 m, y-direction = 0 m.
Computing wall distances.

-------------------- Solver Preprocessing ( Zone 0 ) --------------------
Incompressible flow: rho_ref, vel_ref, and temp_ref
are based on the initial values, p_ref = rho_ref*vel_ref^2.
Force coefficients computed using initial values.
The reference area for force coeffs. is 0.3048 m^2.
The reference length for force coeffs. is 1 m.
The pressure is decomposed into thermodynamic and dynamic components.
The initial value of the dynamic pressure is 0.
Mach number: 0, computed using fluid speed of sound.
For external flows, the initial state is imposed at the far-field.
Angle of attack (deg): 0, computed using the initial velocity.
Side slip angle (deg): 0, computed using the initial velocity.
Reynolds number per meter: 4.26915e+06, computed using initial values.
Reynolds number is a byproduct of inputs only (not used internally).
SI units only. The grid should be dimensional (meters).
Energy equation is active and coupled for variable density.

-- Models:
+------------------------------------------------------------------------------+
|          Viscosity Model|        Conductivity Model|              Fluid Model|
+------------------------------------------------------------------------------+
|               SUTHERLAND|          CONSTANT_PRANDTL|            INC_IDEAL_GAS|
+------------------------------------------------------------------------------+
-- Fluid properties:
+------------------------------------------------------------------------------+
|                  Name|    Dim. value|    Ref. value|      Unit|Non-dim. value|
+------------------------------------------------------------------------------+
|        Ref. Viscosity|     1.716e-05|       78.3232|   N.s/m^2|   2.19092e-07|
|      Sutherland Temp.|        273.15|        297.62|         K|      0.917781|
|     Sutherland Const.|         110.4|        297.62|         K|      0.370943|
+------------------------------------------------------------------------------+
|        Prandtl (Lam.)|             -|             -|         -|          0.72|
|       Prandtl (Turb.)|             -|             -|         -|           0.9|
+------------------------------------------------------------------------------+
|       Spec. Heat (Cp)|        1004.7|       16.0752|  N.m/kg.K|       62.5001|
|      Molecular weight|         28.96|             1|     g/mol|         28.96|
|          Gas Constant|       287.102|       16.0752|  N.m/kg.K|       17.8599|
|       Therm. Pressure|       96756.1|       5417.51|        Pa|       17.8599|
+------------------------------------------------------------------------------+
-- Initial and free-stream conditions:
+------------------------------------------------------------------------------+
|                  Name|    Dim. value|    Ref. value|      Unit|Non-dim. value|
+------------------------------------------------------------------------------+
|      Dynamic Pressure|             0|       5417.51|        Pa|             0|
|        Total Pressure|       2708.76|       5417.51|        Pa|           0.5|
|               Density|       1.13235|       1.13235|    kg/m^3|             1|
|           Temperature|        297.62|        297.62|         K|             1|
|            Velocity-X|       69.1687|       69.1687|       m/s|             1|
|            Velocity-Y|             0|       69.1687|       m/s|             0|
|    Velocity Magnitude|       69.1687|       69.1687|       m/s|             1|
+------------------------------------------------------------------------------+
|             Viscosity|   1.83463e-05|       78.3232|   N.s/m^2|   2.34239e-07|
|          Conductivity|             -|       1259.06|   W/m^2.K|             -|
+------------------------------------------------------------------------------+
|           Mach Number|             -|             -|         -|             0|
|       Reynolds Number|             -|             -|         -|   4.26915e+06|
+------------------------------------------------------------------------------+
Initialize Jacobian structure (Navier-Stokes). MG level: 0.

------------------- Numerics Preprocessing ( Zone 0 ) -------------------

----------------- Integration Preprocessing ( Zone 0 ) ------------------

------------------- Iteration Preprocessing ( Zone 0 ) ------------------
Euler/Navier-Stokes/RANS fluid iteration.

------------------------------ Begin Solver -----------------------------

Simulation Run using the Single-zone Driver
+------------------------------------------------------------------------------------------+
|  Inner_Iter|   Time(sec)|   Time(sec)|      rms[P]|      rms[U]|          CL|          CD|
+------------------------------------------------------------------------------------------+
|           0|    0.011789|  1.1789e-02|  -21.680893|  -21.680893|    0.058159|    0.028378|
|           1|    0.012523|  1.2156e-02|   -5.287314|   -4.882990|    0.067577|    0.025061|
|           2|    0.014052|  1.2788e-02|   -5.108125|   -5.011815|    0.053253|    0.020670|
|           3|    0.013327|  1.2923e-02|   -5.158644|   -5.203621|    0.034737|    0.016079|
|           4|    0.014092|  1.3156e-02|   -5.278223|   -5.429646|    0.008788|    0.011969|
|           5|    0.012914|  1.3116e-02|   -5.478604|   -5.796591|   -0.011826|    0.008646|
|           6|    0.012446|  1.3020e-02|   -5.651172|   -5.889881|   -0.011424|    0.006167|
|           7|    0.013071|  1.3027e-02|   -5.837809|   -5.958116|   -0.005331|    0.004428|
|           8|    0.013053|  1.3030e-02|   -6.118316|   -6.250477|   -0.002880|    0.003228|
|           9|    0.012884|  1.3015e-02|   -6.322123|   -6.359600|   -0.001506|    0.002391|
|          10|    0.013645|  1.3072e-02|   -6.501153|   -6.533402|   -0.000657|    0.001811|
|          11|    0.013817|  1.3134e-02|   -6.677218|   -6.681674|   -0.000127|    0.001438|
|          12|    0.012958|  1.3121e-02|   -6.836582|   -6.823279|    0.000206|    0.001231|
|          13|    0.013491|  1.3147e-02|   -6.949258|   -6.923929|    0.000388|    0.001136|
|          14|    0.013189|  1.3150e-02|   -7.018263|   -6.976952|    0.000493|    0.001100|
|          15|    0.013473|  1.3170e-02|   -7.039411|   -6.980911|    0.000570|    0.001087|
|          16|    0.013255|  1.3175e-02|   -7.035841|   -6.972249|    0.000622|    0.001083|
|          17|    0.013568|  1.3197e-02|   -7.051493|   -6.988912|    0.000638|    0.001082|
|          18|    0.013780|  1.3228e-02|   -7.095455|   -7.031711|    0.000618|    0.001081|
|          19|    0.013510|  1.3242e-02|   -7.159150|   -7.090222|    0.000579|    0.001081|
|          20|    0.013746|  1.3266e-02|   -7.233802|   -7.157850|    0.000536|    0.001080|
|          21|    0.013670|  1.3284e-02|   -7.311876|   -7.230977|    0.000498|    0.001080|
|          22|    0.013074|  1.3275e-02|   -7.388821|   -7.306964|    0.000470|    0.001079|
|          23|    0.013797|  1.3297e-02|   -7.465175|   -7.384929|    0.000453|    0.001079|
|          24|    0.012635|  1.3270e-02|   -7.544963|   -7.465348|    0.000442|    0.001079|
|          25|    0.013553|  1.3281e-02|   -7.631950|   -7.549324|    0.000434|    0.001079|
|          26|    0.014162|  1.3314e-02|   -7.729258|   -7.637800|    0.000429|    0.001078|
|          27|    0.013778|  1.3330e-02|   -7.838565|   -7.730126|    0.000422|    0.001078|
|          28|    0.014029|  1.3355e-02|   -7.958396|   -7.823222|    0.000416|    0.001078|
|          29|    0.013267|  1.3352e-02|   -8.084677|   -7.913051|    0.000410|    0.001078|
|          30|    0.013809|  1.3366e-02|   -8.209083|   -7.996253|    0.000404|    0.001078|
|          31|    0.013102|  1.3358e-02|   -8.318084|   -8.071511|    0.000399|    0.001078|
|          32|    0.013036|  1.3348e-02|   -8.396447|   -8.138393|    0.000395|    0.001078|
|          33|    0.014447|  1.3381e-02|   -8.437679|   -8.196550|    0.000391|    0.001078|
|          34|    0.012993|  1.3370e-02|   -8.452865|   -8.246402|    0.000388|    0.001078|
|          35|    0.012782|  1.3353e-02|   -8.457609|   -8.289097|    0.000386|    0.001077|
|          36|    0.013524|  1.3358e-02|   -8.462465|   -8.326979|    0.000383|    0.001077|
|          37|    0.013174|  1.3353e-02|   -8.473913|   -8.363608|    0.000381|    0.001077|
|          38|    0.013635|  1.3360e-02|   -8.494101|   -8.401859|    0.000379|    0.001077|
|          39|    0.013601|  1.3366e-02|   -8.522999|   -8.443720|    0.000378|    0.001077|
|          40|    0.013700|  1.3374e-02|   -8.560968|   -8.491004|    0.000376|    0.001077|
|          41|    0.013819|  1.3385e-02|   -8.607952|   -8.544715|    0.000375|    0.001077|
|          42|    0.012625|  1.3367e-02|   -8.663271|   -8.605093|    0.000374|    0.001077|
|          43|    0.013669|  1.3374e-02|   -8.726661|   -8.672147|    0.000373|    0.001077|
|          44|    0.013447|  1.3376e-02|   -8.797688|   -8.745632|    0.000372|    0.001077|
|          45|    0.013586|  1.3380e-02|   -8.875005|   -8.824542|    0.000372|    0.001077|
|          46|    0.013574|  1.3385e-02|   -8.956567|   -8.906825|    0.000371|    0.001077|
|          47|    0.013133|  1.3379e-02|   -9.039376|   -8.990215|    0.000371|    0.001077|
|          48|    0.013088|  1.3373e-02|   -9.119326|   -9.072133|    0.000371|    0.001077|
|          49|    0.013530|  1.3376e-02|   -9.191592|   -9.149365|    0.000370|    0.001077|
|          50|    0.013613|  1.3381e-02|   -9.252757|   -9.220381|    0.000370|    0.001077|
|          51|    0.014525|  1.3403e-02|   -9.302251|   -9.284864|    0.000370|    0.001077|
|          52|    0.013135|  1.3398e-02|   -9.340674|   -9.342656|    0.000370|    0.001077|
|          53|    0.013285|  1.3396e-02|   -9.370687|   -9.394941|    0.000370|    0.001077|
|          54|    0.013500|  1.3398e-02|   -9.395814|   -9.442213|    0.000369|    0.001077|
|          55|    0.014991|  1.3426e-02|   -9.417638|   -9.484501|    0.000369|    0.001077|
|          56|    0.012894|  1.3417e-02|   -9.438281|   -9.523477|    0.000369|    0.001077|
|          57|    0.013325|  1.3415e-02|   -9.459952|   -9.561580|    0.000369|    0.001077|
|          58|    0.013046|  1.3409e-02|   -9.483246|   -9.600860|    0.000369|    0.001077|
|          59|    0.014441|  1.3426e-02|   -9.508652|   -9.642659|    0.000369|    0.001077|
|          60|    0.013045|  1.3420e-02|   -9.536279|   -9.688621|    0.000369|    0.001077|
|          61|    0.013717|  1.3425e-02|   -9.565480|   -9.739556|    0.000369|    0.001077|
|          62|    0.014669|  1.3445e-02|   -9.595274|   -9.793724|    0.000369|    0.001077|
|          63|    0.012889|  1.3436e-02|   -9.624658|   -9.849528|    0.000369|    0.001077|
|          64|    0.013318|  1.3434e-02|   -9.653090|   -9.905678|    0.000369|    0.001077|
|          65|    0.013387|  1.3433e-02|   -9.679898|   -9.959495|    0.000369|    0.001077|
|          66|    0.013491|  1.3434e-02|   -9.704842|  -10.009373|    0.000369|    0.001077|
|          67|    0.014028|  1.3443e-02|   -9.728374|  -10.054832|    0.000368|    0.001077|
|          68|    0.013073|  1.3438e-02|   -9.750482|  -10.095206|    0.000368|    0.001077|
|          69|    0.014146|  1.3448e-02|   -9.771459|  -10.131072|    0.000368|    0.001077|
|          70|    0.013232|  1.3445e-02|   -9.791788|  -10.163634|    0.000368|    0.001077|
|          71|    0.012569|  1.3433e-02|   -9.811538|  -10.192869|    0.000368|    0.001077|
|          72|    0.013236|  1.3430e-02|   -9.831010|  -10.219484|    0.000368|    0.001077|
|          73|    0.013888|  1.3436e-02|   -9.850338|  -10.244977|    0.000368|    0.001077|
|          74|    0.013534|  1.3437e-02|   -9.869644|  -10.269782|    0.000368|    0.001077|
|          75|    0.013576|  1.3439e-02|   -9.889026|  -10.294219|    0.000368|    0.001077|
|          76|    0.013509|  1.3440e-02|   -9.908383|  -10.318246|    0.000368|    0.001077|
|          77|    0.014026|  1.3448e-02|   -9.927867|  -10.342130|    0.000368|    0.001077|
|          78|    0.013269|  1.3445e-02|   -9.947360|  -10.366196|    0.000368|    0.001077|
|          79|    0.013109|  1.3441e-02|   -9.966808|  -10.389375|    0.000368|    0.001077|
|          80|    0.013459|  1.3441e-02|   -9.986350|  -10.412164|    0.000368|    0.001077|
|          81|    0.013331|  1.3440e-02|  -10.005819|  -10.434782|    0.000368|    0.001077|
|          82|    0.012944|  1.3434e-02|  -10.025302|  -10.456474|    0.000368|    0.001077|
|          83|    0.013862|  1.3439e-02|  -10.044805|  -10.478252|    0.000368|    0.001077|
|          84|    0.013642|  1.3442e-02|  -10.064265|  -10.499485|    0.000368|    0.001077|
|          85|    0.013497|  1.3442e-02|  -10.083800|  -10.520045|    0.000368|    0.001077|
|          86|    0.012977|  1.3437e-02|  -10.103286|  -10.540890|    0.000368|    0.001077|
|          87|    0.013046|  1.3432e-02|  -10.122830|  -10.561116|    0.000368|    0.001077|
|          88|    0.012754|  1.3425e-02|  -10.142438|  -10.581338|    0.000368|    0.001077|
|          89|    0.013606|  1.3427e-02|  -10.162010|  -10.601560|    0.000368|    0.001077|
|          90|    0.013828|  1.3431e-02|  -10.181714|  -10.621387|    0.000368|    0.001077|
|          91|    0.014841|  1.3447e-02|  -10.201408|  -10.641763|    0.000368|    0.001077|
|          92|    0.014011|  1.3453e-02|  -10.221146|  -10.661711|    0.000368|    0.001077|
|          93|    0.013883|  1.3457e-02|  -10.240991|  -10.681615|    0.000368|    0.001077|
|          94|    0.012991|  1.3452e-02|  -10.260789|  -10.701901|    0.000368|    0.001077|
|          95|    0.013125|  1.3449e-02|  -10.280712|  -10.721669|    0.000368|    0.001077|
|          96|    0.012817|  1.3442e-02|  -10.300652|  -10.741851|    0.000368|    0.001077|
|          97|    0.012940|  1.3437e-02|  -10.320607|  -10.761897|    0.000368|    0.001077|
|          98|    0.013583|  1.3439e-02|  -10.340692|  -10.781745|    0.000368|    0.001077|
|          99|    0.014527|  1.3450e-02|  -10.360726|  -10.802104|    0.000368|    0.001077|
|         100|    0.013349|  1.3449e-02|  -10.380874|  -10.822023|    0.000368|    0.001077|
|         101|    0.013595|  1.3450e-02|  -10.401068|  -10.842203|    0.000368|    0.001077|
|         102|    0.013091|  1.3447e-02|  -10.421240|  -10.862464|    0.000368|    0.001077|
|         103|    0.013405|  1.3446e-02|  -10.441561|  -10.882449|    0.000368|    0.001077|
|         104|    0.013456|  1.3446e-02|  -10.461841|  -10.902941|    0.000368|    0.001077|
|         105|    0.013390|  1.3446e-02|  -10.482197|  -10.923067|    0.000368|    0.001077|
|         106|    0.014211|  1.3453e-02|  -10.502638|  -10.943346|    0.000368|    0.001077|
|         107|    0.013282|  1.3451e-02|  -10.523029|  -10.963894|    0.000368|    0.001077|
|         108|    0.012815|  1.3445e-02|  -10.543567|  -10.984059|    0.000368|    0.001077|
|         109|    0.013625|  1.3447e-02|  -10.564083|  -11.004679|    0.000368|    0.001077|
|         110|    0.013358|  1.3446e-02|  -10.584635|  -11.025080|    0.000368|    0.001077|
|         111|    0.013635|  1.3448e-02|  -10.605300|  -11.045492|    0.000368|    0.001077|
|         112|    0.012977|  1.3444e-02|  -10.625899|  -11.066258|    0.000368|    0.001077|
|         113|    0.013420|  1.3444e-02|  -10.646628|  -11.086607|    0.000368|    0.001077|
|         114|    0.014102|  1.3449e-02|  -10.667365|  -11.107363|    0.000368|    0.001077|
|         115|    0.012936|  1.3445e-02|  -10.688096|  -11.128035|    0.000368|    0.001077|
|         116|    0.013473|  1.3445e-02|  -10.708962|  -11.148578|    0.000368|    0.001077|
|         117|    0.013695|  1.3447e-02|  -10.729760|  -11.169548|    0.000368|    0.001077|
|         118|    0.013181|  1.3445e-02|  -10.750657|  -11.190105|    0.000368|    0.001077|
|         119|    0.013049|  1.3442e-02|  -10.771597|  -11.210987|    0.000368|    0.001077|
|         120|    0.013002|  1.3438e-02|  -10.792496|  -11.231923|    0.000368|    0.001077|
|         121|    0.012781|  1.3433e-02|  -10.813536|  -11.252585|    0.000368|    0.001077|
|         122|    0.013752|  1.3435e-02|  -10.834519|  -11.273728|    0.000368|    0.001077|
|         123|    0.013036|  1.3432e-02|  -10.855565|  -11.294519|    0.000368|    0.001077|
|         124|    0.014204|  1.3438e-02|  -10.876686|  -11.315498|    0.000368|    0.001077|
|         125|    0.014232|  1.3445e-02|  -10.897740|  -11.336668|    0.000368|    0.001077|
|         126|    0.012826|  1.3440e-02|  -10.918930|  -11.357461|    0.000368|    0.001077|
|         127|    0.014031|  1.3444e-02|  -10.940084|  -11.378746|    0.000368|    0.001077|
|         128|    0.013094|  1.3442e-02|  -10.961261|  -11.399768|    0.000368|    0.001077|
|         129|    0.013703|  1.3444e-02|  -10.982539|  -11.420813|    0.000368|    0.001077|
|         130|    0.013958|  1.3447e-02|  -11.003738|  -11.442187|    0.000368|    0.001077|
|         131|    0.012505|  1.3440e-02|  -11.025053|  -11.463129|    0.000368|    0.001077|
|         132|    0.012978|  1.3437e-02|  -11.046362|  -11.484507|    0.000368|    0.001077|
|         133|    0.013938|  1.3441e-02|  -11.067656|  -11.505754|    0.000368|    0.001077|
|         134|    0.013160|  1.3439e-02|  -11.089069|  -11.526859|    0.000368|    0.001077|
|         135|    0.013942|  1.3442e-02|  -11.110400|  -11.548400|    0.000368|    0.001077|
|         136|    0.013356|  1.3442e-02|  -11.131822|  -11.569507|    0.000368|    0.001077|
|         137|    0.013021|  1.3439e-02|  -11.153269|  -11.590938|    0.000368|    0.001077|
|         138|    0.013369|  1.3438e-02|  -11.174667|  -11.612391|    0.000368|    0.001077|
|         139|    0.013322|  1.3437e-02|  -11.196193|  -11.633567|    0.000368|    0.001077|
|         140|    0.013146|  1.3435e-02|  -11.217647|  -11.655229|    0.000368|    0.001077|
|         141|    0.013576|  1.3436e-02|  -11.239157|  -11.676507|    0.000368|    0.001077|
|         142|    0.013703|  1.3438e-02|  -11.260725|  -11.697965|    0.000368|    0.001077|
|         143|    0.013588|  1.3439e-02|  -11.282218|  -11.719604|    0.000368|    0.001077|
|         144|    0.013399|  1.3439e-02|  -11.303836|  -11.740861|    0.000368|    0.001077|
|         145|    0.013618|  1.3440e-02|  -11.325403|  -11.762598|    0.000368|    0.001077|
|         146|    0.013542|  1.3441e-02|  -11.346987|  -11.784050|    0.000368|    0.001077|
|         147|    0.012955|  1.3437e-02|  -11.368659|  -11.805525|    0.000368|    0.001077|
|         148|    0.014360|  1.3444e-02|  -11.390240|  -11.827315|    0.000368|    0.001077|
|         149|    0.013144|  1.3442e-02|  -11.411931|  -11.848667|    0.000368|    0.001077|
|         150|    0.013371|  1.3441e-02|  -11.433601|  -11.870440|    0.000368|    0.001077|
|         151|    0.014434|  1.3448e-02|  -11.455249|  -11.892063|    0.000368|    0.001077|
|         152|    0.013269|  1.3447e-02|  -11.477006|  -11.913555|    0.000368|    0.001077|
|         153|    0.013644|  1.3448e-02|  -11.498669|  -11.935458|    0.000368|    0.001077|
|         154|    0.013050|  1.3445e-02|  -11.520418|  -11.956917|    0.000368|    0.001077|
|         155|    0.013170|  1.3443e-02|  -11.542179|  -11.978699|    0.000368|    0.001077|
|         156|    0.013825|  1.3446e-02|  -11.563884|  -12.000481|    0.000368|    0.001077|
|         157|    0.013588|  1.3447e-02|  -11.585709|  -12.021994|    0.000368|    0.001077|
|         158|    0.014420|  1.3453e-02|  -11.607450|  -12.043971|    0.000368|    0.001077|
|         159|    0.013283|  1.3452e-02|  -11.629243|  -12.065551|    0.000368|    0.001077|
|         160|    0.012703|  1.3447e-02|  -11.651083|  -12.087323|    0.000368|    0.001077|
|         161|    0.013303|  1.3446e-02|  -11.672840|  -12.109244|    0.000368|    0.001077|
|         162|    0.012898|  1.3443e-02|  -11.694717|  -12.130789|    0.000368|    0.001077|
|         163|    0.014197|  1.3448e-02|  -11.716532|  -12.152804|    0.000368|    0.001077|
|         164|    0.014262|  1.3452e-02|  -11.738360|  -12.174514|    0.000368|    0.001077|
|         165|    0.012892|  1.3449e-02|  -11.760265|  -12.196264|    0.000368|    0.001077|
|         166|    0.012992|  1.3446e-02|  -11.782073|  -12.218298|    0.000368|    0.001077|
|         167|    0.013745|  1.3448e-02|  -11.803988|  -12.239893|    0.000368|    0.001077|
|         168|    0.012972|  1.3445e-02|  -11.825869|  -12.261914|    0.000368|    0.001077|
|         169|    0.013545|  1.3446e-02|  -11.847727|  -12.283755|    0.000368|    0.001077|
|         170|    0.014133|  1.3450e-02|  -11.869685|  -12.305482|    0.000368|    0.001077|
|         171|    0.013063|  1.3448e-02|  -11.891542|  -12.327598|    0.000368|    0.001077|
|         172|    0.013347|  1.3447e-02|  -11.913483|  -12.349263|    0.000368|    0.001077|
|         173|    0.013810|  1.3449e-02|  -11.935425|  -12.371262|    0.000368|    0.001077|
|         174|    0.012784|  1.3445e-02|  -11.957309|  -12.393230|    0.000368|    0.001077|
|         175|    0.013920|  1.3448e-02|  -11.979307|  -12.414941|    0.000368|    0.001077|
|         176|    0.013068|  1.3446e-02|  -12.001213|  -12.437106|    0.000368|    0.001077|
|         177|    0.013666|  1.3447e-02|  -12.023171|  -12.458859|    0.000368|    0.001077|
|         178|    0.013367|  1.3447e-02|  -12.045164|  -12.480818|    0.000368|    0.001077|
|         179|    0.013727|  1.3448e-02|  -12.067074|  -12.502898|    0.000368|    0.001077|
|         180|    0.012542|  1.3443e-02|  -12.089099|  -12.524611|    0.000368|    0.001077|
|         181|    0.013558|  1.3444e-02|  -12.111053|  -12.546792|    0.000368|    0.001077|
|         182|    0.013173|  1.3442e-02|  -12.133022|  -12.568645|    0.000368|    0.001077|
|         183|    0.013718|  1.3444e-02|  -12.155059|  -12.590556|    0.000368|    0.001077|
|         184|    0.013305|  1.3443e-02|  -12.176996|  -12.612727|    0.000368|    0.001077|
|         185|    0.014240|  1.3447e-02|  -12.199038|  -12.634462|    0.000368|    0.001077|
|         186|    0.013660|  1.3449e-02|  -12.221037|  -12.656628|    0.000368|    0.001077|
|         187|    0.012762|  1.3445e-02|  -12.243014|  -12.678588|    0.000368|    0.001077|
|         188|    0.013718|  1.3446e-02|  -12.265085|  -12.700452|    0.000368|    0.001077|
|         189|    0.013475|  1.3447e-02|  -12.287051|  -12.722688|    0.000368|    0.001077|
|         190|    0.013511|  1.3447e-02|  -12.309101|  -12.744468|    0.000368|    0.001077|
|         191|    0.013236|  1.3446e-02|  -12.331142|  -12.766594|    0.000368|    0.001077|
|         192|    0.013674|  1.3447e-02|  -12.353127|  -12.788661|    0.000368|    0.001077|
|         193|    0.013607|  1.3448e-02|  -12.375221|  -12.810489|    0.000368|    0.001077|
|         194|    0.013398|  1.3448e-02|  -12.397218|  -12.832759|    0.000368|    0.001077|
|         195|    0.013472|  1.3448e-02|  -12.419269|  -12.854604|    0.000368|    0.001077|
|         196|    0.013550|  1.3448e-02|  -12.441348|  -12.876675|    0.000368|    0.001077|
|         197|    0.013141|  1.3447e-02|  -12.463342|  -12.898839|    0.000368|    0.001077|
|         198|    0.013427|  1.3447e-02|  -12.485450|  -12.920648|    0.000368|    0.001077|
|         199|    0.014196|  1.3450e-02|  -12.507480|  -12.942922|    0.000368|    0.001077|
|         200|    0.014110|  1.3454e-02|  -12.529528|  -12.964849|    0.000368|    0.001077|
|         201|    0.014041|  1.3456e-02|  -12.551637|  -12.986857|    0.000368|    0.001077|
|         202|    0.013437|  1.3456e-02|  -12.573645|  -13.009100|    0.000368|    0.001077|
|         203|    0.013550|  1.3457e-02|  -12.595758|  -13.030913|    0.000368|    0.001077|
|         204|    0.013423|  1.3457e-02|  -12.617820|  -13.053162|    0.000368|    0.001077|
|         205|    0.013560|  1.3457e-02|  -12.639865|  -13.075182|    0.000368|    0.001077|
|         206|    0.013147|  1.3456e-02|  -12.661997|  -13.097129|    0.000368|    0.001077|
|         207|    0.013856|  1.3458e-02|  -12.684021|  -13.119428|    0.000368|    0.001077|
|         208|    0.013186|  1.3456e-02|  -12.706132|  -13.141269|    0.000368|    0.001077|
|         209|    0.013052|  1.3454e-02|  -12.728227|  -13.163470|    0.000368|    0.001077|
|         210|    0.013549|  1.3455e-02|  -12.750268|  -13.185585|    0.000368|    0.001077|
|         211|    0.013575|  1.3455e-02|  -12.772415|  -13.207482|    0.000368|    0.001077|
|         212|    0.014068|  1.3458e-02|  -12.794460|  -13.229809|    0.000368|    0.001077|
|         213|    0.013233|  1.3457e-02|  -12.816564|  -13.251701|    0.000368|    0.001077|
|         214|    0.014007|  1.3460e-02|  -12.838687|  -13.273839|    0.000368|    0.001077|
|         215|    0.013315|  1.3459e-02|  -12.860729|  -13.296043|    0.000368|    0.001077|
|         216|    0.013863|  1.3461e-02|  -12.882882|  -13.317907|    0.000368|    0.001077|
|         217|    0.014148|  1.3464e-02|  -12.904952|  -13.340234|    0.000368|    0.001077|
|         218|    0.016446|  1.3478e-02|  -12.927045|  -13.362197|    0.000368|    0.001077|
|         219|    0.013665|  1.3479e-02|  -12.949192|  -13.384263|    0.000368|    0.001077|
|         220|    0.013440|  1.3478e-02|  -12.971238|  -13.406541|    0.000368|    0.001077|
|         221|    0.014214|  1.3482e-02|  -12.993391|  -13.428397|    0.000368|    0.001077|
|         222|    0.013852|  1.3483e-02|  -13.015486|  -13.450696|    0.000368|    0.001077|
|         223|    0.014158|  1.3486e-02|  -13.037568|  -13.472742|    0.000368|    0.001077|
|         224|    0.013586|  1.3487e-02|  -13.059733|  -13.494739|    0.000368|    0.001077|
|         225|    0.013354|  1.3486e-02|  -13.081789|  -13.517070|    0.000368|    0.001077|
|         226|    0.014201|  1.3489e-02|  -13.103934|  -13.538942|    0.000368|    0.001077|
|         227|    0.014473|  1.3494e-02|  -13.126056|  -13.561190|    0.000368|    0.001077|
|         228|    0.015237|  1.3501e-02|  -13.148129|  -13.583325|    0.000368|    0.001077|
|         229|    0.012948|  1.3499e-02|  -13.170304|  -13.605263|    0.000368|    0.001077|
|         230|    0.013239|  1.3498e-02|  -13.192375|  -13.627621|    0.000368|    0.001077|
|         231|    0.013195|  1.3496e-02|  -13.214508|  -13.649535|    0.000368|    0.001077|
|         232|    0.013578|  1.3497e-02|  -13.236654|  -13.671715|    0.000368|    0.001077|
|         233|    0.013984|  1.3499e-02|  -13.258722|  -13.693935|    0.000368|    0.001077|
|         234|    0.013649|  1.3500e-02|  -13.280900|  -13.715832|    0.000368|    0.001077|
|         235|    0.013723|  1.3500e-02|  -13.302990|  -13.738189|    0.000368|    0.001077|
|         236|    0.012852|  1.3498e-02|  -13.325109|  -13.760166|    0.000368|    0.001077|
|         237|    0.012893|  1.3495e-02|  -13.347275|  -13.782270|    0.000368|    0.001077|
|         238|    0.013231|  1.3494e-02|  -13.369343|  -13.804562|    0.000368|    0.001077|
|         239|    0.013260|  1.3493e-02|  -13.391517|  -13.826442|    0.000368|    0.001077|
|         240|    0.013416|  1.3493e-02|  -13.413629|  -13.848771|    0.000368|    0.001077|
|         241|    0.013579|  1.3493e-02|  -13.435733|  -13.870825|    0.000368|    0.001077|
|         242|    0.014403|  1.3497e-02|  -13.457915|  -13.892856|    0.000368|    0.001077|
|         243|    0.013401|  1.3497e-02|  -13.479987|  -13.915200|    0.000368|    0.001077|
|         244|    0.014632|  1.3501e-02|  -13.502152|  -13.937089|    0.000368|    0.001077|
|         245|    0.012775|  1.3498e-02|  -13.524287|  -13.959367|    0.000368|    0.001077|
|         246|    0.013513|  1.3498e-02|  -13.546378|  -13.981505|    0.000368|    0.001077|
|         247|    0.013541|  1.3498e-02|  -13.568569|  -14.003471|    0.000368|    0.001077|
|         248|    0.012904|  1.3496e-02|  -13.590652|  -14.025844|    0.000368|    0.001077|
|         249|    0.013874|  1.3498e-02|  -13.612803|  -14.047767|    0.000368|    0.001077|
|         250|    0.013746|  1.3499e-02|  -13.634960|  -14.069975|    0.000368|    0.001077|
+-----------------------------------------------------------------------+
|        File Writing Summary       |              Filename             |
+-----------------------------------------------------------------------+
|SU2 binary restart                 |restart_flow.dat                   |
|Paraview                           |flow.vtu                           |
|Paraview surface                   |surface_flow.vtu                   |
+-----------------------------------------------------------------------+
+------------------------------------------------------------------------------------------+
|  Inner_Iter|   Time(sec)|   Time(sec)|      rms[P]|      rms[U]|          CL|          CD|
+------------------------------------------------------------------------------------------+
|         251|    0.027495|  1.3554e-02|  -13.657042|  -14.092199|    0.000368|    0.001077|
|         252|    0.013553|  1.3554e-02|  -13.679234|  -14.114116|    0.000368|    0.001077|
|         253|    0.013130|  1.3552e-02|  -13.701334|  -14.136490|    0.000368|    0.001077|
|         254|    0.013783|  1.3553e-02|  -13.723468|  -14.158470|    0.000368|    0.001077|
|         255|    0.013614|  1.3554e-02|  -13.745643|  -14.180601|    0.000368|    0.001077|
|         256|    0.014235|  1.3556e-02|  -13.767723|  -14.202895|    0.000368|    0.001077|
|         257|    0.013815|  1.3557e-02|  -13.789910|  -14.224790|    0.000368|    0.001077|
|         258|    0.013496|  1.3557e-02|  -13.812029|  -14.247137|    0.000368|    0.001077|
|         259|    0.013525|  1.3557e-02|  -13.834147|  -14.269191|    0.000368|    0.001077|
|         260|    0.013554|  1.3557e-02|  -13.856336|  -14.291246|    0.000368|    0.001077|
|         261|    0.013110|  1.3555e-02|  -13.878418|  -14.313594|    0.000368|    0.001077|
|         262|    0.013772|  1.3556e-02|  -13.900595|  -14.335490|    0.000368|    0.001077|
|         263|    0.013426|  1.3555e-02|  -13.922735|  -14.357789|    0.000368|    0.001077|
|         264|    0.013943|  1.3557e-02|  -13.944837|  -14.379924|    0.000368|    0.001077|
|         265|    0.013365|  1.3556e-02|  -13.967036|  -14.401909|    0.000368|    0.001077|
|         266|    0.013740|  1.3557e-02|  -13.989125|  -14.424290|    0.000368|    0.001077|
|         267|    0.014025|  1.3559e-02|  -14.011287|  -14.446212|    0.000368|    0.001077|
|         268|    0.013682|  1.3559e-02|  -14.033448|  -14.468445|    0.000368|    0.001077|
|         269|    0.013754|  1.3560e-02|  -14.055539|  -14.490661|    0.000368|    0.001077|
|         270|    0.015323|  1.3566e-02|  -14.077739|  -14.512594|    0.000368|    0.001077|
|         271|    0.014081|  1.3568e-02|  -14.099843|  -14.534978|    0.000368|    0.001077|
|         272|    0.014017|  1.3570e-02|  -14.121986|  -14.556954|    0.000368|    0.001077|
|         273|    0.014247|  1.3572e-02|  -14.144166|  -14.579107|    0.000368|    0.001077|
|         274|    0.013883|  1.3573e-02|  -14.166251|  -14.601398|    0.000368|    0.001077|
|         275|    0.013165|  1.3572e-02|  -14.188446|  -14.623300|    0.000368|    0.001077|
|         276|    0.013444|  1.3572e-02|  -14.210568|  -14.645662|    0.000368|    0.001077|
|         277|    0.013612|  1.3572e-02|  -14.232693|  -14.667707|    0.000368|    0.001077|
|         278|    0.014022|  1.3573e-02|  -14.254886|  -14.689783|    0.000368|    0.001077|
|         279|    0.013426|  1.3573e-02|  -14.276971|  -14.712127|    0.000368|    0.001077|
|         280|    0.013847|  1.3574e-02|  -14.299156|  -14.734027|    0.000368|    0.001077|
|         281|    0.012784|  1.3571e-02|  -14.321297|  -14.756342|    0.000368|    0.001077|
|         282|    0.013454|  1.3571e-02|  -14.343406|  -14.778468|    0.000368|    0.001077|
|         283|    0.012842|  1.3568e-02|  -14.365608|  -14.800471|    0.000368|    0.001077|
|         284|    0.013814|  1.3569e-02|  -14.387701|  -14.822848|    0.000368|    0.001077|
|         285|    0.013851|  1.3570e-02|  -14.409870|  -14.844774|    0.000368|    0.001077|
|         286|    0.013451|  1.3569e-02|  -14.432031|  -14.867022|    0.000368|    0.001077|
|         287|    0.013067|  1.3568e-02|  -14.454128|  -14.889231|    0.000368|    0.001077|
|         288|    0.013945|  1.3569e-02|  -14.476331|  -14.911172|    0.000368|    0.001077|
|         289|    0.014125|  1.3571e-02|  -14.498437|  -14.933563|    0.000368|    0.001077|
|         290|    0.013597|  1.3571e-02|  -14.520586|  -14.955537|    0.000368|    0.001077|
|         291|    0.013285|  1.3570e-02|  -14.542765|  -14.977702|    0.000368|    0.001077|
|         292|    0.014082|  1.3572e-02|  -14.564856|  -14.999986|    0.000368|    0.001077|
|         293|    0.013722|  1.3572e-02|  -14.587054|  -15.021896|    0.000368|    0.001077|
|         294|    0.014955|  1.3577e-02|  -14.609177|  -15.044264|    0.000368|    0.001077|
|         295|    0.013876|  1.3578e-02|  -14.631307|  -15.066308|    0.000368|    0.001077|
|         296|    0.013836|  1.3579e-02|  -14.653503|  -15.088389|    0.000368|    0.001077|
|         297|    0.014291|  1.3581e-02|  -14.675590|  -15.110745|    0.000368|    0.001077|
|         298|    0.014118|  1.3583e-02|  -14.697778|  -15.132634|    0.000368|    0.001077|
|         299|    0.013703|  1.3583e-02|  -14.719918|  -15.154959|    0.000368|    0.001077|
|         300|    0.013744|  1.3584e-02|  -14.742032|  -15.177082|    0.000368|    0.001077|
|         301|    0.013263|  1.3583e-02|  -14.764234|  -15.199087|    0.000368|    0.001077|
|         302|    0.013526|  1.3583e-02|  -14.786326|  -15.221475|    0.000368|    0.001077|
|         303|    0.013622|  1.3583e-02|  -14.808497|  -15.243390|    0.000368|    0.001077|
|         304|    0.013270|  1.3582e-02|  -14.830660|  -15.265652|    0.000368|    0.001077|
|         305|    0.013686|  1.3582e-02|  -14.852760|  -15.287847|    0.000368|    0.001077|
|         306|    0.013405|  1.3582e-02|  -14.874967|  -15.309803|    0.000368|    0.001077|
|         307|    0.013953|  1.3583e-02|  -14.897071|  -15.332191|    0.000368|    0.001077|
|         308|    0.013462|  1.3582e-02|  -14.919225|  -15.354163|    0.000368|    0.001077|
|         309|    0.013151|  1.3581e-02|  -14.941405|  -15.376343|    0.000368|    0.001077|
|         310|    0.013214|  1.3580e-02|  -14.963498|  -15.398621|    0.000368|    0.001077|
|         311|    0.013388|  1.3579e-02|  -14.985700|  -15.420523|    0.000368|    0.001077|
|         312|    0.014063|  1.3581e-02|  -15.007821|  -15.442913|    0.000368|    0.001077|
|         313|    0.013451|  1.3580e-02|  -15.029960|  -15.464928|    0.000368|    0.001077|
|         314|    0.014319|  1.3583e-02|  -15.052151|  -15.487048|    0.000368|    0.001077|
|         315|    0.013540|  1.3583e-02|  -15.074241|  -15.509365|    0.000368|    0.001077|
|         316|    0.012706|  1.3580e-02|  -15.096435|  -15.531271|    0.000368|    0.001077|
|         317|    0.013572|  1.3580e-02|  -15.118573|  -15.553620|    0.000368|    0.001077|
|         318|    0.014372|  1.3582e-02|  -15.140698|  -15.575710|    0.000368|    0.001077|
|         319|    0.012956|  1.3580e-02|  -15.162896|  -15.597773|    0.000368|    0.001077|
|         320|    0.013873|  1.3581e-02|  -15.184988|  -15.620111|    0.000368|    0.001077|
|         321|    0.013167|  1.3580e-02|  -15.207159|  -15.642065|    0.000368|    0.001077|
|         322|    0.013739|  1.3580e-02|  -15.229314|  -15.664292|    0.000368|    0.001077|
|         323|    0.013481|  1.3580e-02|  -15.251415|  -15.686500|    0.000368|    0.001077|
|         324|    0.012788|  1.3578e-02|  -15.273619|  -15.708473|    0.000368|    0.001077|
|         325|    0.013556|  1.3578e-02|  -15.295729|  -15.730835|    0.000368|    0.001077|
|         326|    0.013464|  1.3577e-02|  -15.317893|  -15.752824|    0.000368|    0.001077|
|         327|    0.013807|  1.3578e-02|  -15.340065|  -15.775015|    0.000368|    0.001077|
|         328|    0.013593|  1.3578e-02|  -15.362165|  -15.797252|    0.000368|    0.001077|
|         329|    0.013468|  1.3578e-02|  -15.384363|  -15.819217|    0.000368|    0.001077|
|         330|    0.014753|  1.3581e-02|  -15.406477|  -15.841543|    0.000368|    0.001077|
|         331|    0.013964|  1.3582e-02|  -15.428612|  -15.863625|    0.000368|    0.001077|
|         332|    0.014317|  1.3585e-02|  -15.450799|  -15.885665|    0.000368|    0.001077|
|         333|    0.012610|  1.3582e-02|  -15.472902|  -15.907994|    0.000368|    0.001077|
|         334|    0.012610|  1.3579e-02|  -15.495082|  -15.929979|    0.000368|    0.001077|
|         335|    0.013403|  1.3578e-02|  -15.517221|  -15.952233|    0.000368|    0.001077|
|         336|    0.013530|  1.3578e-02|  -15.539352|  -15.974408|    0.000368|    0.001077|
|         337|    0.013457|  1.3578e-02|  -15.561547|  -15.996403|    0.000368|    0.001077|
|         338|    0.013875|  1.3579e-02|  -15.583654|  -16.018795|    0.000368|    0.001077|
|         339|    0.012989|  1.3577e-02|  -15.605833|  -16.040708|    0.000368|    0.001077|
|         340|    0.013905|  1.3578e-02|  -15.627995|  -16.063000|    0.000368|    0.001077|
|         341|    0.013360|  1.3577e-02|  -15.650098|  -16.085179|    0.000368|    0.001077|
|         342|    0.014103|  1.3579e-02|  -15.672290|  -16.107128|    0.000368|    0.001077|
|         343|    0.014202|  1.3581e-02|  -15.694395|  -16.129490|    0.000368|    0.001077|
|         344|    0.014362|  1.3583e-02|  -15.716563|  -16.151479|    0.000368|    0.001077|
|         345|    0.016880|  1.3592e-02|  -15.738738|  -16.173741|    0.000368|    0.001077|
|         346|    0.014323|  1.3594e-02|  -15.760821|  -16.195905|    0.000368|    0.001077|
|         347|    0.014409|  1.3597e-02|  -15.783036|  -16.217887|    0.000368|    0.001077|
|         348|    0.014077|  1.3598e-02|  -15.805155|  -16.240240|    0.000368|    0.001077|
|         349|    0.015034|  1.3602e-02|  -15.827283|  -16.262265|    0.000368|    0.001077|
|         350|    0.015090|  1.3606e-02|  -15.849472|  -16.284204|    0.000368|    0.001077|
|         351|    0.015490|  1.3612e-02|  -15.871547|  -16.306590|    0.000368|    0.001077|
|         352|    0.014162|  1.3613e-02|  -15.893737|  -16.328635|    0.000368|    0.001077|
|         353|    0.014942|  1.3617e-02|  -15.915846|  -16.350866|    0.000368|    0.001077|
|         354|    0.014597|  1.3620e-02|  -15.937952|  -16.372939|    0.000368|    0.001077|
|         355|    0.014379|  1.3622e-02|  -15.960173|  -16.394917|    0.000368|    0.001077|
|         356|    0.014225|  1.3624e-02|  -15.982232|  -16.417438|    0.000368|    0.001077|
|         357|    0.014325|  1.3626e-02|  -16.004422|  -16.439202|    0.000368|    0.001077|

----------------------------- Solver Exit -------------------------------
All convergence criteria satisfied.
+-----------------------------------------------------------------------+
|      Convergence Field     |     Value    |   Criterion  |  Converged |
+-----------------------------------------------------------------------+
|                      rms[P]|      -16.0044|         < -16|         Yes|
+-----------------------------------------------------------------------+
-------------------------------------------------------------------------
+-----------------------------------------------------------------------+
|        File Writing Summary       |              Filename             |
+-----------------------------------------------------------------------+
|SU2 binary restart                 |restart_flow.dat                   |
|Paraview                           |flow.vtu                           |
|Paraview surface                   |surface_flow.vtu                   |
+-----------------------------------------------------------------------+

--------------------------- Finalizing Solver ---------------------------
Deleted CNumerics container.
Deleted CIntegration container.
Deleted CSolver container.
Deleted CIteration container.
Deleted CInterface container.
Deleted CGeometry container.
Deleted CFreeFormDefBox class.
Deleted CSurfaceMovement class.
Deleted CVolumetricMovement class.
Deleted CConfig container.
Deleted nInst container.
Deleted COutput class.
-------------------------------------------------------------------------

------------------------- Exit Success (SU2_CFD) ------------------------

