#
# ADflow, multiblock structured flow solver
#
# This code solves the 3D RANS, laminar NS or Euler equations
# on multiblock structured hexahedral grids.
# This is a parallel executable running on 1 processors.
# It has been compiled with the following options:
# - Optimized mode.
# - Size of standard integers: 4 bytes.
# - Size of standard floating point types: 8 bytes.
# - With cgns support
# - With support for signals.
#
+----------------------------------------+
|          All ADFLOW Options:           |
+----------------------------------------+
{'ADPC': False,
 'ANKADPC': False,
 'ANKAMGLevels': 2,
 'ANKAMGNSmooth': 1,
 'ANKASMOverlap': 1,
 'ANKASMOverlapCoarse': 0,
 'ANKCFL0': 5.0,
 'ANKCFLCutback': 0.5,
 'ANKCFLExponent': 0.5,
 'ANKCFLFactor': 10.0,
 'ANKCFLLimit': 100000.0,
 'ANKCFLMin': 1.0,
 'ANKCFLReset': True,
 'ANKCharTimeStepType': 'None',
 'ANKConstCFLStep': 0.4,
 'ANKCoupledSwitchTol': 1e-16,
 'ANKGlobalPreconditioner': 'additive Schwarz',
 'ANKInnerPreconIts': 1,
 'ANKInnerPreconItsCoarse': 1,
 'ANKJacobianLag': 10,
 'ANKLinResMax': 0.1,
 'ANKLinearSolveBuffer': 0.01,
 'ANKLinearSolveTol': 0.05,
 'ANKMaxIter': 40,
 'ANKNSubiterTurb': 1,
 'ANKOuterPreconIts': 1,
 'ANKPCILUFill': 2,
 'ANKPCILUFillCoarse': 0,
 'ANKPCUpdateCutoff': 1e-16,
 'ANKPCUpdateTol': 0.5,
 'ANKPCUpdateTolAfterCutoff': 0.0001,
 'ANKPhysicalLSTol': 0.2,
 'ANKPhysicalLSTolTurb': 0.99,
 'ANKSecondOrdSwitchTol': 1e-16,
 'ANKStepFactor': 1.0,
 'ANKStepMin': 0.01,
 'ANKSubspaceSize': -1,
 'ANKSwitchTol': 1000.0,
 'ANKTurbCFLScale': 1.0,
 'ANKTurbKSPDebug': False,
 'ANKUnsteadyLSTol': 1.0,
 'ANKUseApproxSA': False,
 'ANKUseFullVisc': True,
 'ANKUseMatrixFree': True,
 'ANKUseTurbDADI': True,
 'ASMOverlap': 1,
 'ASMOverlapCoarse': 0,
 'CFL': 1.0,
 'CFLCoarse': 1.0,
 'CFLLimit': 1.5,
 'GMRESOrthogonalizationType': 'modified Gram-Schmidt',
 'ILUFill': 2,
 'ILUFillCoarse': 0,
 'L2Convergence': 1e-12,
 'L2ConvergenceCoarse': 0.01,
 'L2ConvergenceRel': 1e-16,
 'MGCycle': 'sg',
 'MGStartLevel': -1,
 'NKADPC': False,
 'NKAMGLevels': 2,
 'NKAMGNSmooth': 1,
 'NKASMOverlap': 1,
 'NKASMOverlapCoarse': 0,
 'NKFixedStep': 0.25,
 'NKGlobalPreconditioner': 'additive Schwarz',
 'NKInnerPreconIts': 1,
 'NKInnerPreconItsCoarse': 1,
 'NKJacobianLag': 20,
 'NKLS': 'cubic',
 'NKLinearSolveTol': 0.3,
 'NKOuterPreconIts': 1,
 'NKPCILUFill': 2,
 'NKPCILUFillCoarse': 0,
 'NKSubspaceSize': 60,
 'NKSwitchTol': 1e-05,
 'NKUseEW': True,
 'NKViscPC': False,
 'RKReset': False,
 'SAKappa': 0.41,
 'SAcb1': 0.1355,
 'SAcb2': 0.622,
 'SAcrot': 2.0,
 'SAct1': 1.0,
 'SAct2': 2.0,
 'SAct3': 1.2,
 'SAct4': 0.5,
 'SAcv1': 7.1,
 'SAcw2': 0.3,
 'SAcw3': 2.0,
 'SAsigma': 0.66666666667,
 'TSStability': False,
 'acousticScaleFactor': 1.0,
 'adjointAMGLevels': 2,
 'adjointAMGNSmooth': 1,
 'adjointDivTol': 100000.0,
 'adjointL2Convergence': 1e-06,
 'adjointL2ConvergenceAbs': 1e-16,
 'adjointL2ConvergenceRel': 1e-16,
 'adjointMaxIter': 500,
 'adjointMaxL2DeviationFactor': 1.0,
 'adjointMonitorStep': 10,
 'adjointSolver': 'GMRES',
 'adjointSubspaceSize': 100,
 'alphaFollowing': True,
 'alphaMode': False,
 'altitudeMode': False,
 'applyAdjointPCSubspaceSize': 20,
 'applyPCSubspaceSize': 10,
 'approxPC': True,
 'backgroundVolScale': 1.0,
 'betaMode': False,
 'blockSplitting': True,
 'cavExponent': 0,
 'cavSensorOffset': 0.0,
 'cavSensorSharpness': 10.0,
 'cavitationNumber': 1.4,
 'closedSurfaceFamilies': None,
 'coarseDiscretization': 'upwind',
 'computeCavitation': False,
 'computeSepSensorKs': False,
 'coupledSolution': False,
 'cpMinRho': 100.0,
 'cutCallback': None,
 'debugZipper': False,
 'deltaT': 0.01,
 'designSurfaceFamily': None,
 'discretization': 'upwind',
 'dissContMagnitude': 1.0,
 'dissContMidpoint': 3.0,
 'dissContSharpness': 3.0,
 'dissipationLumpingParameter': 6.0,
 'dissipationScalingExponent': 0.67,
 'eddyVisInfRatio': 0.009,
 'equationMode': 'steady',
 'equationType': 'laminar NS',
 'eulerWallTreatment': 'linear pressure extrapolation',
 'explicitSurfaceCallback': None,
 'firstRun': True,
 'flowType': 'external',
 'forcesAsTractions': True,
 'frozenTurbulence': False,
 'globalPreconditioner': 'additive Schwarz',
 'gridFile': './meshes/fp_l2_rebunch_fixed_inout.cgns',
 'gridPrecision': 'double',
 'gridPrecisionSurface': 'single',
 'infChangeCorrection': True,
 'infChangeCorrectionTol': 1e-12,
 'infChangeCorrectionType': 'offset',
 'innerPreconIts': 1,
 'innerPreconItsCoarse': 1,
 'isoVariables': [],
 'isosurface': {},
 'liftIndex': 2,
 'limiter': 'van Albada',
 'loadBalanceIter': 10,
 'loadImbalance': 0.1,
 'localPreconditioner': 'ILU',
 'lowSpeedPreconditioner': False,
 'machMode': False,
 'matrixOrdering': 'RCM',
 'maxL2DeviationFactor': 1.0,
 'meshMaxSkewness': 1.0,
 'meshSurfaceFamily': None,
 'monitorVariables': ['resrho', 'resmom', 'resrhoe', 'yplus'],
 'nCycles': 5000,
 'nCyclesCoarse': 500,
 'nFloodIter': -1,
 'nRKReset': 5,
 'nRefine': 10,
 'nSaveSurface': 1,
 'nSaveVolume': 1,
 'nSubiter': 1,
 'nSubiterTurb': 3,
 'nTimeStepsCoarse': 48,
 'nTimeStepsFine': 400,
 'nearWallDist': 0.1,
 'numberSolutions': True,
 'outerPreconIts': 3,
 'outputDirectory': 'output',
 'outputSurfaceFamily': 'allSurfaces',
 'overlapFactor': 0.9,
 'oversetDebugPrint': False,
 'oversetLoadBalance': True,
 'oversetPriority': {},
 'oversetProjTol': 1e-12,
 'oversetUpdateMode': 'frozen',
 'pMode': False,
 'partitionLikeNProc': -1,
 'partitionOnly': False,
 'preconditionerSide': 'right',
 'printAllOptions': True,
 'printBadlySkewedCells': False,
 'printIntro': True,
 'printIterations': True,
 'printNegativeVolumes': False,
 'printTiming': True,
 'printWarnings': True,
 'qMode': False,
 'rMode': False,
 'recomputeOverlapMatrix': True,
 'resAveraging': 'alternate',
 'restartAdjoint': True,
 'restartFile': None,
 'restrictionRelaxation': 0.8,
 'saVariant': 'SA',
 'selfZipCutoff': 120.0,
 'sepSensorKsOffset': 0.0,
 'sepSensorKsPhi': 90.0,
 'sepSensorKsRho': 1000.0,
 'sepSensorKsSharpness': 25.0,
 'sepSensorOffset': 0.0,
 'sepSensorSharpness': 10.0,
 'setMonitor': True,
 'skipAfterFailedAdjoint': True,
 'smoothParameter': 1.5,
 'smoother': 'DADI',
 'solutionPrecision': 'single',
 'solutionPrecisionSurface': 'single',
 'storeConvHist': True,
 'storeRindLayer': True,
 'surfaceVariables': ['cf',
                      'cfx',
                      'cfy',
                      'cfz',
                      'p',
                      'vx',
                      'vy',
                      'vz',
                      'temp',
                      'rho',
                      'mach',
                      'yplus',
                      'ch'],
 'timeAccuracy': 2,
 'timeIntegrationScheme': 'BDF',
 'timeIntervals': 1,
 'timeLimit': -1.0,
 'turbResScale': 10000.0,
 'turbulenceModel': 'SA',
 'turbulenceOrder': 'first order',
 'turbulenceProduction': 'strain',
 'updateWallAssociations': False,
 'useALE': True,
 'useANKSolver': True,
 'useApproxWallDistance': True,
 'useBlockettes': True,
 'useDiagTSPC': True,
 'useDissContinuation': False,
 'useExternalDynamicMesh': False,
 'useGridMotion': False,
 'useLinResMonitor': False,
 'useMatrixFreedrdw': True,
 'useNKSolver': True,
 'useOversetWallScaling': False,
 'useQCR': False,
 'useRotationSA': False,
 'useSkewnessCheck': False,
 'useTSInterpolatedGridVelocity': False,
 'useWallFunctions': False,
 'useZipperMesh': True,
 'useft2SA': True,
 'verifyExtra': True,
 'verifySpatial': True,
 'verifyState': True,
 'vis2': 0.25,
 'vis2Coarse': 0.5,
 'vis4': 0.0156,
 'viscPC': False,
 'viscWallTreatment': 'constant pressure extrapolation',
 'viscousSurfaceVelocities': True,
 'volumeVariables': ['resrho'],
 'wallDistCutoff': 1e+20,
 'windAxis': False,
 'writeSolutionDigits': 3,
 'writeSolutionEachIter': False,
 'writeSurfaceSolution': True,
 'writeTecplotSurfaceSolution': True,
 'writeVolumeSolution': True,
 'zipperSurfaceFamily': None}
-> Alpha... 0.000000 
#
#                      Warning
# It is assumed that the grid is given in meters.
#
#
# Specified load imbalance tolerance 0.100 achieved.
# Continuing with 0.000 load imbalance for the cells and 0.000 for the faces
#
#
# Grid level: 1, Total number of cells: 4032
#
+--------------------------------------------------+
  CGNS Surface Families by Boundary Condition Type
+--------------------------------------------------+
| Wall Types           : wall_viscous_iso 
| Inflow Types         : inflow_subsonic 
| Outflow Types        : outflow_subsonic 
| Symmetry Types       : sym_plane 
| Farfield Types       : farfield 
| Overset Types        : 
+--------------------------------------------------+
+--------------------------------------------------+
|
| Initialization Times:
|
| Library Load Time             :      0.068 sec
| Set Defaults Time             :      0.001 sec
| Base Class Init Time          :      0.002 sec
| Introductory Time             :      0.007 sec
| Partitioning Time             :      0.012 sec
| Preprocessing Time            :      0.022 sec
| Family Setup Time             :      0.000 sec
| Cut Callback Time             :      0.000 sec
| Explicit Surface Cut Time     :      0.000 sec
| Overset Preprocessing Time    :      0.000 sec
| Initialize Flow Time          :      0.003 sec
|
| Total Init Time               :      0.114 sec
+--------------------------------------------------+
+----------------------------------------------------------------------+
|  Switching to Aero Problem: flat_plate_heat                          |
+----------------------------------------------------------------------+

+------------------------------------------------------------------------------+
| pyADFLOW Warning: 'zipperSurfaceFamily' option was not given. Using all wall |
| boundary conditions for the zipper mesh.                                     |
+------------------------------------------------------------------------------+

-> Alpha... 0.000000 
+----------------------------------------+
|      All Modified ADFLOW Options:      |
+----------------------------------------+
{'CFL': 1.0,
 'L2Convergence': 1e-12,
 'coarseDiscretization': 'upwind',
 'discretization': 'upwind',
 'equationType': 'laminar NS',
 'gridFile': './meshes/fp_l2_rebunch_fixed_inout.cgns',
 'monitorVariables': ['resrho', 'resmom', 'resrhoe', 'yplus'],
 'nCycles': 5000,
 'outputDirectory': 'output',
 'surfaceVariables': ['cf',
                      'cfx',
                      'cfy',
                      'cfz',
                      'p',
                      'vx',
                      'vy',
                      'vz',
                      'temp',
                      'rho',
                      'mach',
                      'yplus',
                      'ch'],
 'turbResScale': 10000.0,
 'useNKSolver': True,
 'writeTecplotSurfaceSolution': True}
#
# Grid 1: Performing 5000 iterations, unless converged earlier. Minimum required iteration before NK switch:      5. Switch to NK at totalR of:   4.93E-02
#
#--------------------------------------------------------------------------------------------------------------------------------------------------------------------------------------------------------------
#  Grid  | Iter | Iter |  Iter  |   CFL   | Step | Lin  |        Res rho         |        Res rhou        |        Res rhov        |        Res rhow        |        Res rhoE        |        totalRes        |
#  level |      | Tot  |  Type  |         |      | Res  |                        |                        |                        |                        |                        |                        |
#--------------------------------------------------------------------------------------------------------------------------------------------------------------------------------------------------------------
      1       0      0     None     ----    ----   ----   2.8322954696106448E-14   9.9985216090272484E+00   6.0622095643665715E-03   2.4891689621709342E-14   7.7020538301405011E+01   4.9316897151729245E+03 
      1       1      3     *ANK   5.00E+00  1.00  0.001   1.6058055711285334E+01   5.8870151134350595E+00   6.2046359633512305E+00   1.7689879490652564E-14   2.3693010442463116E+01   1.8968535486414630E+03 
      1       2      6     *ANK   2.06E+01  1.00  0.013   1.8175907398764785E+01   3.6598923503672292E+00   1.5445827193172446E+00   1.0894858784469843E-14   5.0069311646459038E+00   1.2234103569727642E+03 
      1       3     10      ANK   2.06E+01  1.00  0.012   1.5517852905699518E+01   3.2646208535769441E+00   6.3061947695021625E-01   1.6576216638741776E-13   1.9407178271451941E+00   1.0152252544685520E+03 
      1       4     14      ANK   2.06E+01  1.00  0.034   1.4038008392532316E+01   2.9042939554174079E+00   3.2321847939611525E-01   1.4531166233840298E-13   1.5585046078190887E+00   9.1585649942498821E+02 
      1       5     17     *ANK   6.78E+01  1.00  0.017   1.2210580166817747E+01   2.3657586177545111E+00   1.9570049459682226E-01   2.3981078028528291E-14   1.3578531664683759E+00   7.9455588329345380E+02 
      1       6     21      ANK   6.78E+01  1.00  0.021   1.0724335130552079E+01   1.9727899804588451E+00   2.0940747802370074E-01   3.8207129322690469E-13   1.0555248865097016E+00   6.9576357641343714E+02 
      1       7     26      ANK   6.78E+01  1.00  0.008   9.6319261551387285E+00   1.6815951272578475E+00   1.7444908774833981E-01   3.4974201478444731E-13   7.2653250160252558E-01   6.2266949806421462E+02 
      1       8     31      ANK   6.78E+01  1.00  0.016   8.7546217050551682E+00   1.4633288608638741E+00   1.5088053306104934E-01   3.3466113787849047E-13   1.4042547931618834E+00   5.7070365145192227E+02 
      1       9     36      ANK   6.78E+01  1.00  0.018   6.9324960520775880E+00   1.4285314861423040E+00   1.3794752048987968E-01   2.5317868567670161E-13   4.4123987776701118E-01   4.5040620454895719E+02 
      1      10     39     *ANK   2.19E+02  1.00  0.045   5.2148801460535070E+00   1.1947260408715159E+00   2.5188865600280141E-01   2.1976573931037489E-14   4.7742663446803163E-01   3.4143836440245531E+02 
      1      11     43      ANK   2.19E+02  1.00  0.012   4.0280893717847421E+00   9.9133319428035660E-01   1.5266977989157959E-01   4.7644154028282826E-13   2.9048040977052814E-01   2.6423065589499220E+02 
      1      12     47      ANK   2.19E+02  1.00  0.030   3.1239259291927599E+00   8.2680208860282445E-01   1.0302557619825697E-01   3.8325772076769947E-13   2.1144772023631642E-01   2.0573596697753470E+02 
      1      13     51     *ANK   7.64E+02  1.00  0.021   1.8623768226074386E+00   5.5865911214781960E-01   2.2022838559295663E-01   9.7471223995203584E-13   2.5727325649642335E-01   1.2532197577961698E+02 
      1      14     55      ANK   7.64E+02  1.00  0.029   1.2234917132867211E+00   3.8864633950118649E-01   1.8541962384943961E-01   6.3025919564941088E-13   1.5146910897974283E-01   8.2920291552625528E+01 
      1      15     61     *ANK   3.02E+03  0.70  0.029   1.1607141481237857E+00   2.7828181327479207E-01   2.7410564069351712E-01   8.4988078197002897E-13   1.6937905546717535E-01   7.8504762609379213E+01 
      1      16     78      ANK   3.02E+03  0.00  0.043   1.1607141481237864E+00   2.7828181327479240E-01   2.7410564069351651E-01   8.4988078217393293E-13   1.6937905546719273E-01   7.8504762609379398E+01 
      1      17     95     *ANK   1.51E+03  0.00  0.025   1.1607141481237711E+00   2.7828181327479362E-01   2.7410564069351634E-01   8.4988078202352268E-13   1.6937905546724069E-01   7.8504762609378915E+01 
      1      18    101     *ANK   7.55E+02  0.49  0.015   1.2357731470279045E+00   2.6609989337973805E-01   1.7165743586305840E-01   4.3886679130650276E-13   1.1959995896523946E-01   8.1359659990456663E+01 
      1      19    112      ANK   7.55E+02  0.08  0.013   1.2472587551691703E+00   2.6518772990476525E-01   1.6289472691264331E-01   4.0234541222908626E-13   1.1727685182921405E-01   8.1965788628204052E+01 
      1      20    125      ANK   7.55E+02  0.04  0.013   1.2527096916578528E+00   2.6484069594122034E-01   1.5898438957346200E-01   3.8578369203096037E-13   1.1665647760838420E-01   8.2261373467302434E+01 
      1      21    142      ANK   7.55E+02  0.00  0.013   1.2527096916578533E+00   2.6484069594122034E-01   1.5898438957346220E-01   3.8578369123782810E-13   1.1665647760837020E-01   8.2261373467302377E+01 
      1      22    145     *ANK   3.77E+02  1.00  0.047   1.3089986779134550E+00   2.6064691021114461E-01   9.2774137467815987E-02   2.6250497674480505E-14   8.1374064952138711E-02   8.5112073753338052E+01 
      1      23    148      ANK   3.77E+02  1.00  0.043   1.3466004554948141E+00   2.6875157750941669E-01   8.5376373625971502E-02   9.3262794639253315E-15   7.1403627860922497E-02   8.7478714732237563E+01 
      1      24    151      ANK   3.77E+02  1.00  0.047   1.3669891850793867E+00   2.7893779959327336E-01   7.3145840634768547E-02   6.3102140672995963E-15   6.6616976454495824E-02   8.8812249034236430E+01 
      1      25    155      ANK   3.77E+02  1.00  0.007   1.3575390575803936E+00   2.8786024122768594E-01   5.3958979894369256E-02   1.1501388988095688E-13   5.4132871026485681E-02   8.8251247981596592E+01 
      1      26    159      ANK   3.77E+02  1.00  0.006   1.3274402149024063E+00   2.9169699978517727E-01   4.5759236706941528E-02   1.1719661221557635E-13   4.7992912683489174E-02   8.6403577388104793E+01 
      1      27    163      ANK   3.77E+02  1.00  0.006   1.2850945085570646E+00   2.9038578754157629E-01   3.8725684923714483E-02   1.0338217690756610E-13   4.2022097114563124E-02   8.3736964252190802E+01 
      1      28    167      ANK   3.77E+02  1.00  0.007   1.2338538772379437E+00   2.8499521958499263E-01   3.3436919032268690E-02   1.0820448056101469E-13   3.7031605855230854E-02   8.0472501867695897E+01 
      1      29    171      ANK   3.77E+02  1.00  0.008   1.1772123885839172E+00   2.7666698506367576E-01   2.8671845360268167E-02   1.0043168170201667E-13   3.3298239770867599E-02   7.6837983100949842E+01 
      1      30    175      ANK   3.77E+02  1.00  0.009   1.1180727437034690E+00   2.6638862264539492E-01   2.4657151491148280E-02   9.4018873893338900E-14   3.1076231271609942E-02   7.3026139207362604E+01 
      1      31    179      ANK   3.77E+02  1.00  0.011   1.0585347426810032E+00   2.5494928995538252E-01   2.1441616534883336E-02   9.5826602879536364E-14   2.9278039997593645E-02   6.9175324605378719E+01 
      1      32    182     *ANK   5.44E+02  1.00  0.018   1.0422962925126504E+00   2.5183997760376631E-01   2.1447528781912081E-02   8.4031091896425730E-15   2.6532652226600811E-02   6.8122732333362904E+01 
      1      33    185      ANK   5.44E+02  1.00  0.020   1.0134459739666726E+00   2.4587914775703712E-01   1.8872652600258971E-02   4.8866868252719041E-15   2.4753003476764537E-02   6.6248205141979795E+01 
      1      34    188      ANK   5.44E+02  1.00  0.025   9.7574424159487894E-01   2.3786068896356138E-01   1.6826899371811723E-02   4.6819109283484639E-15   2.3237823124172639E-02   6.3798228649780242E+01 
      1      35    191      ANK   5.44E+02  1.00  0.032   9.3331381097136612E-01   2.2842752519993201E-01   1.5230016163662602E-02   4.3791005603036448E-15   2.1904695306647022E-02   6.1036294044523544E+01 
      1      36    194      ANK   5.44E+02  1.00  0.039   8.8870235756590465E-01   2.1816219130558490E-01   1.4574220255534086E-02   4.3345260187699234E-15   2.0741576185631726E-02   5.8128598017866203E+01 
      1      37    197      ANK   5.44E+02  1.00  0.046   8.4359021317408844E-01   2.0752819117454938E-01   1.4534301102474338E-02   4.4286839443978965E-15   1.9829411814910193E-02   5.5185483024859387E+01 
      1      38    201      ANK   5.44E+02  1.00  0.006   7.8042849722593111E-01   1.9589312243611981E-01   9.4019758190206429E-03   9.0411175608258092E-14   1.6088918846585989E-02   5.1106646346647544E+01 
      1      39    205      ANK   5.44E+02  1.00  0.006   7.2694280805327594E-01   1.8454983961521329E-01   8.7853035411394036E-03   8.7843462809728790E-14   1.3932761373684190E-02   4.7635197038460156E+01 
      1      40    209      ANK   5.44E+02  1.00  0.007   6.7877267159003840E-01   1.7372424693592728E-01   8.3767383205895374E-03   8.9149779021737207E-14   1.3179815667272995E-02   4.4501037363391994E+01 
      1      41    213      ANK   5.44E+02  1.00  0.009   6.3476765609961872E-01   1.6352903711517000E-01   8.1708115235261704E-03   8.7011664042881106E-14   1.2598060333496556E-02   4.1633466061191605E+01 
      1      42    229     *ANK   1.36E+03  0.00  0.022   6.3476765609959163E-01   1.6352903711517086E-01   8.1708115235261669E-03   8.7011664055118838E-14   1.2598060333526813E-02   4.1633466061189985E+01 
      1      43    232     *ANK   6.81E+02  1.00  0.015   6.0999407203770517E-01   1.5699386079211533E-01   8.0901567760293773E-03   8.0875112986034907E-15   1.2013030773187215E-02   4.0006259541372486E+01 
      1      44    235      ANK   6.81E+02  1.00  0.017   5.8288183711606534E-01   1.5014246276467993E-01   7.6601361386742575E-03   4.4887611087775202E-15   1.1599989407942081E-02   3.8230204313637046E+01 
      1      45    238      ANK   6.81E+02  1.00  0.022   5.5462925282350928E-01   1.4320612216652837E-01   7.4336561202635052E-03   4.4490868741988254E-15   1.1201247068346005E-02   3.6382894185167935E+01 
      1      46    241      ANK   6.81E+02  1.00  0.028   5.2650174629173685E-01   1.3630510887800648E-01   7.4068020548388206E-03   4.2964198003661203E-15   1.0722918328579115E-02   3.4543922032950661E+01 
      1      47    244      ANK   6.81E+02  1.00  0.035   4.9904096265154013E-01   1.2954101000385754E-01   7.6708122858882488E-03   4.1313681471967010E-15   1.0368305696685516E-02   3.2748557928040150E+01 
      1      48    247      ANK   6.81E+02  1.00  0.042   4.7257387619655422E-01   1.2298663205486751E-01   8.1226760028387610E-03   4.1333499274419387E-15   1.0076862269237659E-02   3.1017946776370984E+01 
      1      49    250      ANK   6.81E+02  1.00  0.049   4.4727625559654860E-01   1.1668193079537996E-01   8.7196509116602133E-03   4.2622996482248917E-15   9.9043834296953272E-03   2.9363624416961351E+01 
#--------------------------------------------------------------------------------------------------------------------------------------------------------------------------------------------------------------
#  Grid  | Iter | Iter |  Iter  |   CFL   | Step | Lin  |        Res rho         |        Res rhou        |        Res rhov        |        Res rhow        |        Res rhoE        |        totalRes        |
#  level |      | Tot  |  Type  |         |      | Res  |                        |                        |                        |                        |                        |                        |
#--------------------------------------------------------------------------------------------------------------------------------------------------------------------------------------------------------------
      1      50    254      ANK   6.81E+02  1.00  0.007   4.1224338533110855E-01   1.0994857898843510E-01   4.5124817838013238E-03   7.3580639149050023E-14   7.3909998902729965E-03   2.7097243730475050E+01 
      1      51    258      ANK   6.81E+02  1.00  0.007   3.8437574248468620E-01   1.0360620048771466E-01   4.3047576507751510E-03   7.2815059235225219E-14   6.5183857447303570E-03   2.5283061230250890E+01 
      1      52    262      ANK   6.81E+02  1.00  0.009   3.5958374095802742E-01   9.7693499411755869E-02   4.0947732612747036E-03   7.0875181516776935E-14   6.2744944630187633E-03   2.3665318761581233E+01 
      1      53    278     *ANK   1.84E+03  0.00  0.026   3.5958374095802709E-01   9.7693499411755910E-02   4.0947732612747027E-03   7.0875181513961434E-14   6.2744944630210740E-03   2.3665318761581215E+01 
      1      54    281     *ANK   9.20E+02  1.00  0.017   3.4995742939100472E-01   9.4739268533458570E-02   4.5353427037440244E-03   7.4184850424972746E-15   6.7045609700299713E-03   2.3027230999347868E+01 
      1      55    284      ANK   9.20E+02  1.00  0.020   3.3703064192598842E-01   9.1249213594063946E-02   4.4849107940794688E-03   4.6486340849583229E-15   6.8223710736687853E-03   2.2177339209605861E+01 
      1      56    287      ANK   9.20E+02  1.00  0.025   3.2219699927784684E-01   8.7459588007849517E-02   4.5469437765151373E-03   4.3826298155742300E-15   6.8005364775761074E-03   2.1205586427658073E+01 
      1      57    290      ANK   9.20E+02  1.00  0.030   3.0667780549940693E-01   8.3528214398890688E-02   4.8408705527178304E-03   4.2359132159363417E-15   6.7258725357763720E-03   2.0189669205678438E+01 
      1      58    293      ANK   9.20E+02  1.00  0.037   2.9111800988774234E-01   7.9576235222466346E-02   5.2949274761410186E-03   4.0877931169826815E-15   6.6258315164973687E-03   1.9171149457431184E+01 
      1      59    296      ANK   9.20E+02  1.00  0.044   2.7590452144305583E-01   7.5683832212603899E-02   5.7689355198269508E-03   3.9903135396179019E-15   6.5655064165328373E-03   1.8175054968155191E+01 
      1      60    300      ANK   9.20E+02  1.00  0.009   2.5521585367750710E-01   7.1685751779910475E-02   2.7325936649190774E-03   6.3358253185795411E-14   4.4909996809698993E-03   1.6836154910649238E+01 
      1      61    304      ANK   9.20E+02  1.00  0.008   2.3866748658585235E-01   6.7788958116725390E-02   2.5892667629848088E-03   6.1743055876686907E-14   3.8412675466506889E-03   1.5757106765846334E+01 
      1      62    308      ANK   9.20E+02  1.00  0.009   2.2369651193311693E-01   6.4072053540200152E-02   2.4650400512103319E-03   6.2091172367841783E-14   3.7089379589529165E-03   1.4778161138687294E+01 
      1      63    312      ANK   9.20E+02  1.00  0.010   2.0995105842403872E-01   6.0564812813220528E-02   2.3423345870983150E-03   5.5927942093136824E-14   3.5578714610400089E-03   1.3877725169904007E+01 
      1      64    328     *ANK   2.38E+03  0.00  0.031   2.0995105842403880E-01   6.0564812813220507E-02   2.3423345870983141E-03   5.5927942089305125E-14   3.5578714610388015E-03   1.3877725169904013E+01 
      1      65    331     *ANK   1.19E+03  1.00  0.021   2.0404165284302375E-01   5.8480966447161678E-02   2.8477285692219642E-03   7.3707046589975507E-15   4.1634554724865620E-03   1.3481704811868607E+01 
      1      66    334      ANK   1.19E+03  1.00  0.023   1.9607532035015490E-01   5.6137120621110502E-02   2.8870083568423698E-03   4.6547723448573267E-15   4.3949019255815616E-03   1.2954930181605874E+01 
      1      67    337      ANK   1.19E+03  1.00  0.028   1.8701235646967065E-01   5.3666290846175087E-02   3.0417861716081989E-03   4.3263518581208239E-15   4.4421887891681272E-03   1.2358922149099707E+01 
      1      68    340      ANK   1.19E+03  1.00  0.034   1.7761327921172443E-01   5.1153011276774740E-02   3.2945259915849838E-03   4.4471709914416108E-15   4.4399392576536809E-03   1.1741758620064010E+01 
      1      69    343      ANK   1.19E+03  1.00  0.040   1.6827378705502935E-01   4.8658858942444906E-02   3.6656989048643352E-03   4.2461153462841185E-15   4.4089146929150325E-03   1.1128766483915076E+01 
      1      70    346      ANK   1.19E+03  1.00  0.047   1.5919762677115393E-01   4.6224414062465129E-02   4.0582026743472494E-03   4.2580820297729063E-15   4.3803206039759561E-03   1.0533065449120834E+01 
      1      71    350      ANK   1.19E+03  1.00  0.012   1.4706385927731996E-01   4.3849581307309718E-02   1.7036479708705109E-03   5.1856144810994795E-14   2.9261644621755003E-03   9.7469021901246080E+00 
      1      72    354      ANK   1.19E+03  1.00  0.010   1.3754058797869059E-01   4.1495670833864171E-02   1.5463977275521465E-03   5.3985061983794908E-14   2.4120109313015246E-03   9.1241861637294477E+00 
      1      73    358      ANK   1.19E+03  1.00  0.010   1.2890258177077313E-01   3.9227033487790830E-02   1.4604201533495649E-03   4.9983462406191132E-14   2.2720240474958749E-03   8.5573888795659077E+00 
      1      74    362      ANK   1.19E+03  1.00  0.011   1.2094250760831453E-01   3.7072367216771172E-02   1.4114416834248148E-03   4.6018434694031652E-14   2.1480712290614522E-03   8.0339582749116545E+00 
      1      75    378     *ANK   3.14E+03  0.00  0.037   1.2094250760831451E-01   3.7072367216771165E-02   1.4114416834248159E-03   4.6018434685018285E-14   2.1480712290614522E-03   8.0339582749116527E+00 
      1      76    381     *ANK   1.57E+03  1.00  0.026   1.1793528489323755E-01   3.5773296177053868E-02   1.8510607353277744E-03   6.7405496334760331E-15   2.7208504556149094E-03   7.8283801420294212E+00 
      1      77    384      ANK   1.57E+03  1.00  0.028   1.1326668038221335E-01   3.4279859261337371E-02   1.9103424379295821E-03   4.4439165586943970E-15   2.9460662257463337E-03   7.5176891601134948E+00 
      1      78    387      ANK   1.57E+03  1.00  0.032   1.0778148082227293E-01   3.2695058910626920E-02   2.0632105874929560E-03   4.3353969336040207E-15   2.9933080439775448E-03   7.1555917899547419E+00 
      1      79    390      ANK   1.57E+03  1.00  0.038   1.0205241050056331E-01   3.1082603299247367E-02   2.2959667271833014E-03   4.1787339997033820E-15   3.0128766906823098E-03   6.7782986003413699E+00 
      1      80    393      ANK   1.57E+03  1.00  0.045   9.6370698394565968E-02   2.9486738653714741E-02   2.5745113191066233E-03   4.0593891825483978E-15   2.9988926071222886E-03   6.4043047824841235E+00 
      1      81    397      ANK   1.57E+03  1.00  0.015   8.9246094114546065E-02   2.8073148571562269E-02   1.1514984991754199E-03   4.3317277027427132E-14   2.0469556862185347E-03   5.9425754771791448E+00 
      1      82    401      ANK   1.57E+03  1.00  0.013   8.3491014074462272E-02   2.6584903979198115E-02   1.0190303419978452E-03   3.9322029830794912E-14   1.6640058961492098E-03   5.5651646517742410E+00 
      1      83    405      ANK   1.57E+03  1.00  0.013   7.8189344098307204E-02   2.5108968330646478E-02   9.5245063179360894E-04   3.7690124189236748E-14   1.5283364508037122E-03   5.2158431763353788E+00 
      1      84    409      ANK   1.57E+03  1.00  0.013   7.3255548838154633E-02   2.3687071495160313E-02   9.0893794527178540E-04   3.6299285026655777E-14   1.4180627553355139E-03   4.8898802360207609E+00 
      1      85    413      ANK   1.57E+03  1.00  0.013   6.8663976356682851E-02   2.2333423486897989E-02   8.7628564049831257E-04   3.6520330555189415E-14   1.3287157450101231E-03   4.5859722067790560E+00 
      1      86    429     *ANK   4.22E+03  0.00  0.046   6.8663976356682838E-02   2.2333423486897989E-02   8.7628564049831257E-04   3.6520330554878389E-14   1.3287157450100871E-03   4.5859722067790560E+00 
      1      87    432     *ANK   2.11E+03  1.00  0.032   6.7124828138412723E-02   2.1477518453987130E-02   1.2445649720600105E-03   6.6605779858565059E-15   1.8654670224371281E-03   4.4774241268033359E+00 
      1      88    435      ANK   2.11E+03  1.00  0.034   6.4307317797100486E-02   2.0492336867403822E-02   1.3007987333241756E-03   4.6181420623517278E-15   2.0244033862096013E-03   4.2884246698249573E+00 
      1      89    438      ANK   2.11E+03  1.00  0.038   6.0926843545084153E-02   1.9454388911437595E-02   1.4193944491226978E-03   4.6126100443457186E-15   2.0464689650164457E-03   4.0642491448908480E+00 
      1      90    441      ANK   2.11E+03  1.00  0.044   5.7413586377095482E-02   1.8408163273961733E-02   1.5930174034857723E-03   4.3251536567566929E-15   2.0636805501213439E-03   3.8320295784469574E+00 
      1      91    445      ANK   2.11E+03  1.00  0.020   5.3338406326893885E-02   1.7604971181478055E-02   7.8544994626052482E-04   3.3208979131004779E-14   1.4355785831406929E-03   3.5681139021159072E+00 
      1      92    449      ANK   2.11E+03  1.00  0.017   4.9888421895807410E-02   1.6664255438205131E-02   6.9195140379053302E-04   3.1147390242370440E-14   1.1784251187558191E-03   3.3409979870201076E+00 
      1      93    453      ANK   2.11E+03  1.00  0.017   4.6655010758030642E-02   1.5698458318905772E-02   6.5119207560269986E-04   3.0795731339618659E-14   1.0611077970516802E-03   3.1267101408893390E+00 
      1      94    457      ANK   2.11E+03  1.00  0.016   4.3616744549413805E-02   1.4757225232857498E-02   6.2302842394804418E-04   2.9080023893421916E-14   9.6722400490815660E-04   2.9247167019468132E+00 
      1      95    461      ANK   2.11E+03  1.00  0.016   4.0778652931341586E-02   1.3858249830457579E-02   5.8909683165596740E-04   2.8389312951867305E-14   8.9882770688721136E-04   2.7356559622719980E+00 
      1      96    465      ANK   2.11E+03  1.00  0.016   3.8128611264225933E-02   1.3007799178476489E-02   5.5801414588640800E-04   2.6872305735851672E-14   8.4166093395973229E-04   2.5589104854960136E+00 
      1      97    482     *ANK   5.84E+03  0.00  0.026   3.8128611264226168E-02   1.3007799178476461E-02   5.5801414588640724E-04   2.6872305735102321E-14   8.4166093396314937E-04   2.5589104854960318E+00 
      1      98    485     *ANK   2.92E+03  1.00  0.040   3.7380671363001980E-02   1.2441450474532092E-02   8.2845122201710317E-04   6.4541296740084538E-15   1.2820083688559959E-03   2.5034932647089945E+00 
      1      99    488      ANK   2.92E+03  1.00  0.041   3.5663402552609490E-02   1.1796451849520920E-02   8.7041044238551197E-04   4.6970995603786933E-15   1.3715278348299411E-03   2.3874527403858075E+00 
#--------------------------------------------------------------------------------------------------------------------------------------------------------------------------------------------------------------
#  Grid  | Iter | Iter |  Iter  |   CFL   | Step | Lin  |        Res rho         |        Res rhou        |        Res rhov        |        Res rhow        |        Res rhoE        |        totalRes        |
#  level |      | Tot  |  Type  |         |      | Res  |                        |                        |                        |                        |                        |                        |
#--------------------------------------------------------------------------------------------------------------------------------------------------------------------------------------------------------------
      1     100    491      ANK   2.92E+03  1.00  0.045   3.3590202426249036E-02   1.1127749592278729E-02   9.3479264056556353E-04   4.4693438796770430E-15   1.3711151457189439E-03   2.2493744574711516E+00 
      1     101    495      ANK   2.92E+03  1.00  0.025   3.1372096733473721E-02   1.0718560316987947E-02   5.2148000679366746E-04   2.6991105754984577E-14   9.8635685162698906E-04   2.1063176936058383E+00 
      1     102    499      ANK   2.92E+03  1.00  0.021   2.9325608332243153E-02   1.0135605045101697E-02   4.5403068918480153E-04   2.4087943722999296E-14   8.1645968684116344E-04   1.9710944171451201E+00 
      1     103    503      ANK   2.92E+03  1.00  0.021   2.7366743160858464E-02   9.5067773378453620E-03   4.3661744066159791E-04   2.2817501394520969E-14   7.2943135805780856E-04   1.8403917764337110E+00 
      1     104    507      ANK   2.92E+03  1.00  0.020   2.5507828983250061E-02   8.8897937781423353E-03   4.1937400020484252E-04   2.2817573046644748E-14   6.5778015717890494E-04   1.7159587555894316E+00 
      1     105    511      ANK   2.92E+03  1.00  0.019   2.3765777258414219E-02   8.3014986849862284E-03   3.9535988546215615E-04   2.1308463474134881E-14   6.0231013727648163E-04   1.5991499055964904E+00 
      1     106    515      ANK   2.92E+03  1.00  0.019   2.2140409609796616E-02   7.7476244108613916E-03   3.7491156793033787E-04   1.8590372727310054E-14   5.6177676404220011E-04   1.4900805483004966E+00 
      1     107    519      ANK   2.92E+03  1.00  0.019   2.0629664933075532E-02   7.2291338103439668E-03   3.5800185257505400E-04   1.7919531610593847E-14   5.2511150780867270E-04   1.3886300258707818E+00 
      1     108    536     *ANK   8.37E+03  0.00  0.030   2.0629664933075532E-02   7.2291338103439668E-03   3.5800185257505373E-04   1.7919531610466730E-14   5.2511150780863540E-04   1.3886300258707822E+00 
      1     109    539     *ANK   4.18E+03  1.00  0.048   2.0239320218379472E-02   6.8514435274141857E-03   5.2680191314303257E-04   5.7721960003329192E-15   8.4116154637469515E-04   1.3582604960592120E+00 
      1     110    542      ANK   4.18E+03  1.00  0.048   1.9163415297776917E-02   6.4399782827905235E-03   5.3992675347941214E-04   4.2770167066520097E-15   8.7643297988170043E-04   1.2853756143942257E+00 
      1     111    546      ANK   4.18E+03  1.00  0.028   1.8040663114287259E-02   6.2616491243579018E-03   3.3077735028827038E-04   1.9874261038506646E-14   6.1317069039867780E-04   1.2133926662862122E+00 
      1     112    550      ANK   4.18E+03  1.00  0.025   1.6839170176008257E-02   5.9142648965231550E-03   2.9748811244704088E-04   1.9065140365208081E-14   5.3371825837791257E-04   1.1339502848465601E+00 
      1     113    554      ANK   4.18E+03  1.00  0.024   1.5651912609807316E-02   5.5134573246177097E-03   2.9058464955143915E-04   1.7334455858232080E-14   4.7160191942173920E-04   1.0543110115084222E+00 
      1     114    558      ANK   4.18E+03  1.00  0.022   1.4514873169680071E-02   5.1198597623815052E-03   2.8071826116406916E-04   1.6327662513148727E-14   4.2116131848901281E-04   9.7785048388887652E-01 
      1     115    562      ANK   4.18E+03  1.00  0.022   1.3450956374212182E-02   4.7467961474382979E-03   2.6724604987469515E-04   1.5196979906575258E-14   3.8183471513960498E-04   9.0621617597818505E-01 
      1     116    566      ANK   4.18E+03  1.00  0.021   1.2461068747640369E-02   4.3983658581267593E-03   2.5406349765618618E-04   1.3223194945267305E-14   3.5180676116543502E-04   8.3954909373044984E-01 
      1     117    570      ANK   4.18E+03  1.00  0.021   1.1544128128850173E-02   4.0750856391771392E-03   2.3970542604091871E-04   1.3044982081092157E-14   3.2559081203859268E-04   7.7778397713610847E-01 
      1     118    574      ANK   4.18E+03  1.00  0.021   1.0695081957314405E-02   3.7758904629210692E-03   2.2723554816516178E-04   1.1214650869124867E-14   3.0135215309643620E-04   7.2059656558711327E-01 
      1     119    591     *ANK   1.27E+04  0.00  0.032   1.0695081957314405E-02   3.7758904629210696E-03   2.2723554816516165E-04   1.1214650869009491E-14   3.0135215309643463E-04   7.2059656558711305E-01 
      1     120    595     *ANK   6.33E+03  1.00  0.024   1.0652068195723736E-02   3.7200494924494896E-03   1.9395061913797973E-04   1.4795445368743255E-14   3.1728000700681459E-04   7.1683514809551108E-01 
      1     121    598      ANK   6.33E+03  1.00  0.050   9.8911064459849297E-03   3.3473084963520161E-03   3.1540794604117511E-04   5.5068306839099807E-15   4.6528338233002158E-04   6.6401586471229512E-01 
      1     122    602      ANK   6.33E+03  1.00  0.026   9.2365126197033742E-03   3.2174016469908610E-03   1.8929190773042215E-04   1.2398742653211590E-14   3.0800371052968619E-04   6.2148821625380379E-01 
      1     123    606      ANK   6.33E+03  1.00  0.026   8.5377584392081606E-03   2.9999063316462553E-03   1.8489188512919240E-04   1.1887970295732040E-14   2.8109544157849304E-04   5.7502001522018475E-01 
      1     124    610      ANK   6.33E+03  1.00  0.024   7.8605229859044674E-03   2.7688179680267740E-03   1.7791060900913810E-04   1.1152369195441103E-14   2.4744384333094850E-04   5.2954105273884089E-01 
      1     125    614      ANK   6.33E+03  1.00  0.022   7.2248143155799888E-03   2.5478059051087599E-03   1.7006987835743690E-04   9.8995522725983888E-15   2.2067711888951549E-04   4.8677310530009688E-01 
      1     126    618      ANK   6.33E+03  1.00  0.022   6.6374700350045716E-03   2.3421408931104675E-03   1.5978340475008212E-04   9.3252989275207116E-15   1.9971022498340628E-04   4.4723105311627753E-01 
      1     127    622      ANK   6.33E+03  1.00  0.021   6.0986749865790287E-03   2.1526484996908278E-03   1.4973995846583361E-04   8.8412519837212465E-15   1.8301623436653249E-04   4.1094388106196533E-01 
      1     128    626      ANK   6.33E+03  1.00  0.021   5.6019005918940363E-03   1.9788653252349429E-03   1.4226927231007200E-04   8.4533817953479387E-15   1.6842583408159707E-04   3.7751064871075701E-01 
      1     129    630      ANK   6.33E+03  1.00  0.021   5.1464748559071904E-03   1.8196467815432668E-03   1.3313860583596336E-04   7.5570171633065551E-15   1.5497460548063351E-04   3.4685889555105065E-01 
      1     130    647     *ANK   2.09E+04  0.00  0.030   5.1464748559071904E-03   1.8196467815432664E-03   1.3313860583596325E-04   7.5570171633119950E-15   1.5497460548061611E-04   3.4685889555105065E-01 
      1     131    651     *ANK   1.05E+04  1.00  0.024   5.0898192738982398E-03   1.7757584233396258E-03   9.8340387148104127E-05   8.8647117573514943E-15   1.6018172625802785E-04   3.4250644662002216E-01 
      1     132    654      ANK   1.05E+04  1.00  0.050   4.6138514111373000E-03   1.5637272211585286E-03   1.8495168066315769E-04   4.9666814199113543E-15   2.2791565834586275E-04   3.0990045176118802E-01 
      1     133    658      ANK   1.05E+04  1.00  0.026   4.2856609185919327E-03   1.5017196541255600E-03   1.0082709886941445E-04   7.5300702636254285E-15   1.5341388309423758E-04   2.8858966980086281E-01 
      1     134    662      ANK   1.05E+04  1.00  0.025   3.9220928652079013E-03   1.3890042405629950E-03   1.0615993629821315E-04   7.1217906679901717E-15   1.3673543650241987E-04   2.6443032072112566E-01 
      1     135    665      ANK   1.05E+04  1.00  0.050   3.5007147733982532E-03   1.2078689027864562E-03   1.5800542605076473E-04   4.3913372142942793E-15   1.7724550111572124E-04   2.3563102984523296E-01 
      1     136    669      ANK   1.05E+04  1.00  0.025   3.2326742282161669E-03   1.1505712270467737E-03   8.2379714234176080E-05   5.8925544435908663E-15   1.1733312804277409E-04   2.1807252643917155E-01 
      1     137    673      ANK   1.05E+04  1.00  0.024   2.9570797056966826E-03   1.0617810370110649E-03   8.9277383537619693E-05   5.9496123282351190E-15   1.0155713487575111E-04   1.9969079626792025E-01 
      1     138    677      ANK   1.05E+04  1.00  0.022   2.7001645754424243E-03   9.7221572598531073E-04   8.6650931005126622E-05   5.8326425276118289E-15   8.8933527079892709E-05   1.8240089677496130E-01 
      1     139    680      ANK   1.05E+04  1.00  0.050   2.4180020035567498E-03   8.4830102815861453E-04   1.2242242922907569E-04   4.1231214164354669E-15   1.2052075802313033E-04   1.6307823539019806E-01 
      1     140    697     *ANK   3.54E+04  0.00  0.029   2.4180020035567502E-03   8.4830102815861464E-04   1.2242242922907561E-04   4.1231214164342244E-15   1.2052075802314076E-04   1.6307823539019814E-01 
      1     141    701     *ANK   1.77E+04  1.00  0.026   2.3596413827344453E-03   8.4123046665715779E-04   4.7424467532457937E-05   5.5246223199965714E-15   8.8090393004937532E-05   1.5919635462925000E-01 
      1     142    704      ANK   1.77E+04  1.00  0.049   2.0965842281823440E-03   7.3323499569632555E-04   1.1378842661586682E-04   4.2493894840078823E-15   1.0723255874310873E-04   1.4138468909132645E-01 
      1     143    708      ANK   1.77E+04  1.00  0.027   1.9511179739807117E-03   7.0567601507567988E-04   5.0076305837563729E-05   5.1341914783719864E-15   7.6491725846738491E-05   1.3187424609878037E-01 
      1     144    711      ANK   1.77E+04  1.00  0.049   1.7257114492811897E-03   6.1276415912932237E-04   9.9306668296285825E-05   4.0580840308190308E-15   9.0593622821030025E-05   1.1659505943693592E-01 
      1     145    715      ANK   1.77E+04  1.00  0.026   1.6054706318876868E-03   5.8823712528924830E-04   4.3571604130097863E-05   4.9496511668391378E-15   6.4609380317209180E-05   1.0868429096996354E-01 
      1     146    718      ANK   1.77E+04  1.00  0.048   1.4240467796083529E-03   5.1213693771272198E-04   8.4913977805057604E-05   4.0698427830101979E-15   7.3115865718165077E-05   9.6357081425798921E-02 
      1     147    722      ANK   1.77E+04  1.00  0.024   1.3266600217125462E-03   4.9099386300372979E-04   3.6006876102617760E-05   4.4700863775215930E-15   5.1888569122540709E-05   8.9913990704306154E-02 
      1     148    725      ANK   1.77E+04  1.00  0.046   1.1812821152897897E-03   4.2914340601285457E-04   7.1212170412181377E-05   3.8468425478994452E-15   5.9403345461226202E-05   8.0022420881415202E-02 
      1     149    729     *ANK   5.72E+04  1.00  0.028   1.1708421032298147E-03   4.3037704853527147E-04   3.0598702164065058E-05   4.6158048730075493E-15   4.7650857531302572E-05   7.9291284251280333E-02 
#--------------------------------------------------------------------------------------------------------------------------------------------------------------------------------------------------------------
#  Grid  | Iter | Iter |  Iter  |   CFL   | Step | Lin  |        Res rho         |        Res rhou        |        Res rhov        |        Res rhow        |        Res rhoE        |        totalRes        |
#  level |      | Tot  |  Type  |         |      | Res  |                        |                        |                        |                        |                        |                        |
#--------------------------------------------------------------------------------------------------------------------------------------------------------------------------------------------------------------
      1     150    732      ANK   5.72E+04  1.00  0.046   1.0218616301251693E-03   3.7111543177591145E-04   7.7867393060129046E-05   3.7610954324160975E-15   5.0960198978009654E-05   6.9285289423570900E-02 
      1     151    735      ANK   5.72E+04  1.00  0.049   9.1466303316468456E-04   3.3316009093286420E-04   4.8888162108209096E-05   3.6138792017111636E-15   5.3346821965774871E-05   6.1982667467816291E-02 
      1     152    739      ANK   5.72E+04  1.00  0.028   8.6703802290740404E-04   3.2698589700852731E-04   2.1722741779244836E-05   3.9930356648742555E-15   3.7994193682010970E-05   5.8905852593568196E-02 
      1     153    742      ANK   5.72E+04  1.00  0.045   7.6409851698886508E-04   2.8381698633717794E-04   5.7310140048217840E-05   3.6808576025327358E-15   3.7681971844462585E-05   5.1940574991848343E-02 
      1     154    745      ANK   5.72E+04  1.00  0.047   6.8898816445287522E-04   2.5603005169515681E-04   3.6634898096659305E-05   3.4504037407697680E-15   3.9634907691889723E-05   4.6798054350659167E-02 
      1     155    748      *NK     ----    1.00  0.283   1.4586431539667985E-04   4.7108898688196936E-05   1.4084328053807124E-04   3.9986002140288432E-14   1.6239921232470499E-04   1.6764680554498229E-02 
      1     156    758       NK     ----    1.00  0.176   3.7688718472486565E-05   1.6294854850257266E-05   3.8528880675888770E-05   1.6689828632332766E-14   2.5846207097916882E-05   3.9340414665186146E-03 
      1     157    773       NK     ----    1.00  0.083   4.4826553179714416E-06   2.0107076349649844E-06   1.9650381581742626E-06   3.1812942671071709E-13   3.9147988121557250E-06   4.1795101121804836E-04 
      1     158    794       NK     ----    1.00  0.022   1.0519838394389641E-07   2.4858828181020754E-07   5.1811386057796357E-08   1.2226057719756007E-13   2.0854171086217824E-07   2.1907915822568500E-05 
      1     159    819       NK     ----    1.00  0.007   2.1778899684584276E-09   6.6868738945436347E-09   8.2332609847123911E-10   6.5428606711254488E-15   5.6956135683600846E-09   5.7701289384775951E-07 
      1     160    847       NK     ----    1.00  0.002   3.8773256179853917E-11   1.7598721732490803E-10   1.5454342717135025E-11   3.9819811415210318E-15   1.5760807496516850E-10   1.5233442177007460E-08 
      1     161    872       NK     ----    1.00  0.003   3.7882112684461394E-12   1.5495203082602480E-12   4.0352569521570158E-12   4.0179194334989591E-15   1.1478484080916393E-11   8.1512893008364920E-10 
#
# Writing grid file(s):
#    output/flat_plate_heat_000_vol.cgns
# Grid file(s) written
#
#
# Writing volume solution file(s):
#    output/flat_plate_heat_000_vol.cgns
# Volume solution file(s) written
#
#
# Writing surface solution file(s):
#    output/flat_plate_heat_000_surf.cgns
# Surface solution file(s) written
#
#
# Writing tecplot surface file(s):
#    output/flat_plate_heat_000_surf.plt
# Tecplot surface file(s) written
#
+-------------------------------------------------+
|
| Solution Timings:
|
| Set AeroProblem Time          :      0.003 sec
| Solution Time                 :     13.134 sec
| Write Solution Time           :      0.039 sec
| Stability Parameter Time      :      0.000 sec
|
| Total Call Time               :     13.176 sec
+--------------------------------------------------+
-> Alpha... 0.000000 
+---------------------------------------------------+
|
| Function Timings:
|
| Function AeroProblem Time     :      0.001 sec
| Function Evaluation Time      :      0.000 sec
| User Function Evaluation Time :      0.000 sec
|
| Total Function Evaluation Time:      0.001 sec
+--------------------------------------------------+

 ADflow simulation complete!
flat_plate_heat_cd   : -1.200551e-06
flat_plate_heat_cdp  : -9.110450e-07
flat_plate_heat_cdv  : 1.817273e-06
flat_plate_heat_cl   : -3.457207e-06
