#
# ADflow, multiblock structured flow solver
#
# This code solves the 3D RANS, laminar NS or Euler equations
# on multiblock structured hexahedral grids.
# This is a parallel executable running on 1 processors.
# It has been compiled with the following options:
# - Optimized mode.
# - Size of standard integers: 4 bytes.
# - Size of standard floating point types: 8 bytes.
# - With cgns support
# - With support for signals.
#
+----------------------------------------+
|          All ADFLOW Options:           |
+----------------------------------------+
{'ADPC': False,
 'ANKADPC': False,
 'ANKAMGLevels': 2,
 'ANKAMGNSmooth': 1,
 'ANKASMOverlap': 1,
 'ANKASMOverlapCoarse': 0,
 'ANKCFL0': 5.0,
 'ANKCFLCutback': 0.5,
 'ANKCFLExponent': 0.5,
 'ANKCFLFactor': 10.0,
 'ANKCFLLimit': 100000.0,
 'ANKCFLMin': 1.0,
 'ANKCFLReset': True,
 'ANKCharTimeStepType': 'None',
 'ANKConstCFLStep': 0.4,
 'ANKCoupledSwitchTol': 1e-16,
 'ANKGlobalPreconditioner': 'additive Schwarz',
 'ANKInnerPreconIts': 1,
 'ANKInnerPreconItsCoarse': 1,
 'ANKJacobianLag': 10,
 'ANKLinResMax': 0.1,
 'ANKLinearSolveBuffer': 0.01,
 'ANKLinearSolveTol': 0.05,
 'ANKMaxIter': 40,
 'ANKNSubiterTurb': 1,
 'ANKOuterPreconIts': 1,
 'ANKPCILUFill': 2,
 'ANKPCILUFillCoarse': 0,
 'ANKPCUpdateCutoff': 1e-16,
 'ANKPCUpdateTol': 0.5,
 'ANKPCUpdateTolAfterCutoff': 0.0001,
 'ANKPhysicalLSTol': 0.2,
 'ANKPhysicalLSTolTurb': 0.99,
 'ANKSecondOrdSwitchTol': 1e-16,
 'ANKStepFactor': 1.0,
 'ANKStepMin': 0.01,
 'ANKSubspaceSize': -1,
 'ANKSwitchTol': 1000.0,
 'ANKTurbCFLScale': 1.0,
 'ANKTurbKSPDebug': False,
 'ANKUnsteadyLSTol': 1.0,
 'ANKUseApproxSA': False,
 'ANKUseFullVisc': True,
 'ANKUseMatrixFree': True,
 'ANKUseTurbDADI': True,
 'ASMOverlap': 1,
 'ASMOverlapCoarse': 0,
 'CFL': 1.0,
 'CFLCoarse': 1.0,
 'CFLLimit': 1.5,
 'GMRESOrthogonalizationType': 'modified Gram-Schmidt',
 'ILUFill': 2,
 'ILUFillCoarse': 0,
 'L2Convergence': 1e-12,
 'L2ConvergenceCoarse': 0.01,
 'L2ConvergenceRel': 1e-16,
 'MGCycle': 'sg',
 'MGStartLevel': -1,
 'NKADPC': False,
 'NKAMGLevels': 2,
 'NKAMGNSmooth': 1,
 'NKASMOverlap': 1,
 'NKASMOverlapCoarse': 0,
 'NKFixedStep': 0.25,
 'NKGlobalPreconditioner': 'additive Schwarz',
 'NKInnerPreconIts': 1,
 'NKInnerPreconItsCoarse': 1,
 'NKJacobianLag': 20,
 'NKLS': 'cubic',
 'NKLinearSolveTol': 0.3,
 'NKOuterPreconIts': 1,
 'NKPCILUFill': 2,
 'NKPCILUFillCoarse': 0,
 'NKSubspaceSize': 60,
 'NKSwitchTol': 1e-05,
 'NKUseEW': True,
 'NKViscPC': False,
 'RKReset': False,
 'SAKappa': 0.41,
 'SAcb1': 0.1355,
 'SAcb2': 0.622,
 'SAcrot': 2.0,
 'SAct1': 1.0,
 'SAct2': 2.0,
 'SAct3': 1.2,
 'SAct4': 0.5,
 'SAcv1': 7.1,
 'SAcw2': 0.3,
 'SAcw3': 2.0,
 'SAsigma': 0.66666666667,
 'TSStability': False,
 'acousticScaleFactor': 1.0,
 'adjointAMGLevels': 2,
 'adjointAMGNSmooth': 1,
 'adjointDivTol': 100000.0,
 'adjointL2Convergence': 1e-06,
 'adjointL2ConvergenceAbs': 1e-16,
 'adjointL2ConvergenceRel': 1e-16,
 'adjointMaxIter': 500,
 'adjointMaxL2DeviationFactor': 1.0,
 'adjointMonitorStep': 10,
 'adjointSolver': 'GMRES',
 'adjointSubspaceSize': 100,
 'alphaFollowing': True,
 'alphaMode': False,
 'altitudeMode': False,
 'applyAdjointPCSubspaceSize': 20,
 'applyPCSubspaceSize': 10,
 'approxPC': True,
 'backgroundVolScale': 1.0,
 'betaMode': False,
 'blockSplitting': True,
 'cavExponent': 0,
 'cavSensorOffset': 0.0,
 'cavSensorSharpness': 10.0,
 'cavitationNumber': 1.4,
 'closedSurfaceFamilies': None,
 'coarseDiscretization': 'upwind',
 'computeCavitation': False,
 'computeSepSensorKs': False,
 'coupledSolution': False,
 'cpMinRho': 100.0,
 'cutCallback': None,
 'debugZipper': False,
 'deltaT': 0.01,
 'designSurfaceFamily': None,
 'discretization': 'upwind',
 'dissContMagnitude': 1.0,
 'dissContMidpoint': 3.0,
 'dissContSharpness': 3.0,
 'dissipationLumpingParameter': 6.0,
 'dissipationScalingExponent': 0.67,
 'eddyVisInfRatio': 0.009,
 'equationMode': 'steady',
 'equationType': 'laminar NS',
 'eulerWallTreatment': 'linear pressure extrapolation',
 'explicitSurfaceCallback': None,
 'firstRun': True,
 'flowType': 'external',
 'forcesAsTractions': True,
 'frozenTurbulence': False,
 'globalPreconditioner': 'additive Schwarz',
 'gridFile': './meshes/fp_l0_rebunch_fixed_inout.cgns',
 'gridPrecision': 'double',
 'gridPrecisionSurface': 'single',
 'infChangeCorrection': True,
 'infChangeCorrectionTol': 1e-12,
 'infChangeCorrectionType': 'offset',
 'innerPreconIts': 1,
 'innerPreconItsCoarse': 1,
 'isoVariables': [],
 'isosurface': {},
 'liftIndex': 2,
 'limiter': 'van Albada',
 'loadBalanceIter': 10,
 'loadImbalance': 0.1,
 'localPreconditioner': 'ILU',
 'lowSpeedPreconditioner': False,
 'machMode': False,
 'matrixOrdering': 'RCM',
 'maxL2DeviationFactor': 1.0,
 'meshMaxSkewness': 1.0,
 'meshSurfaceFamily': None,
 'monitorVariables': ['resrho', 'resmom', 'resrhoe', 'yplus'],
 'nCycles': 5000,
 'nCyclesCoarse': 500,
 'nFloodIter': -1,
 'nRKReset': 5,
 'nRefine': 10,
 'nSaveSurface': 1,
 'nSaveVolume': 1,
 'nSubiter': 1,
 'nSubiterTurb': 3,
 'nTimeStepsCoarse': 48,
 'nTimeStepsFine': 400,
 'nearWallDist': 0.1,
 'numberSolutions': True,
 'outerPreconIts': 3,
 'outputDirectory': 'output',
 'outputSurfaceFamily': 'allSurfaces',
 'overlapFactor': 0.9,
 'oversetDebugPrint': False,
 'oversetLoadBalance': True,
 'oversetPriority': {},
 'oversetProjTol': 1e-12,
 'oversetUpdateMode': 'frozen',
 'pMode': False,
 'partitionLikeNProc': -1,
 'partitionOnly': False,
 'preconditionerSide': 'right',
 'printAllOptions': True,
 'printBadlySkewedCells': False,
 'printIntro': True,
 'printIterations': True,
 'printNegativeVolumes': False,
 'printTiming': True,
 'printWarnings': True,
 'qMode': False,
 'rMode': False,
 'recomputeOverlapMatrix': True,
 'resAveraging': 'alternate',
 'restartAdjoint': True,
 'restartFile': None,
 'restrictionRelaxation': 0.8,
 'saVariant': 'SA',
 'selfZipCutoff': 120.0,
 'sepSensorKsOffset': 0.0,
 'sepSensorKsPhi': 90.0,
 'sepSensorKsRho': 1000.0,
 'sepSensorKsSharpness': 25.0,
 'sepSensorOffset': 0.0,
 'sepSensorSharpness': 10.0,
 'setMonitor': True,
 'skipAfterFailedAdjoint': True,
 'smoothParameter': 1.5,
 'smoother': 'DADI',
 'solutionPrecision': 'single',
 'solutionPrecisionSurface': 'single',
 'storeConvHist': True,
 'storeRindLayer': True,
 'surfaceVariables': ['cf',
                      'cfx',
                      'cfy',
                      'cfz',
                      'p',
                      'vx',
                      'vy',
                      'vz',
                      'temp',
                      'rho',
                      'mach',
                      'yplus',
                      'ch'],
 'timeAccuracy': 2,
 'timeIntegrationScheme': 'BDF',
 'timeIntervals': 1,
 'timeLimit': -1.0,
 'turbResScale': 10000.0,
 'turbulenceModel': 'SA',
 'turbulenceOrder': 'first order',
 'turbulenceProduction': 'strain',
 'updateWallAssociations': False,
 'useALE': True,
 'useANKSolver': True,
 'useApproxWallDistance': True,
 'useBlockettes': True,
 'useDiagTSPC': True,
 'useDissContinuation': False,
 'useExternalDynamicMesh': False,
 'useGridMotion': False,
 'useLinResMonitor': False,
 'useMatrixFreedrdw': True,
 'useNKSolver': True,
 'useOversetWallScaling': False,
 'useQCR': False,
 'useRotationSA': False,
 'useSkewnessCheck': False,
 'useTSInterpolatedGridVelocity': False,
 'useWallFunctions': False,
 'useZipperMesh': True,
 'useft2SA': True,
 'verifyExtra': True,
 'verifySpatial': True,
 'verifyState': True,
 'vis2': 0.25,
 'vis2Coarse': 0.5,
 'vis4': 0.0156,
 'viscPC': False,
 'viscWallTreatment': 'constant pressure extrapolation',
 'viscousSurfaceVelocities': True,
 'volumeVariables': ['resrho'],
 'wallDistCutoff': 1e+20,
 'windAxis': False,
 'writeSolutionDigits': 3,
 'writeSolutionEachIter': False,
 'writeSurfaceSolution': True,
 'writeTecplotSurfaceSolution': True,
 'writeVolumeSolution': True,
 'zipperSurfaceFamily': None}
#
#                      Warning
# Zone blk-1, boundary subface BC7
# BC data set Temperature: No units specified, assuming SI units
#
#
#                      Warning
# Zone blk-1, boundary subface BC8
# BC data set PressureStagnation: No units specified, assuming SI units
#
#
#                      Warning
# Zone blk-1, boundary subface BC8
# BC data set TemperatureStagnation: No units specified, assuming SI units
#
#
#                      Warning
# Zone blk-1, boundary subface BC8
# BC data set VelocityUnitVectorX: No units specified, assuming SI units
#
#
#                      Warning
# Zone blk-1, boundary subface BC8
# BC data set VelocityUnitVectorY: No units specified, assuming SI units
#
#
#                      Warning
# Zone blk-1, boundary subface BC8
# BC data set VelocityUnitVectorZ: No units specified, assuming SI units
#
#
#                      Warning
# Zone blk-1, boundary subface BC9
# BC data set Pressure: No units specified, assuming SI units
#
#
#                      Warning
# It is assumed that the grid is given in meters.
#
#
# Specified load imbalance tolerance 0.100 achieved.
# Continuing with 0.000 load imbalance for the cells and 0.000 for the faces
#
#
# Grid level: 1, Total number of cells: 64512
#
+--------------------------------------------------+
  CGNS Surface Families by Boundary Condition Type
+--------------------------------------------------+
| Wall Types           : wall_viscous_iso 
| Inflow Types         : inflow_subsonic 
| Outflow Types        : outflow_subsonic 
| Symmetry Types       : sym_plane 
| Farfield Types       : farfield 
| Overset Types        : 
+--------------------------------------------------+
-> Alpha... 0.000000 
+--------------------------------------------------+
|
| Initialization Times:
|
| Library Load Time             :      0.018 sec
| Set Defaults Time             :      0.000 sec
| Base Class Init Time          :      0.001 sec
| Introductory Time             :      0.003 sec
| Partitioning Time             :      0.019 sec
| Preprocessing Time            :      0.558 sec
| Family Setup Time             :      0.000 sec
| Cut Callback Time             :      0.000 sec
| Explicit Surface Cut Time     :      0.000 sec
| Overset Preprocessing Time    :      0.000 sec
| Initialize Flow Time          :      0.034 sec
|
| Total Init Time               :      0.637 sec
+--------------------------------------------------+
+----------------------------------------------------------------------+
|  Switching to Aero Problem: flat_plate_heat                          |
+----------------------------------------------------------------------+

+------------------------------------------------------------------------------+
| pyADFLOW Warning: 'zipperSurfaceFamily' option was not given. Using all wall |
| boundary conditions for the zipper mesh.                                     |
+------------------------------------------------------------------------------+

-> Alpha... 0.000000 
+----------------------------------------+
|      All Modified ADFLOW Options:      |
+----------------------------------------+
{'CFL': 1.0,
 'L2Convergence': 1e-12,
 'coarseDiscretization': 'upwind',
 'discretization': 'upwind',
 'equationType': 'laminar NS',
 'gridFile': './meshes/fp_l0_rebunch_fixed_inout.cgns',
 'monitorVariables': ['resrho', 'resmom', 'resrhoe', 'yplus'],
 'nCycles': 5000,
 'outputDirectory': 'output',
 'surfaceVariables': ['cf',
                      'cfx',
                      'cfy',
                      'cfz',
                      'p',
                      'vx',
                      'vy',
                      'vz',
                      'temp',
                      'rho',
                      'mach',
                      'yplus',
                      'ch'],
 'turbResScale': 10000.0,
 'useNKSolver': True,
 'writeTecplotSurfaceSolution': True}
#
# Grid 1: Performing 5000 iterations, unless converged earlier. Minimum required iteration before NK switch:      5. Switch to NK at totalR of:   1.58E+00
#
#--------------------------------------------------------------------------------------------------------------------------------------------------------------------------------------------------------------
#  Grid  | Iter | Iter |  Iter  |   CFL   | Step | Lin  |        Res rho         |        Res rhou        |        Res rhov        |        Res rhow        |        Res rhoE        |        totalRes        |
#  level |      | Tot  |  Type  |         |      | Res  |                        |                        |                        |                        |                        |                        |
#--------------------------------------------------------------------------------------------------------------------------------------------------------------------------------------------------------------
      1       0      0     None     ----    ----   ----   1.0824213885673293E-13   7.9988172872217930E+01   2.4248838257244571E-02   8.3442564906704621E-14   6.1616430641124055E+02   1.5781407052498177E+05 
      1       1      3     *ANK   5.00E+00  1.00  0.001   1.1094330981091935E+02   4.2680492972223277E+01   5.0832798478547730E+01   7.2094613970381594E-14   1.9476867915444268E+02   5.9375979028238791E+04 
      1       2      6     *ANK   2.10E+01  1.00  0.012   1.0586896492551361E+02   1.9712057755370019E+01   1.7592669532038194E+01   4.9922038176852249E-14   5.4814179308276294E+01   3.1015027504684760E+04 
      1       3     10      ANK   2.10E+01  1.00  0.042   8.2323289133310780E+01   1.5031033819979218E+01   8.9563147677401815E+00   1.9347245015395013E-12   2.7361323150887660E+01   2.2477820247533840E+04 
      1       4     13     *ANK   8.79E+01  1.00  0.034   5.1779496078855836E+01   9.2136631488379770E+00   4.6886624345453258E+00   2.8777690535119298E-13   1.5715184220947503E+01   1.3992542105703025E+04 
      1       5     17      ANK   8.79E+01  1.00  0.026   2.6918222720337052E+01   6.6621898515855458E+00   3.4927146258583361E+00   3.5002913388176032E-12   8.5392979669180793E+00   7.4228917556084125E+03 
      1       6     21     *ANK   4.11E+02  1.00  0.015   8.5178428760902669E+00   2.6428749028021965E+00   6.2595924873187982E+00   7.5104016156466376E-12   8.3406701015366629E+00   3.4852283717472369E+03 
      1       7     25     *ANK   1.39E+03  1.00  0.035   1.3300643310364315E+01   2.2476473545052094E+00   1.2393673921938939E+00   1.0342432190392464E-11   3.4779194043497377E+00   3.5521775982975964E+03 
      1       8     42      ANK   1.39E+03  0.00  0.035   1.3300643310364356E+01   2.2476473545052085E+00   1.2393673921939030E+00   1.0342432190926742E-11   3.4779194043497470E+00   3.5521775982976078E+03 
      1       9     45     *ANK   6.97E+02  1.00  0.047   1.4122272680674392E+01   2.6641437194623094E+00   4.5387282685443892E-01   4.9666918225433073E-13   1.1400055190807539E+00   3.6634951218631959E+03 
      1      10     49      ANK   6.97E+02  1.00  0.012   1.3340443396057948E+01   2.7960727407773471E+00   2.8782833165674315E-01   2.8637778620738405E-12   6.5071470645908336E-01   3.4667062073226816E+03 
      1      11     53      ANK   6.97E+02  1.00  0.011   1.1502838988166751E+01   2.5832721502467257E+00   2.2521987431662660E-01   2.8239368377274242E-12   3.5924623156635754E-01   2.9963362021210178E+03 
      1      12     57      ANK   6.97E+02  1.00  0.015   9.6074885349195576E+00   2.2558638545081182E+00   2.1293027400040124E-01   2.7566864481890488E-12   2.9292044334683698E-01   2.5082786519694064E+03 
      1      13     61      ANK   6.97E+02  1.00  0.023   7.9372290452351075E+00   1.9231307445615629E+00   2.0954124587113795E-01   3.1580883360364623E-10   2.7843944524510500E-01   2.0762123763164723E+03 
      1      14     65      ANK   6.97E+02  1.00  0.034   6.5511711297406210E+00   1.6234330218009334E+00   2.0427684302539159E-01   3.5255461188404343E-10   2.7954219649066819E-01   1.7165292763650536E+03 
      1      15     82     *ANK   2.29E+03  0.00  0.020   6.5511711297406530E+00   1.6234330218009316E+00   2.0427684302540058E-01   3.5255461188401624E-10   2.7954219649064660E-01   1.7165292763650612E+03 
      1      16     85     *ANK   1.15E+03  1.00  0.046   5.7701065646213285E+00   1.4443880626244361E+00   1.6326792026926754E-01   1.1754427746523807E-11   2.2783741741436811E-01   1.5124575935854791E+03 
      1      17     89      ANK   1.15E+03  1.00  0.015   4.8850375828449435E+00   1.2919241703538022E+00   1.1023906120027419E-01   8.5587249335352411E-12   9.7902879179228269E-02   1.2839646862457200E+03 
      1      18     93      ANK   1.15E+03  1.00  0.016   4.0181851900995404E+00   1.1013168400703635E+00   9.7497130214458105E-02   3.1146741863108417E-10   7.2652753158583688E-02   1.0586779099397070E+03 
      1      19     97      ANK   1.15E+03  1.00  0.018   3.2903200434906621E+00   9.2454462828287265E-01   8.2528737563544771E-02   4.2022336127513857E-10   6.3860271770702304E-02   8.6848513293244969E+02 
      1      20    101      ANK   1.15E+03  1.00  0.022   2.6941230481443461E+00   7.7208792348974375E-01   7.3066692464941990E-02   4.0130769263486776E-10   5.7352464741959611E-02   7.1222249024220025E+02 
      1      21    118     *ANK   4.41E+03  0.00  0.040   2.6941230481443736E+00   7.7208792348974309E-01   7.3066692464941324E-02   4.0130769263356805E-10   5.7352464741955683E-02   7.1222249024220662E+02 
      1      22    122     *ANK   2.20E+03  1.00  0.026   2.5506871821881378E+00   7.3469419752220466E-01   6.8229960489944869E-02   2.0448230174729924E-10   5.8176051071890549E-02   6.7457843472172124E+02 
      1      23    126      ANK   2.20E+03  1.00  0.027   2.1151801711139897E+00   6.2143503647584442E-01   6.0500008427745722E-02   8.0388479351687961E-10   4.8293920214705049E-02   5.6029081045041096E+02 
      1      24    130      ANK   2.20E+03  1.00  0.031   1.7142337332246356E+00   5.1143049476524860E-01   5.5291433262898891E-02   6.3037339855017946E-10   4.5614179887935730E-02   4.5473076757223345E+02 
      1      25    134      ANK   2.20E+03  1.00  0.036   1.3846738273414774E+00   4.1902691111167351E-01   4.9978361511881030E-02   6.3450588354295959E-10   4.3165218532283556E-02   3.6782990529299252E+02 
      1      26    138      ANK   2.20E+03  1.00  0.041   1.1202707525696129E+00   3.4325392707823915E-01   4.5028664574092374E-02   9.1245438201746162E-10   4.0764357813988586E-02   2.9799664793464802E+02 
      1      27    156     *ANK   8.41E+03  0.00  0.039   1.1202707525696254E+00   3.4325392707823910E-01   4.5028664574091513E-02   9.1245438201756823E-10   4.0764357813983583E-02   2.9799664793465115E+02 
      1      28    160     *ANK   4.20E+03  1.00  0.046   1.0889366281593589E+00   3.2835598123368148E-01   4.2558582940293348E-02   1.8462370915007024E-09   4.0348845859230820E-02   2.8926568681916450E+02 
      1      29    164      ANK   4.20E+03  1.00  0.047   8.8011532094041744E-01   2.6903604259350455E-01   3.6309990281213768E-02   1.6294730214550129E-09   3.4926086731590977E-02   2.3410326476806367E+02 
      1      30    169      ANK   4.20E+03  1.00  0.023   7.1558154374903438E-01   2.2438610772494183E-01   2.6415812649323779E-02   1.5125941515786445E-09   2.1710675872343047E-02   1.9067607236677404E+02 
      1      31    174      ANK   4.20E+03  1.00  0.022   5.7229477672422613E-01   1.8014301346625688E-01   2.2807499454629215E-02   1.8056495721803896E-09   1.5703663466349965E-02   1.5255173982356123E+02 
      1      32    179      ANK   4.20E+03  1.00  0.028   4.5657436758511061E-01   1.4356093599721648E-01   1.9993170328223342E-02   2.4145329902107423E-09   1.4979697917944682E-02   1.2172929068693827E+02 
      1      33    199     *ANK   1.64E+04  0.00  0.039   4.5657436758509307E-01   1.4356093599721678E-01   1.9993170328220424E-02   2.4145329902110219E-09   1.4979697917952213E-02   1.2172929068693415E+02 
      1      34    204     *ANK   8.21E+03  1.00  0.046   4.5464198617014612E-01   1.3802958298476681E-01   2.3686073079331269E-02   3.4070476824377159E-09   2.0491427532905615E-02   1.2094197999851991E+02 
      1      35    209      ANK   8.21E+03  1.00  0.043   3.6442122294336876E-01   1.1075186967725245E-01   1.8070584258034504E-02   4.4561252268554109E-09   1.7675071826609115E-02   9.6953075863799995E+01 
      1      36    214      ANK   8.21E+03  1.00  0.046   2.8540773138072445E-01   8.7081519700663967E-02   1.5221729951636448E-02   5.3585761854389039E-09   1.5423040912511421E-02   7.5990070148208730E+01 
      1      37    220      ANK   8.21E+03  1.00  0.035   2.2329316313902980E-01   6.9066718106418207E-02   1.1085632935800380E-02   6.5303228191200233E-09   1.0526145272068924E-02   5.9492600769089364E+01 
      1      38    241     *ANK   2.66E+04  0.00  0.047   2.2329316313902908E-01   6.9066718106418179E-02   1.1085632935803188E-02   6.5303228191203327E-09   1.0526145272063215E-02   5.9492600769089073E+01 
      1      39    247     *ANK   1.33E+04  1.00  0.041   2.0875405363314495E-01   6.3459281087265507E-02   1.4961746109520715E-02   7.9806266919601227E-09   9.4881249884073652E-03   5.5600038754426087E+01 
      1      40    254      ANK   1.33E+04  1.00  0.044   1.6143568190534427E-01   4.9150120979445842E-02   1.0987993887034276E-02   8.4728785207795266E-09   9.2046676073586822E-03   4.3016006029801297E+01 
      1      41    260      ANK   1.33E+04  1.00  0.049   1.2294019178062335E-01   3.7375925956671087E-02   8.2295341688858863E-03   9.0733014345202865E-09   7.5061206389698543E-03   3.2759389705930026E+01 
      1      42    268      ANK   1.33E+04  1.00  0.041   9.4720835726253200E-02   2.9404013681724839E-02   6.4064271165570142E-03   9.3453946439592914E-09   5.0447219471422312E-03   2.5275884808539299E+01 
      1      43    294     *ANK   5.01E+04  0.00  0.050   9.4720835726252811E-02   2.9404013681724815E-02   6.4064271165568979E-03   9.3453946439591442E-09   5.0447219471412789E-03   2.5275884808539153E+01 
      1      44    306     *ANK   2.50E+04  1.00  0.044   9.3683900050423555E-02   2.9510307504622729E-02   1.1900033924248016E-02   1.3305905926118610E-08   5.7500012680027895E-03   2.5172406908839307E+01 
      1      45    314      ANK   2.50E+04  1.00  0.048   6.9623099382488854E-02   2.1795932273091127E-02   7.1687306485191610E-03   1.0185018730231212E-08   4.7569972683715765E-03   1.8658411542639655E+01 
      1      46    323      ANK   2.50E+04  1.00  0.048   5.1034210656140708E-02   1.6750885499654561E-02   5.0786707520067949E-03   8.7277811563964563E-09   3.7354148968551043E-03   1.3736323061370163E+01 
      1      47    334      ANK   2.50E+04  1.00  0.047   3.7831728644349874E-02   1.3158271383034218E-02   3.6076483095205097E-03   8.2344604820648539E-09   3.0082287136198749E-03   1.0243299216147516E+01 
      1      48    364     *ANK   9.85E+04  0.00  0.045   3.7831728644337981E-02   1.3158271383034334E-02   3.6076483095204138E-03   8.2344604820644552E-09   3.0082287136354822E-03   1.0243299216144967E+01 
      1      49    377     *ANK   4.92E+04  1.00  0.049   3.6707296736964205E-02   1.2701271820288098E-02   6.5005049230133019E-03   1.0728914410666566E-08   2.3603927015315653E-03   1.0020869631590939E+01 
#--------------------------------------------------------------------------------------------------------------------------------------------------------------------------------------------------------------
#  Grid  | Iter | Iter |  Iter  |   CFL   | Step | Lin  |        Res rho         |        Res rhou        |        Res rhov        |        Res rhow        |        Res rhoE        |        totalRes        |
#  level |      | Tot  |  Type  |         |      | Res  |                        |                        |                        |                        |                        |                        |
#--------------------------------------------------------------------------------------------------------------------------------------------------------------------------------------------------------------
      1      50    390      ANK   4.92E+04  1.00  0.049   2.5572418224719867E-02   9.3297972876832044E-03   3.7509549693501764E-03   7.8601680528872693E-09   2.0914048928807605E-03   6.9994871927753994E+00 
      1      51    404      ANK   4.92E+04  1.00  0.041   1.8157359758236135E-02   7.1654435293044844E-03   2.2117000578722886E-03   6.2146236476675439E-09   1.5014595140438636E-03   5.0042204684762543E+00 
      1      52    419     *ANK   1.00E+05  1.00  0.047   1.6123931096807310E-02   6.3310861061356156E-03   2.8703747647311939E-03   7.7561060072202635E-09   1.2047374608888620E-03   4.4702199171253501E+00 
      1      53    433      ANK   1.00E+05  1.00  0.042   1.0597402937872123E-02   4.6085714655487876E-03   1.4067206316481229E-03   4.7590723325464052E-09   1.0221829026129763E-03   2.9682063713593374E+00 
      1      54    447      ANK   1.00E+05  1.00  0.046   7.4258106658793869E-03   3.5644775208506850E-03   7.9015742672790365E-04   3.0643565023827075E-09   8.0635654312911508E-04   2.1116924846609804E+00 
      1      55    458     *ANK   1.00E+05  1.00  0.049   5.5250567721412498E-03   2.7733083646640454E-03   5.7015245476473746E-04   1.8592002705841354E-09   5.9755499091235730E-04   1.5841380648722780E+00 
      1      56    468      ANK   1.00E+05  1.00  0.046   4.2794668447809665E-03   2.2045417491546168E-03   4.6137499521195811E-04   1.2124096578378978E-09   4.3875171459258582E-04   1.2333458736593252E+00 
      1      57    473      *NK     ----    1.00  0.247   7.5573653391613961E-04   5.3411845854997011E-04   4.8090983430720954E-04   2.1823275832676217E-09   6.8457444828008739E-04   3.1686336476193483E-01 
      1      58    492       NK     ----    1.00  0.142   8.9356435795393861E-05   6.5387393956982477E-05   1.0715488325969672E-04   3.0510047066563398E-10   1.2917537132394843E-04   5.1069808039097046E-02 
      1      59    534       NK     ----    1.00  0.048   7.6135258241123806E-06   6.6840074975344688E-06   2.5741772564874307E-05   8.8653514483690734E-11   1.5088947340044628E-05   8.0036014840053314E-03 
      1      60    560       NK     ----    1.00  0.048   1.2881551723297504E-06   9.6443740999222720E-07   2.6833032802678096E-06   3.4227135535058129E-12   2.2882087442145203E-06   9.8454303744010857E-04 
      1      61    603       NK     ----    1.00  0.031   5.7159968013361666E-07   6.4805227755900877E-08   2.7750603555666665E-06   1.5982387176957922E-12   1.0173924979968576E-06   7.6480624143750848E-04 
      1      62    606       NK     ----    1.00  0.167   1.8764462398719259E-07   5.7504174058293581E-08   5.3502513812594320E-07   4.2240543114634711E-13   3.2684748647859726E-07   1.6686304805404529E-04 
      1      63    609       NK     ----    1.00  0.273   1.4383233316693805E-07   5.1768953910218376E-08   8.8094455482647874E-08   4.4387297473995268E-14   2.4319804808016174E-07   7.6313407613238775E-05 
      1      64    613       NK     ----    1.00  0.313   4.3283697149142509E-08   4.4772514338612145E-08   4.0130252269026535E-08   1.6359891444580464E-14   6.0947025085625523E-08   2.4366084968753862E-05 
      1      65    641       NK     ----    1.00  0.170   1.2664187822977328E-08   8.2153857531129296E-09   8.1910899042234991E-09   9.0321638050132447E-14   1.5722804650971708E-08   5.9141168294587079E-06 
      1      66    667       NK     ----    1.00  0.101   1.0762950988585222E-09   1.2649027891873245E-09   9.6919996570945800E-10   1.1572395055722340E-14   1.3846845785889487E-09   6.0186435059402703E-07 
      1      67    717       NK     ----    1.00  0.024   4.7126567966263722E-11   3.1790186255976286E-11   4.8310864366123426E-11   1.2581869625223453E-14   8.7860048624819286E-11   2.9275121043868886E-08 
#
# Writing grid file(s):
#    output/flat_plate_heat_000_vol.cgns
# Grid file(s) written
#
#
# Writing volume solution file(s):
#    output/flat_plate_heat_000_vol.cgns
# Volume solution file(s) written
#
#
# Writing surface solution file(s):
#    output/flat_plate_heat_000_surf.cgns
# Surface solution file(s) written
#
#
# Writing tecplot surface file(s):
#    output/flat_plate_heat_000_surf.plt
# Tecplot surface file(s) written
#
+-------------------------------------------------+
|
| Solution Timings:
|
| Set AeroProblem Time          :      0.008 sec
| Solution Time                 :    142.604 sec
| Write Solution Time           :      0.141 sec
| Stability Parameter Time      :      0.000 sec
|
| Total Call Time               :    142.752 sec
+--------------------------------------------------+
-> Alpha... 0.000000 
+---------------------------------------------------+
|
| Function Timings:
|
| Function AeroProblem Time     :      0.005 sec
| Function Evaluation Time      :      0.000 sec
| User Function Evaluation Time :      0.000 sec
|
| Total Function Evaluation Time:      0.006 sec
+--------------------------------------------------+

 ADflow simulation complete!
flat_plate_heat_cd   : -1.251679e-06
flat_plate_heat_cdp  : -8.801563e-07
flat_plate_heat_cdv  : 1.827744e-06
flat_plate_heat_cl   : -3.836020e-06
